[0.807s] Invoking command in '/home/calafaker/Control-Formation/ws3/src/simulador': AMENT_PREFIX_PATH=/home/calafaker/Control-Formation/ws3/install/multi_robot_interfaces:${AMENT_PREFIX_PATH} CMAKE_PREFIX_PATH=/home/calafaker/Control-Formation/ws3/install/multi_robot_interfaces LD_LIBRARY_PATH=/home/calafaker/Control-Formation/ws3/install/multi_robot_interfaces/lib:${LD_LIBRARY_PATH} PYTHONPATH=/home/calafaker/Control-Formation/ws3/build/simulador/prefix_override:/usr/lib/python3/dist-packages/colcon_core/task/python/colcon_distutils_commands:/home/calafaker/Control-Formation/ws3/install/simulador/lib/python3.10/site-packages:/home/calafaker/Control-Formation/ws3/install/multi_robot_interfaces/local/lib/python3.10/dist-packages:${PYTHONPATH} /usr/bin/python3 -W ignore:setup.py install is deprecated -W ignore:easy_install command is deprecated setup.py egg_info --egg-base ../../build/simulador build --build-base /home/calafaker/Control-Formation/ws3/build/simulador/build install --record /home/calafaker/Control-Formation/ws3/build/simulador/install.log --single-version-externally-managed install_data
[0.982s] running egg_info
[0.983s] writing ../../build/simulador/simulador.egg-info/PKG-INFO
[0.983s] writing dependency_links to ../../build/simulador/simulador.egg-info/dependency_links.txt
[0.983s] writing entry points to ../../build/simulador/simulador.egg-info/entry_points.txt
[0.983s] writing requirements to ../../build/simulador/simulador.egg-info/requires.txt
[0.984s] writing top-level names to ../../build/simulador/simulador.egg-info/top_level.txt
[0.985s] reading manifest file '../../build/simulador/simulador.egg-info/SOURCES.txt'
[0.985s] writing manifest file '../../build/simulador/simulador.egg-info/SOURCES.txt'
[0.985s] running build
[0.985s] running build_py
[0.986s] running install
[0.986s] running install_lib
[0.987s] running install_data
[0.987s] copying launch/vs_formacion.launch.py -> /home/calafaker/Control-Formation/ws3/install/simulador/share/simulador/launch
[0.987s] running install_egg_info
[0.989s] removing '/home/calafaker/Control-Formation/ws3/install/simulador/lib/python3.10/site-packages/simulador-0.0.0-py3.10.egg-info' (and everything under it)
[0.989s] Copying ../../build/simulador/simulador.egg-info to /home/calafaker/Control-Formation/ws3/install/simulador/lib/python3.10/site-packages/simulador-0.0.0-py3.10.egg-info
[0.990s] running install_scripts
[1.005s] Installing aire script to /home/calafaker/Control-Formation/ws3/install/simulador/lib/simulador
[1.005s] Installing camera_zoom script to /home/calafaker/Control-Formation/ws3/install/simulador/lib/simulador
[1.005s] Installing gif_recorder script to /home/calafaker/Control-Formation/ws3/install/simulador/lib/simulador
[1.005s] Installing pva_plotter script to /home/calafaker/Control-Formation/ws3/install/simulador/lib/simulador
[1.005s] Installing sphere_demo script to /home/calafaker/Control-Formation/ws3/install/simulador/lib/simulador
[1.005s] Installing states_plotter_v2 script to /home/calafaker/Control-Formation/ws3/install/simulador/lib/simulador
[1.005s] Installing vs_node script to /home/calafaker/Control-Formation/ws3/install/simulador/lib/simulador
[1.005s] writing list of installed files to '/home/calafaker/Control-Formation/ws3/build/simulador/install.log'
[1.023s] Invoked command in '/home/calafaker/Control-Formation/ws3/src/simulador' returned '0': AMENT_PREFIX_PATH=/home/calafaker/Control-Formation/ws3/install/multi_robot_interfaces:${AMENT_PREFIX_PATH} CMAKE_PREFIX_PATH=/home/calafaker/Control-Formation/ws3/install/multi_robot_interfaces LD_LIBRARY_PATH=/home/calafaker/Control-Formation/ws3/install/multi_robot_interfaces/lib:${LD_LIBRARY_PATH} PYTHONPATH=/home/calafaker/Control-Formation/ws3/build/simulador/prefix_override:/usr/lib/python3/dist-packages/colcon_core/task/python/colcon_distutils_commands:/home/calafaker/Control-Formation/ws3/install/simulador/lib/python3.10/site-packages:/home/calafaker/Control-Formation/ws3/install/multi_robot_interfaces/local/lib/python3.10/dist-packages:${PYTHONPATH} /usr/bin/python3 -W ignore:setup.py install is deprecated -W ignore:easy_install command is deprecated setup.py egg_info --egg-base ../../build/simulador build --build-base /home/calafaker/Control-Formation/ws3/build/simulador/build install --record /home/calafaker/Control-Formation/ws3/build/simulador/install.log --single-version-externally-managed install_data
