/home/calafaker/Control-Formation/ws3/install/control_nodes/lib/python3.10/site-packages/control_nodes/__init__.py
/home/calafaker/Control-Formation/ws3/install/control_nodes/lib/python3.10/site-packages/control_nodes/distributed_controller.py
/home/calafaker/Control-Formation/ws3/install/control_nodes/lib/python3.10/site-packages/control_nodes/navigate_individual.py
/home/calafaker/Control-Formation/ws3/install/control_nodes/lib/python3.10/site-packages/control_nodes/consenso_prom_err_notR.py
/home/calafaker/Control-Formation/ws3/install/control_nodes/lib/python3.10/site-packages/control_nodes/algorithms/control_law.py
/home/calafaker/Control-Formation/ws3/install/control_nodes/lib/python3.10/site-packages/control_nodes/algorithms/__init__.py
/home/calafaker/Control-Formation/ws3/install/control_nodes/lib/python3.10/site-packages/control_nodes/algorithms/consensus_prom_err.py
/home/calafaker/Control-Formation/ws3/install/control_nodes/lib/python3.10/site-packages/control_nodes/algorithms/pva.py
/home/calafaker/Control-Formation/ws3/install/control_nodes/lib/python3.10/site-packages/control_nodes/__pycache__/__init__.cpython-310.pyc
/home/calafaker/Control-Formation/ws3/install/control_nodes/lib/python3.10/site-packages/control_nodes/__pycache__/distributed_controller.cpython-310.pyc
/home/calafaker/Control-Formation/ws3/install/control_nodes/lib/python3.10/site-packages/control_nodes/__pycache__/navigate_individual.cpython-310.pyc
/home/calafaker/Control-Formation/ws3/install/control_nodes/lib/python3.10/site-packages/control_nodes/__pycache__/consenso_prom_err_notR.cpython-310.pyc
/home/calafaker/Control-Formation/ws3/install/control_nodes/lib/python3.10/site-packages/control_nodes/algorithms/__pycache__/control_law.cpython-310.pyc
/home/calafaker/Control-Formation/ws3/install/control_nodes/lib/python3.10/site-packages/control_nodes/algorithms/__pycache__/__init__.cpython-310.pyc
/home/calafaker/Control-Formation/ws3/install/control_nodes/lib/python3.10/site-packages/control_nodes/algorithms/__pycache__/consensus_prom_err.cpython-310.pyc
/home/calafaker/Control-Formation/ws3/install/control_nodes/lib/python3.10/site-packages/control_nodes/algorithms/__pycache__/pva.cpython-310.pyc
/home/calafaker/Control-Formation/ws3/install/control_nodes/share/ament_index/resource_index/packages/control_nodes
/home/calafaker/Control-Formation/ws3/install/control_nodes/share/control_nodes/package.xml
/home/calafaker/Control-Formation/ws3/install/control_nodes/lib/python3.10/site-packages/control_nodes-0.0.0-py3.10.egg-info/requires.txt
/home/calafaker/Control-Formation/ws3/install/control_nodes/lib/python3.10/site-packages/control_nodes-0.0.0-py3.10.egg-info/zip-safe
/home/calafaker/Control-Formation/ws3/install/control_nodes/lib/python3.10/site-packages/control_nodes-0.0.0-py3.10.egg-info/top_level.txt
/home/calafaker/Control-Formation/ws3/install/control_nodes/lib/python3.10/site-packages/control_nodes-0.0.0-py3.10.egg-info/SOURCES.txt
/home/calafaker/Control-Formation/ws3/install/control_nodes/lib/python3.10/site-packages/control_nodes-0.0.0-py3.10.egg-info/entry_points.txt
/home/calafaker/Control-Formation/ws3/install/control_nodes/lib/python3.10/site-packages/control_nodes-0.0.0-py3.10.egg-info/dependency_links.txt
/home/calafaker/Control-Formation/ws3/install/control_nodes/lib/python3.10/site-packages/control_nodes-0.0.0-py3.10.egg-info/PKG-INFO
/home/calafaker/Control-Formation/ws3/install/control_nodes/lib/control_nodes/consenso_prom_err_notR
/home/calafaker/Control-Formation/ws3/install/control_nodes/lib/control_nodes/distributed_controller
/home/calafaker/Control-Formation/ws3/install/control_nodes/lib/control_nodes/navigate_individual
