[0.674s] Invoking command in '/home/calafaker/Control-Formation/ws3/build/control_nodes': PYTHONPATH=/home/calafaker/Control-Formation/ws3/build/control_nodes/prefix_override:/usr/lib/python3/dist-packages/colcon_core/task/python/colcon_distutils_commands:/home/calafaker/Control-Formation/ws3/install/control_nodes/lib/python3.10/site-packages:${PYTHONPATH} /usr/bin/python3 -W ignore:setup.py install is deprecated -W ignore:easy_install command is deprecated setup.py develop --editable --build-directory /home/calafaker/Control-Formation/ws3/build/control_nodes/build --no-deps symlink_data
[0.827s] running develop
[0.915s] running egg_info
[0.915s] writing control_nodes.egg-info/PKG-INFO
[0.916s] writing dependency_links to control_nodes.egg-info/dependency_links.txt
[0.916s] writing entry points to control_nodes.egg-info/entry_points.txt
[0.916s] writing requirements to control_nodes.egg-info/requires.txt
[0.916s] writing top-level names to control_nodes.egg-info/top_level.txt
[0.917s] reading manifest file 'control_nodes.egg-info/SOURCES.txt'
[0.918s] writing manifest file 'control_nodes.egg-info/SOURCES.txt'
[0.919s] running build_ext
[0.919s] Creating /home/calafaker/Control-Formation/ws3/install/control_nodes/lib/python3.10/site-packages/control-nodes.egg-link (link to .)
[0.920s] Installing aire script to /home/calafaker/Control-Formation/ws3/install/control_nodes/lib/control_nodes
[0.921s] Installing consenso_node script to /home/calafaker/Control-Formation/ws3/install/control_nodes/lib/control_nodes
[0.921s] Installing navigate_individual_pva script to /home/calafaker/Control-Formation/ws3/install/control_nodes/lib/control_nodes
[0.921s] Installing navigate_waypoints_pva script to /home/calafaker/Control-Formation/ws3/install/control_nodes/lib/control_nodes
[0.921s] 
[0.922s] Installed /home/calafaker/Control-Formation/ws3/build/control_nodes
[0.922s] running symlink_data
[0.937s] Invoked command in '/home/calafaker/Control-Formation/ws3/build/control_nodes' returned '0': PYTHONPATH=/home/calafaker/Control-Formation/ws3/build/control_nodes/prefix_override:/usr/lib/python3/dist-packages/colcon_core/task/python/colcon_distutils_commands:/home/calafaker/Control-Formation/ws3/install/control_nodes/lib/python3.10/site-packages:${PYTHONPATH} /usr/bin/python3 -W ignore:setup.py install is deprecated -W ignore:easy_install command is deprecated setup.py develop --editable --build-directory /home/calafaker/Control-Formation/ws3/build/control_nodes/build --no-deps symlink_data
