[0.536s] Invoking command in '/home/calafaker/Control-Formation/ws3/src/control_nodes': PYTHONPATH=/home/calafaker/Control-Formation/ws3/build/control_nodes/prefix_override:/usr/lib/python3/dist-packages/colcon_core/task/python/colcon_distutils_commands:/home/calafaker/Control-Formation/ws3/install/control_nodes/lib/python3.10/site-packages:${PYTHONPATH} /usr/bin/python3 -W ignore:setup.py install is deprecated -W ignore:easy_install command is deprecated setup.py egg_info --egg-base ../../build/control_nodes build --build-base /home/calafaker/Control-Formation/ws3/build/control_nodes/build install --record /home/calafaker/Control-Formation/ws3/build/control_nodes/install.log --single-version-externally-managed install_data
[0.685s] running egg_info
[0.685s] creating ../../build/control_nodes/control_nodes.egg-info
[0.686s] writing ../../build/control_nodes/control_nodes.egg-info/PKG-INFO
[0.686s] writing dependency_links to ../../build/control_nodes/control_nodes.egg-info/dependency_links.txt
[0.686s] writing entry points to ../../build/control_nodes/control_nodes.egg-info/entry_points.txt
[0.686s] writing requirements to ../../build/control_nodes/control_nodes.egg-info/requires.txt
[0.686s] writing top-level names to ../../build/control_nodes/control_nodes.egg-info/top_level.txt
[0.687s] writing manifest file '../../build/control_nodes/control_nodes.egg-info/SOURCES.txt'
[0.688s] reading manifest file '../../build/control_nodes/control_nodes.egg-info/SOURCES.txt'
[0.688s] writing manifest file '../../build/control_nodes/control_nodes.egg-info/SOURCES.txt'
[0.688s] running build
[0.688s] running build_py
[0.688s] creating /home/calafaker/Control-Formation/ws3/build/control_nodes/build
[0.688s] creating /home/calafaker/Control-Formation/ws3/build/control_nodes/build/lib
[0.688s] creating /home/calafaker/Control-Formation/ws3/build/control_nodes/build/lib/control_nodes
[0.689s] copying control_nodes/consenso_prom_err_R.py -> /home/calafaker/Control-Formation/ws3/build/control_nodes/build/lib/control_nodes
[0.689s] copying control_nodes/__init__.py -> /home/calafaker/Control-Formation/ws3/build/control_nodes/build/lib/control_nodes
[0.689s] copying control_nodes/distributed_controller.py -> /home/calafaker/Control-Formation/ws3/build/control_nodes/build/lib/control_nodes
[0.689s] copying control_nodes/navigate_individual.py -> /home/calafaker/Control-Formation/ws3/build/control_nodes/build/lib/control_nodes
[0.689s] copying control_nodes/consenso_prom_err_notR.py -> /home/calafaker/Control-Formation/ws3/build/control_nodes/build/lib/control_nodes
[0.689s] creating /home/calafaker/Control-Formation/ws3/build/control_nodes/build/lib/control_nodes/algorithms
[0.689s] copying control_nodes/algorithms/control_law.py -> /home/calafaker/Control-Formation/ws3/build/control_nodes/build/lib/control_nodes/algorithms
[0.689s] copying control_nodes/algorithms/__init__.py -> /home/calafaker/Control-Formation/ws3/build/control_nodes/build/lib/control_nodes/algorithms
[0.689s] copying control_nodes/algorithms/consensus_prom_err.py -> /home/calafaker/Control-Formation/ws3/build/control_nodes/build/lib/control_nodes/algorithms
[0.690s] copying control_nodes/algorithms/pva.py -> /home/calafaker/Control-Formation/ws3/build/control_nodes/build/lib/control_nodes/algorithms
[0.690s] running install
[0.690s] running install_lib
[0.691s] creating /home/calafaker/Control-Formation/ws3/install/control_nodes/lib/python3.10/site-packages/control_nodes
[0.691s] copying /home/calafaker/Control-Formation/ws3/build/control_nodes/build/lib/control_nodes/consenso_prom_err_R.py -> /home/calafaker/Control-Formation/ws3/install/control_nodes/lib/python3.10/site-packages/control_nodes
[0.691s] copying /home/calafaker/Control-Formation/ws3/build/control_nodes/build/lib/control_nodes/__init__.py -> /home/calafaker/Control-Formation/ws3/install/control_nodes/lib/python3.10/site-packages/control_nodes
[0.691s] copying /home/calafaker/Control-Formation/ws3/build/control_nodes/build/lib/control_nodes/distributed_controller.py -> /home/calafaker/Control-Formation/ws3/install/control_nodes/lib/python3.10/site-packages/control_nodes
[0.691s] creating /home/calafaker/Control-Formation/ws3/install/control_nodes/lib/python3.10/site-packages/control_nodes/algorithms
[0.691s] copying /home/calafaker/Control-Formation/ws3/build/control_nodes/build/lib/control_nodes/algorithms/control_law.py -> /home/calafaker/Control-Formation/ws3/install/control_nodes/lib/python3.10/site-packages/control_nodes/algorithms
[0.691s] copying /home/calafaker/Control-Formation/ws3/build/control_nodes/build/lib/control_nodes/algorithms/__init__.py -> /home/calafaker/Control-Formation/ws3/install/control_nodes/lib/python3.10/site-packages/control_nodes/algorithms
[0.691s] copying /home/calafaker/Control-Formation/ws3/build/control_nodes/build/lib/control_nodes/algorithms/consensus_prom_err.py -> /home/calafaker/Control-Formation/ws3/install/control_nodes/lib/python3.10/site-packages/control_nodes/algorithms
[0.691s] copying /home/calafaker/Control-Formation/ws3/build/control_nodes/build/lib/control_nodes/algorithms/pva.py -> /home/calafaker/Control-Formation/ws3/install/control_nodes/lib/python3.10/site-packages/control_nodes/algorithms
[0.692s] copying /home/calafaker/Control-Formation/ws3/build/control_nodes/build/lib/control_nodes/navigate_individual.py -> /home/calafaker/Control-Formation/ws3/install/control_nodes/lib/python3.10/site-packages/control_nodes
[0.692s] copying /home/calafaker/Control-Formation/ws3/build/control_nodes/build/lib/control_nodes/consenso_prom_err_notR.py -> /home/calafaker/Control-Formation/ws3/install/control_nodes/lib/python3.10/site-packages/control_nodes
[0.692s] byte-compiling /home/calafaker/Control-Formation/ws3/install/control_nodes/lib/python3.10/site-packages/control_nodes/consenso_prom_err_R.py to consenso_prom_err_R.cpython-310.pyc
[0.693s] byte-compiling /home/calafaker/Control-Formation/ws3/install/control_nodes/lib/python3.10/site-packages/control_nodes/__init__.py to __init__.cpython-310.pyc
[0.693s] byte-compiling /home/calafaker/Control-Formation/ws3/install/control_nodes/lib/python3.10/site-packages/control_nodes/distributed_controller.py to distributed_controller.cpython-310.pyc
[0.693s] byte-compiling /home/calafaker/Control-Formation/ws3/install/control_nodes/lib/python3.10/site-packages/control_nodes/algorithms/control_law.py to control_law.cpython-310.pyc
[0.694s] byte-compiling /home/calafaker/Control-Formation/ws3/install/control_nodes/lib/python3.10/site-packages/control_nodes/algorithms/__init__.py to __init__.cpython-310.pyc
[0.694s] byte-compiling /home/calafaker/Control-Formation/ws3/install/control_nodes/lib/python3.10/site-packages/control_nodes/algorithms/consensus_prom_err.py to consensus_prom_err.cpython-310.pyc
[0.694s] byte-compiling /home/calafaker/Control-Formation/ws3/install/control_nodes/lib/python3.10/site-packages/control_nodes/algorithms/pva.py to pva.cpython-310.pyc
[0.694s] byte-compiling /home/calafaker/Control-Formation/ws3/install/control_nodes/lib/python3.10/site-packages/control_nodes/navigate_individual.py to navigate_individual.cpython-310.pyc
[0.695s] byte-compiling /home/calafaker/Control-Formation/ws3/install/control_nodes/lib/python3.10/site-packages/control_nodes/consenso_prom_err_notR.py to consenso_prom_err_notR.cpython-310.pyc
[0.695s] running install_data
[0.695s] creating /home/calafaker/Control-Formation/ws3/install/control_nodes/share/ament_index
[0.695s] creating /home/calafaker/Control-Formation/ws3/install/control_nodes/share/ament_index/resource_index
[0.695s] creating /home/calafaker/Control-Formation/ws3/install/control_nodes/share/ament_index/resource_index/packages
[0.696s] copying resource/control_nodes -> /home/calafaker/Control-Formation/ws3/install/control_nodes/share/ament_index/resource_index/packages
[0.696s] copying package.xml -> /home/calafaker/Control-Formation/ws3/install/control_nodes/share/control_nodes
[0.696s] running install_egg_info
[0.697s] Copying ../../build/control_nodes/control_nodes.egg-info to /home/calafaker/Control-Formation/ws3/install/control_nodes/lib/python3.10/site-packages/control_nodes-0.0.0-py3.10.egg-info
[0.698s] running install_scripts
[0.712s] Installing consenso_prom_err_R script to /home/calafaker/Control-Formation/ws3/install/control_nodes/lib/control_nodes
[0.712s] Installing consenso_prom_err_notR script to /home/calafaker/Control-Formation/ws3/install/control_nodes/lib/control_nodes
[0.713s] Installing distributed_controller script to /home/calafaker/Control-Formation/ws3/install/control_nodes/lib/control_nodes
[0.713s] Installing navigate_individual script to /home/calafaker/Control-Formation/ws3/install/control_nodes/lib/control_nodes
[0.713s] writing list of installed files to '/home/calafaker/Control-Formation/ws3/build/control_nodes/install.log'
[0.730s] Invoked command in '/home/calafaker/Control-Formation/ws3/src/control_nodes' returned '0': PYTHONPATH=/home/calafaker/Control-Formation/ws3/build/control_nodes/prefix_override:/usr/lib/python3/dist-packages/colcon_core/task/python/colcon_distutils_commands:/home/calafaker/Control-Formation/ws3/install/control_nodes/lib/python3.10/site-packages:${PYTHONPATH} /usr/bin/python3 -W ignore:setup.py install is deprecated -W ignore:easy_install command is deprecated setup.py egg_info --egg-base ../../build/control_nodes build --build-base /home/calafaker/Control-Formation/ws3/build/control_nodes/build install --record /home/calafaker/Control-Formation/ws3/build/control_nodes/install.log --single-version-externally-managed install_data
