[0.788s] Invoking command in '/home/calafaker/Control-Formation/ws3/src/simulador': PYTHONPATH=/home/calafaker/Control-Formation/ws3/build/simulador/prefix_override:/usr/lib/python3/dist-packages/colcon_core/task/python/colcon_distutils_commands:/home/calafaker/Control-Formation/ws3/install/simulador/lib/python3.10/site-packages:${PYTHONPATH} /usr/bin/python3 -W ignore:setup.py install is deprecated -W ignore:easy_install command is deprecated setup.py egg_info --egg-base ../../build/simulador build --build-base /home/calafaker/Control-Formation/ws3/build/simulador/build install --record /home/calafaker/Control-Formation/ws3/build/simulador/install.log --single-version-externally-managed install_data
[0.999s] running egg_info
[1.000s] writing ../../build/simulador/simulador.egg-info/PKG-INFO
[1.000s] writing dependency_links to ../../build/simulador/simulador.egg-info/dependency_links.txt
[1.000s] writing entry points to ../../build/simulador/simulador.egg-info/entry_points.txt
[1.001s] writing requirements to ../../build/simulador/simulador.egg-info/requires.txt
[1.001s] writing top-level names to ../../build/simulador/simulador.egg-info/top_level.txt
[1.003s] reading manifest file '../../build/simulador/simulador.egg-info/SOURCES.txt'
[1.003s] writing manifest file '../../build/simulador/simulador.egg-info/SOURCES.txt'
[1.003s] running build
[1.003s] running build_py
[1.004s] running install
[1.004s] running install_lib
[1.005s] running install_data
[1.005s] copying launch/consenso_prom_3x3.launch.py -> /home/calafaker/Control-Formation/ws3/install/simulador/share/simulador/launch
[1.005s] running install_egg_info
[1.007s] removing '/home/calafaker/Control-Formation/ws3/install/simulador/lib/python3.10/site-packages/simulador-0.0.0-py3.10.egg-info' (and everything under it)
[1.007s] Copying ../../build/simulador/simulador.egg-info to /home/calafaker/Control-Formation/ws3/install/simulador/lib/python3.10/site-packages/simulador-0.0.0-py3.10.egg-info
[1.008s] running install_scripts
[1.030s] Installing aire script to /home/calafaker/Control-Formation/ws3/install/simulador/lib/simulador
[1.030s] Installing pva_plotter script to /home/calafaker/Control-Formation/ws3/install/simulador/lib/simulador
[1.030s] Installing states_plotter script to /home/calafaker/Control-Formation/ws3/install/simulador/lib/simulador
[1.030s] Installing states_plotter_v2 script to /home/calafaker/Control-Formation/ws3/install/simulador/lib/simulador
[1.031s] writing list of installed files to '/home/calafaker/Control-Formation/ws3/build/simulador/install.log'
[1.059s] Invoked command in '/home/calafaker/Control-Formation/ws3/src/simulador' returned '0': PYTHONPATH=/home/calafaker/Control-Formation/ws3/build/simulador/prefix_override:/usr/lib/python3/dist-packages/colcon_core/task/python/colcon_distutils_commands:/home/calafaker/Control-Formation/ws3/install/simulador/lib/python3.10/site-packages:${PYTHONPATH} /usr/bin/python3 -W ignore:setup.py install is deprecated -W ignore:easy_install command is deprecated setup.py egg_info --egg-base ../../build/simulador build --build-base /home/calafaker/Control-Formation/ws3/build/simulador/build install --record /home/calafaker/Control-Formation/ws3/build/simulador/install.log --single-version-externally-managed install_data
