[0.019s] Invoking command in '/home/calafaker/Control-Formation/ws/build/articubot_one': CMAKE_PREFIX_PATH=${CMAKE_PREFIX_PATH}:/home/calafaker/Control-Formation/ws/install/control_algorithms:/home/calafaker/Control-Formation/ws/install/simulation_pkg:/opt/ros/humble /usr/bin/cmake --build /home/calafaker/Control-Formation/ws/build/articubot_one -- -j16 -l16
[0.213s] Invoked command in '/home/calafaker/Control-Formation/ws/build/articubot_one' returned '0': CMAKE_PREFIX_PATH=${CMAKE_PREFIX_PATH}:/home/calafaker/Control-Formation/ws/install/control_algorithms:/home/calafaker/Control-Formation/ws/install/simulation_pkg:/opt/ros/humble /usr/bin/cmake --build /home/calafaker/Control-Formation/ws/build/articubot_one -- -j16 -l16
[0.221s] Invoking command in '/home/calafaker/Control-Formation/ws/build/articubot_one': CMAKE_PREFIX_PATH=${CMAKE_PREFIX_PATH}:/home/calafaker/Control-Formation/ws/install/control_algorithms:/home/calafaker/Control-Formation/ws/install/simulation_pkg:/opt/ros/humble /usr/bin/cmake --install /home/calafaker/Control-Formation/ws/build/articubot_one
[0.412s] -- Install configuration: ""
[0.413s] -- Execute custom install script
[0.413s] -- Up-to-date symlink: /home/calafaker/Control-Formation/ws/install/articubot_one/share/articubot_one/launch/launch_sim.launch.py
[0.413s] -- Up-to-date symlink: /home/calafaker/Control-Formation/ws/install/articubot_one/share/articubot_one/launch/multi_robot.launch.py
[0.413s] -- Up-to-date symlink: /home/calafaker/Control-Formation/ws/install/articubot_one/share/articubot_one/launch/rsp.launch.py
[0.413s] -- Up-to-date symlink: /home/calafaker/Control-Formation/ws/install/articubot_one/share/articubot_one/description/gazebo_control.xacro
[0.413s] -- Up-to-date symlink: /home/calafaker/Control-Formation/ws/install/articubot_one/share/articubot_one/description/inertial_macros.xacro
[0.413s] -- Up-to-date symlink: /home/calafaker/Control-Formation/ws/install/articubot_one/share/articubot_one/description/lidar.xacro
[0.413s] -- Up-to-date symlink: /home/calafaker/Control-Formation/ws/install/articubot_one/share/articubot_one/description/robot.urdf.xacro
[0.414s] -- Up-to-date symlink: /home/calafaker/Control-Formation/ws/install/articubot_one/share/articubot_one/description/robot_core.xacro
[0.414s] -- Up-to-date symlink: /home/calafaker/Control-Formation/ws/install/articubot_one/share/ament_index/resource_index/package_run_dependencies/articubot_one
[0.414s] -- Up-to-date symlink: /home/calafaker/Control-Formation/ws/install/articubot_one/share/ament_index/resource_index/parent_prefix_path/articubot_one
[0.414s] -- Up-to-date symlink: /home/calafaker/Control-Formation/ws/install/articubot_one/share/articubot_one/environment/ament_prefix_path.sh
[0.414s] -- Up-to-date symlink: /home/calafaker/Control-Formation/ws/install/articubot_one/share/articubot_one/environment/ament_prefix_path.dsv
[0.414s] -- Up-to-date symlink: /home/calafaker/Control-Formation/ws/install/articubot_one/share/articubot_one/environment/path.sh
[0.415s] -- Up-to-date symlink: /home/calafaker/Control-Formation/ws/install/articubot_one/share/articubot_one/environment/path.dsv
[0.415s] -- Up-to-date symlink: /home/calafaker/Control-Formation/ws/install/articubot_one/share/articubot_one/local_setup.bash
[0.416s] -- Up-to-date symlink: /home/calafaker/Control-Formation/ws/install/articubot_one/share/articubot_one/local_setup.sh
[0.417s] -- Up-to-date symlink: /home/calafaker/Control-Formation/ws/install/articubot_one/share/articubot_one/local_setup.zsh
[0.418s] -- Up-to-date symlink: /home/calafaker/Control-Formation/ws/install/articubot_one/share/articubot_one/local_setup.dsv
[0.418s] -- Symlinking: /home/calafaker/Control-Formation/ws/install/articubot_one/share/articubot_one/package.dsv
[0.418s] -- Up-to-date symlink: /home/calafaker/Control-Formation/ws/install/articubot_one/share/ament_index/resource_index/packages/articubot_one
[0.419s] -- Up-to-date symlink: /home/calafaker/Control-Formation/ws/install/articubot_one/share/articubot_one/cmake/articubot_oneConfig.cmake
[0.419s] -- Up-to-date symlink: /home/calafaker/Control-Formation/ws/install/articubot_one/share/articubot_one/cmake/articubot_oneConfig-version.cmake
[0.419s] -- Up-to-date symlink: /home/calafaker/Control-Formation/ws/install/articubot_one/share/articubot_one/package.xml
[0.421s] Invoked command in '/home/calafaker/Control-Formation/ws/build/articubot_one' returned '0': CMAKE_PREFIX_PATH=${CMAKE_PREFIX_PATH}:/home/calafaker/Control-Formation/ws/install/control_algorithms:/home/calafaker/Control-Formation/ws/install/simulation_pkg:/opt/ros/humble /usr/bin/cmake --install /home/calafaker/Control-Formation/ws/build/articubot_one
