[0.774s] Invoking command in '/home/calafaker/Control-Formation/ws3/src/simulador': PYTHONPATH=/home/calafaker/Control-Formation/ws3/build/simulador/prefix_override:/usr/lib/python3/dist-packages/colcon_core/task/python/colcon_distutils_commands:/home/calafaker/Control-Formation/ws3/install/simulador/lib/python3.10/site-packages:${PYTHONPATH} /usr/bin/python3 -W ignore:setup.py install is deprecated -W ignore:easy_install command is deprecated setup.py egg_info --egg-base ../../build/simulador build --build-base /home/calafaker/Control-Formation/ws3/build/simulador/build install --record /home/calafaker/Control-Formation/ws3/build/simulador/install.log --single-version-externally-managed install_data
[0.932s] running egg_info
[0.932s] writing ../../build/simulador/simulador.egg-info/PKG-INFO
[0.933s] writing dependency_links to ../../build/simulador/simulador.egg-info/dependency_links.txt
[0.933s] writing entry points to ../../build/simulador/simulador.egg-info/entry_points.txt
[0.933s] writing requirements to ../../build/simulador/simulador.egg-info/requires.txt
[0.933s] writing top-level names to ../../build/simulador/simulador.egg-info/top_level.txt
[0.935s] reading manifest file '../../build/simulador/simulador.egg-info/SOURCES.txt'
[0.935s] writing manifest file '../../build/simulador/simulador.egg-info/SOURCES.txt'
[0.935s] running build
[0.935s] running build_py
[0.936s] running install
[0.936s] running install_lib
[0.937s] running install_data
[0.937s] copying launch/consenso_lider.launch.py -> /home/calafaker/Control-Formation/ws3/install/simulador/share/simulador/launch
[0.938s] running install_egg_info
[0.939s] removing '/home/calafaker/Control-Formation/ws3/install/simulador/lib/python3.10/site-packages/simulador-0.0.0-py3.10.egg-info' (and everything under it)
[0.939s] Copying ../../build/simulador/simulador.egg-info to /home/calafaker/Control-Formation/ws3/install/simulador/lib/python3.10/site-packages/simulador-0.0.0-py3.10.egg-info
[0.940s] running install_scripts
[0.956s] Installing aire script to /home/calafaker/Control-Formation/ws3/install/simulador/lib/simulador
[0.956s] Installing pva_plotter script to /home/calafaker/Control-Formation/ws3/install/simulador/lib/simulador
[0.956s] Installing states_plotter script to /home/calafaker/Control-Formation/ws3/install/simulador/lib/simulador
[0.956s] Installing states_plotter_v2 script to /home/calafaker/Control-Formation/ws3/install/simulador/lib/simulador
[0.957s] writing list of installed files to '/home/calafaker/Control-Formation/ws3/build/simulador/install.log'
[0.976s] Invoked command in '/home/calafaker/Control-Formation/ws3/src/simulador' returned '0': PYTHONPATH=/home/calafaker/Control-Formation/ws3/build/simulador/prefix_override:/usr/lib/python3/dist-packages/colcon_core/task/python/colcon_distutils_commands:/home/calafaker/Control-Formation/ws3/install/simulador/lib/python3.10/site-packages:${PYTHONPATH} /usr/bin/python3 -W ignore:setup.py install is deprecated -W ignore:easy_install command is deprecated setup.py egg_info --egg-base ../../build/simulador build --build-base /home/calafaker/Control-Formation/ws3/build/simulador/build install --record /home/calafaker/Control-Formation/ws3/build/simulador/install.log --single-version-externally-managed install_data
