[0.890s] Invoking command in '/home/calafaker/Control-Formation/ws3/src/control_nodes': PYTHONPATH=/home/calafaker/Control-Formation/ws3/build/control_nodes/prefix_override:/usr/lib/python3/dist-packages/colcon_core/task/python/colcon_distutils_commands:/home/calafaker/Control-Formation/ws3/install/control_nodes/lib/python3.10/site-packages:${PYTHONPATH} /usr/bin/python3 -W ignore:setup.py install is deprecated -W ignore:easy_install command is deprecated setup.py egg_info --egg-base ../../build/control_nodes build --build-base /home/calafaker/Control-Formation/ws3/build/control_nodes/build install --record /home/calafaker/Control-Formation/ws3/build/control_nodes/install.log --single-version-externally-managed install_data
[1.059s] running egg_info
[1.060s] writing ../../build/control_nodes/control_nodes.egg-info/PKG-INFO
[1.061s] writing dependency_links to ../../build/control_nodes/control_nodes.egg-info/dependency_links.txt
[1.061s] writing entry points to ../../build/control_nodes/control_nodes.egg-info/entry_points.txt
[1.061s] writing requirements to ../../build/control_nodes/control_nodes.egg-info/requires.txt
[1.061s] writing top-level names to ../../build/control_nodes/control_nodes.egg-info/top_level.txt
[1.062s] reading manifest file '../../build/control_nodes/control_nodes.egg-info/SOURCES.txt'
[1.064s] writing manifest file '../../build/control_nodes/control_nodes.egg-info/SOURCES.txt'
[1.064s] running build
[1.064s] running build_py
[1.065s] running install
[1.065s] running install_lib
[1.068s] running install_data
[1.068s] running install_egg_info
[1.069s] removing '/home/calafaker/Control-Formation/ws3/install/control_nodes/lib/python3.10/site-packages/control_nodes-0.0.0-py3.10.egg-info' (and everything under it)
[1.069s] Copying ../../build/control_nodes/control_nodes.egg-info to /home/calafaker/Control-Formation/ws3/install/control_nodes/lib/python3.10/site-packages/control_nodes-0.0.0-py3.10.egg-info
[1.071s] running install_scripts
[1.086s] Installing aire script to /home/calafaker/Control-Formation/ws3/install/control_nodes/lib/control_nodes
[1.087s] Installing consenso_node script to /home/calafaker/Control-Formation/ws3/install/control_nodes/lib/control_nodes
[1.087s] Installing navigate_individual_pva script to /home/calafaker/Control-Formation/ws3/install/control_nodes/lib/control_nodes
[1.087s] Installing navigate_waypoints_pva script to /home/calafaker/Control-Formation/ws3/install/control_nodes/lib/control_nodes
[1.087s] writing list of installed files to '/home/calafaker/Control-Formation/ws3/build/control_nodes/install.log'
[1.107s] Invoked command in '/home/calafaker/Control-Formation/ws3/src/control_nodes' returned '0': PYTHONPATH=/home/calafaker/Control-Formation/ws3/build/control_nodes/prefix_override:/usr/lib/python3/dist-packages/colcon_core/task/python/colcon_distutils_commands:/home/calafaker/Control-Formation/ws3/install/control_nodes/lib/python3.10/site-packages:${PYTHONPATH} /usr/bin/python3 -W ignore:setup.py install is deprecated -W ignore:easy_install command is deprecated setup.py egg_info --egg-base ../../build/control_nodes build --build-base /home/calafaker/Control-Formation/ws3/build/control_nodes/build install --record /home/calafaker/Control-Formation/ws3/build/control_nodes/install.log --single-version-externally-managed install_data
