[0.016s] Invoking command in '/home/calafaker/Control-Formation/ws3/build/multi_robot_interfaces': CMAKE_PREFIX_PATH=${CMAKE_PREFIX_PATH}:/home/calafaker/Control-Formation/ws3/install/simulador:/home/calafaker/Control-Formation/ws3/install/control_nodes:/opt/ros/humble /usr/bin/cmake --build /home/calafaker/Control-Formation/ws3/build/multi_robot_interfaces -- -j16 -l16
[0.102s] [  2%] Built target multi_robot_interfaces__cpp
[0.103s] [ 12%] Built target multi_robot_interfaces__rosidl_generator_c
[0.119s] [ 12%] Built target ament_cmake_python_copy_multi_robot_interfaces
[0.127s] [ 23%] Built target multi_robot_interfaces__rosidl_typesupport_introspection_c
[0.128s] [ 38%] Built target multi_robot_interfaces__rosidl_typesupport_fastrtps_cpp
[0.128s] [ 43%] Built target multi_robot_interfaces__rosidl_typesupport_cpp
[0.129s] [ 53%] Built target multi_robot_interfaces__rosidl_typesupport_introspection_cpp
[0.129s] [ 64%] Built target multi_robot_interfaces__rosidl_typesupport_c
[0.129s] [ 74%] Built target multi_robot_interfaces__rosidl_typesupport_fastrtps_c
[0.148s] [ 74%] Built target multi_robot_interfaces
[0.166s] [ 76%] Built target multi_robot_interfaces__py
[0.185s] [ 84%] Built target multi_robot_interfaces__rosidl_generator_py
[0.205s] [100%] Built target multi_robot_interfaces__rosidl_typesupport_introspection_c__pyext
[0.205s] [100%] Built target multi_robot_interfaces__rosidl_typesupport_c__pyext
[0.205s] [100%] Built target multi_robot_interfaces__rosidl_typesupport_fastrtps_c__pyext
[0.303s] running egg_info
[0.304s] writing multi_robot_interfaces.egg-info/PKG-INFO
[0.304s] writing dependency_links to multi_robot_interfaces.egg-info/dependency_links.txt
[0.304s] writing top-level names to multi_robot_interfaces.egg-info/top_level.txt
[0.306s] reading manifest file 'multi_robot_interfaces.egg-info/SOURCES.txt'
[0.307s] writing manifest file 'multi_robot_interfaces.egg-info/SOURCES.txt'
[0.327s] [100%] Built target ament_cmake_python_build_multi_robot_interfaces_egg
[0.337s] Invoked command in '/home/calafaker/Control-Formation/ws3/build/multi_robot_interfaces' returned '0': CMAKE_PREFIX_PATH=${CMAKE_PREFIX_PATH}:/home/calafaker/Control-Formation/ws3/install/simulador:/home/calafaker/Control-Formation/ws3/install/control_nodes:/opt/ros/humble /usr/bin/cmake --build /home/calafaker/Control-Formation/ws3/build/multi_robot_interfaces -- -j16 -l16
[0.339s] Invoking command in '/home/calafaker/Control-Formation/ws3/build/multi_robot_interfaces': CMAKE_PREFIX_PATH=${CMAKE_PREFIX_PATH}:/home/calafaker/Control-Formation/ws3/install/simulador:/home/calafaker/Control-Formation/ws3/install/control_nodes:/opt/ros/humble /usr/bin/cmake --install /home/calafaker/Control-Formation/ws3/build/multi_robot_interfaces
[0.345s] -- Install configuration: ""
[0.345s] -- Up-to-date: /home/calafaker/Control-Formation/ws3/install/multi_robot_interfaces/share/ament_index/resource_index/rosidl_interfaces/multi_robot_interfaces
[0.345s] -- Up-to-date: /home/calafaker/Control-Formation/ws3/install/multi_robot_interfaces/include/multi_robot_interfaces/multi_robot_interfaces
[0.346s] -- Up-to-date: /home/calafaker/Control-Formation/ws3/install/multi_robot_interfaces/include/multi_robot_interfaces/multi_robot_interfaces/msg
[0.346s] -- Up-to-date: /home/calafaker/Control-Formation/ws3/install/multi_robot_interfaces/include/multi_robot_interfaces/multi_robot_interfaces/msg/rosidl_generator_c__visibility_control.h
[0.346s] -- Up-to-date: /home/calafaker/Control-Formation/ws3/install/multi_robot_interfaces/include/multi_robot_interfaces/multi_robot_interfaces/msg/robot_state.h
[0.346s] -- Up-to-date: /home/calafaker/Control-Formation/ws3/install/multi_robot_interfaces/include/multi_robot_interfaces/multi_robot_interfaces/msg/pva_constraints.h
[0.346s] -- Up-to-date: /home/calafaker/Control-Formation/ws3/install/multi_robot_interfaces/include/multi_robot_interfaces/multi_robot_interfaces/msg/detail
[0.346s] -- Up-to-date: /home/calafaker/Control-Formation/ws3/install/multi_robot_interfaces/include/multi_robot_interfaces/multi_robot_interfaces/msg/detail/pva_constraints__type_support.h
[0.346s] -- Up-to-date: /home/calafaker/Control-Formation/ws3/install/multi_robot_interfaces/include/multi_robot_interfaces/multi_robot_interfaces/msg/detail/robot_state__struct.h
[0.346s] -- Up-to-date: /home/calafaker/Control-Formation/ws3/install/multi_robot_interfaces/include/multi_robot_interfaces/multi_robot_interfaces/msg/detail/pva_constraints__functions.c
[0.346s] -- Up-to-date: /home/calafaker/Control-Formation/ws3/install/multi_robot_interfaces/include/multi_robot_interfaces/multi_robot_interfaces/msg/detail/robot_state__functions.c
[0.347s] -- Up-to-date: /home/calafaker/Control-Formation/ws3/install/multi_robot_interfaces/include/multi_robot_interfaces/multi_robot_interfaces/msg/detail/robot_state__functions.h
[0.347s] -- Up-to-date: /home/calafaker/Control-Formation/ws3/install/multi_robot_interfaces/include/multi_robot_interfaces/multi_robot_interfaces/msg/detail/robot_state__type_support.h
[0.347s] -- Up-to-date: /home/calafaker/Control-Formation/ws3/install/multi_robot_interfaces/include/multi_robot_interfaces/multi_robot_interfaces/msg/detail/pva_constraints__functions.h
[0.347s] -- Up-to-date: /home/calafaker/Control-Formation/ws3/install/multi_robot_interfaces/include/multi_robot_interfaces/multi_robot_interfaces/msg/detail/pva_constraints__struct.h
[0.347s] -- Up-to-date: /home/calafaker/Control-Formation/ws3/install/multi_robot_interfaces/share/multi_robot_interfaces/environment/library_path.sh
[0.347s] -- Up-to-date: /home/calafaker/Control-Formation/ws3/install/multi_robot_interfaces/share/multi_robot_interfaces/environment/library_path.dsv
[0.347s] -- Up-to-date: /home/calafaker/Control-Formation/ws3/install/multi_robot_interfaces/lib/libmulti_robot_interfaces__rosidl_generator_c.so
[0.348s] -- Up-to-date: /home/calafaker/Control-Formation/ws3/install/multi_robot_interfaces/include/multi_robot_interfaces/multi_robot_interfaces
[0.348s] -- Up-to-date: /home/calafaker/Control-Formation/ws3/install/multi_robot_interfaces/include/multi_robot_interfaces/multi_robot_interfaces/msg
[0.348s] -- Up-to-date: /home/calafaker/Control-Formation/ws3/install/multi_robot_interfaces/include/multi_robot_interfaces/multi_robot_interfaces/msg/rosidl_typesupport_fastrtps_c__visibility_control.h
[0.348s] -- Up-to-date: /home/calafaker/Control-Formation/ws3/install/multi_robot_interfaces/include/multi_robot_interfaces/multi_robot_interfaces/msg/detail
[0.348s] -- Up-to-date: /home/calafaker/Control-Formation/ws3/install/multi_robot_interfaces/include/multi_robot_interfaces/multi_robot_interfaces/msg/detail/robot_state__rosidl_typesupport_fastrtps_c.h
[0.348s] -- Up-to-date: /home/calafaker/Control-Formation/ws3/install/multi_robot_interfaces/include/multi_robot_interfaces/multi_robot_interfaces/msg/detail/pva_constraints__rosidl_typesupport_fastrtps_c.h
[0.349s] -- Up-to-date: /home/calafaker/Control-Formation/ws3/install/multi_robot_interfaces/lib/libmulti_robot_interfaces__rosidl_typesupport_fastrtps_c.so
[0.349s] -- Up-to-date: /home/calafaker/Control-Formation/ws3/install/multi_robot_interfaces/include/multi_robot_interfaces/multi_robot_interfaces
[0.349s] -- Up-to-date: /home/calafaker/Control-Formation/ws3/install/multi_robot_interfaces/include/multi_robot_interfaces/multi_robot_interfaces/msg
[0.349s] -- Up-to-date: /home/calafaker/Control-Formation/ws3/install/multi_robot_interfaces/include/multi_robot_interfaces/multi_robot_interfaces/msg/rosidl_typesupport_introspection_c__visibility_control.h
[0.349s] -- Up-to-date: /home/calafaker/Control-Formation/ws3/install/multi_robot_interfaces/include/multi_robot_interfaces/multi_robot_interfaces/msg/detail
[0.350s] -- Up-to-date: /home/calafaker/Control-Formation/ws3/install/multi_robot_interfaces/include/multi_robot_interfaces/multi_robot_interfaces/msg/detail/pva_constraints__type_support.c
[0.350s] -- Up-to-date: /home/calafaker/Control-Formation/ws3/install/multi_robot_interfaces/include/multi_robot_interfaces/multi_robot_interfaces/msg/detail/robot_state__type_support.c
[0.350s] -- Up-to-date: /home/calafaker/Control-Formation/ws3/install/multi_robot_interfaces/include/multi_robot_interfaces/multi_robot_interfaces/msg/detail/robot_state__rosidl_typesupport_introspection_c.h
[0.350s] -- Up-to-date: /home/calafaker/Control-Formation/ws3/install/multi_robot_interfaces/include/multi_robot_interfaces/multi_robot_interfaces/msg/detail/pva_constraints__rosidl_typesupport_introspection_c.h
[0.351s] -- Up-to-date: /home/calafaker/Control-Formation/ws3/install/multi_robot_interfaces/lib/libmulti_robot_interfaces__rosidl_typesupport_introspection_c.so
[0.351s] -- Up-to-date: /home/calafaker/Control-Formation/ws3/install/multi_robot_interfaces/lib/libmulti_robot_interfaces__rosidl_typesupport_c.so
[0.351s] -- Up-to-date: /home/calafaker/Control-Formation/ws3/install/multi_robot_interfaces/include/multi_robot_interfaces/multi_robot_interfaces
[0.351s] -- Up-to-date: /home/calafaker/Control-Formation/ws3/install/multi_robot_interfaces/include/multi_robot_interfaces/multi_robot_interfaces/msg
[0.351s] -- Up-to-date: /home/calafaker/Control-Formation/ws3/install/multi_robot_interfaces/include/multi_robot_interfaces/multi_robot_interfaces/msg/rosidl_generator_cpp__visibility_control.hpp
[0.351s] -- Up-to-date: /home/calafaker/Control-Formation/ws3/install/multi_robot_interfaces/include/multi_robot_interfaces/multi_robot_interfaces/msg/pva_constraints.hpp
[0.352s] -- Up-to-date: /home/calafaker/Control-Formation/ws3/install/multi_robot_interfaces/include/multi_robot_interfaces/multi_robot_interfaces/msg/robot_state.hpp
[0.352s] -- Up-to-date: /home/calafaker/Control-Formation/ws3/install/multi_robot_interfaces/include/multi_robot_interfaces/multi_robot_interfaces/msg/detail
[0.352s] -- Up-to-date: /home/calafaker/Control-Formation/ws3/install/multi_robot_interfaces/include/multi_robot_interfaces/multi_robot_interfaces/msg/detail/robot_state__type_support.hpp
[0.352s] -- Up-to-date: /home/calafaker/Control-Formation/ws3/install/multi_robot_interfaces/include/multi_robot_interfaces/multi_robot_interfaces/msg/detail/robot_state__builder.hpp
[0.352s] -- Up-to-date: /home/calafaker/Control-Formation/ws3/install/multi_robot_interfaces/include/multi_robot_interfaces/multi_robot_interfaces/msg/detail/pva_constraints__struct.hpp
[0.352s] -- Up-to-date: /home/calafaker/Control-Formation/ws3/install/multi_robot_interfaces/include/multi_robot_interfaces/multi_robot_interfaces/msg/detail/pva_constraints__traits.hpp
[0.352s] -- Up-to-date: /home/calafaker/Control-Formation/ws3/install/multi_robot_interfaces/include/multi_robot_interfaces/multi_robot_interfaces/msg/detail/pva_constraints__builder.hpp
[0.352s] -- Up-to-date: /home/calafaker/Control-Formation/ws3/install/multi_robot_interfaces/include/multi_robot_interfaces/multi_robot_interfaces/msg/detail/robot_state__struct.hpp
[0.352s] -- Up-to-date: /home/calafaker/Control-Formation/ws3/install/multi_robot_interfaces/include/multi_robot_interfaces/multi_robot_interfaces/msg/detail/robot_state__traits.hpp
[0.352s] -- Up-to-date: /home/calafaker/Control-Formation/ws3/install/multi_robot_interfaces/include/multi_robot_interfaces/multi_robot_interfaces/msg/detail/pva_constraints__type_support.hpp
[0.352s] -- Up-to-date: /home/calafaker/Control-Formation/ws3/install/multi_robot_interfaces/include/multi_robot_interfaces/multi_robot_interfaces
[0.352s] -- Up-to-date: /home/calafaker/Control-Formation/ws3/install/multi_robot_interfaces/include/multi_robot_interfaces/multi_robot_interfaces/msg
[0.353s] -- Up-to-date: /home/calafaker/Control-Formation/ws3/install/multi_robot_interfaces/include/multi_robot_interfaces/multi_robot_interfaces/msg/rosidl_typesupport_fastrtps_cpp__visibility_control.h
[0.353s] -- Up-to-date: /home/calafaker/Control-Formation/ws3/install/multi_robot_interfaces/include/multi_robot_interfaces/multi_robot_interfaces/msg/detail
[0.353s] -- Up-to-date: /home/calafaker/Control-Formation/ws3/install/multi_robot_interfaces/include/multi_robot_interfaces/multi_robot_interfaces/msg/detail/pva_constraints__rosidl_typesupport_fastrtps_cpp.hpp
[0.353s] -- Up-to-date: /home/calafaker/Control-Formation/ws3/install/multi_robot_interfaces/include/multi_robot_interfaces/multi_robot_interfaces/msg/detail/robot_state__rosidl_typesupport_fastrtps_cpp.hpp
[0.353s] -- Up-to-date: /home/calafaker/Control-Formation/ws3/install/multi_robot_interfaces/include/multi_robot_interfaces/multi_robot_interfaces/msg/detail/dds_fastrtps
[0.353s] -- Up-to-date: /home/calafaker/Control-Formation/ws3/install/multi_robot_interfaces/lib/libmulti_robot_interfaces__rosidl_typesupport_fastrtps_cpp.so
[0.354s] -- Up-to-date: /home/calafaker/Control-Formation/ws3/install/multi_robot_interfaces/include/multi_robot_interfaces/multi_robot_interfaces
[0.354s] -- Up-to-date: /home/calafaker/Control-Formation/ws3/install/multi_robot_interfaces/include/multi_robot_interfaces/multi_robot_interfaces/msg
[0.354s] -- Up-to-date: /home/calafaker/Control-Formation/ws3/install/multi_robot_interfaces/include/multi_robot_interfaces/multi_robot_interfaces/msg/detail
[0.354s] -- Up-to-date: /home/calafaker/Control-Formation/ws3/install/multi_robot_interfaces/include/multi_robot_interfaces/multi_robot_interfaces/msg/detail/pva_constraints__rosidl_typesupport_introspection_cpp.hpp
[0.354s] -- Up-to-date: /home/calafaker/Control-Formation/ws3/install/multi_robot_interfaces/include/multi_robot_interfaces/multi_robot_interfaces/msg/detail/robot_state__rosidl_typesupport_introspection_cpp.hpp
[0.354s] -- Up-to-date: /home/calafaker/Control-Formation/ws3/install/multi_robot_interfaces/include/multi_robot_interfaces/multi_robot_interfaces/msg/detail/robot_state__type_support.cpp
[0.354s] -- Up-to-date: /home/calafaker/Control-Formation/ws3/install/multi_robot_interfaces/include/multi_robot_interfaces/multi_robot_interfaces/msg/detail/pva_constraints__type_support.cpp
[0.355s] -- Up-to-date: /home/calafaker/Control-Formation/ws3/install/multi_robot_interfaces/lib/libmulti_robot_interfaces__rosidl_typesupport_introspection_cpp.so
[0.356s] -- Up-to-date: /home/calafaker/Control-Formation/ws3/install/multi_robot_interfaces/lib/libmulti_robot_interfaces__rosidl_typesupport_cpp.so
[0.356s] -- Up-to-date: /home/calafaker/Control-Formation/ws3/install/multi_robot_interfaces/share/multi_robot_interfaces/environment/pythonpath.sh
[0.356s] -- Up-to-date: /home/calafaker/Control-Formation/ws3/install/multi_robot_interfaces/share/multi_robot_interfaces/environment/pythonpath.dsv
[0.356s] -- Up-to-date: /home/calafaker/Control-Formation/ws3/install/multi_robot_interfaces/local/lib/python3.10/dist-packages/multi_robot_interfaces-0.0.0-py3.10.egg-info
[0.356s] -- Installing: /home/calafaker/Control-Formation/ws3/install/multi_robot_interfaces/local/lib/python3.10/dist-packages/multi_robot_interfaces-0.0.0-py3.10.egg-info/top_level.txt
[0.356s] -- Installing: /home/calafaker/Control-Formation/ws3/install/multi_robot_interfaces/local/lib/python3.10/dist-packages/multi_robot_interfaces-0.0.0-py3.10.egg-info/SOURCES.txt
[0.356s] -- Installing: /home/calafaker/Control-Formation/ws3/install/multi_robot_interfaces/local/lib/python3.10/dist-packages/multi_robot_interfaces-0.0.0-py3.10.egg-info/dependency_links.txt
[0.356s] -- Installing: /home/calafaker/Control-Formation/ws3/install/multi_robot_interfaces/local/lib/python3.10/dist-packages/multi_robot_interfaces-0.0.0-py3.10.egg-info/PKG-INFO
[0.357s] -- Up-to-date: /home/calafaker/Control-Formation/ws3/install/multi_robot_interfaces/local/lib/python3.10/dist-packages/multi_robot_interfaces
[0.357s] -- Up-to-date: /home/calafaker/Control-Formation/ws3/install/multi_robot_interfaces/local/lib/python3.10/dist-packages/multi_robot_interfaces/msg
[0.357s] -- Up-to-date: /home/calafaker/Control-Formation/ws3/install/multi_robot_interfaces/local/lib/python3.10/dist-packages/multi_robot_interfaces/msg/_pva_constraints_s.c
[0.357s] -- Up-to-date: /home/calafaker/Control-Formation/ws3/install/multi_robot_interfaces/local/lib/python3.10/dist-packages/multi_robot_interfaces/msg/_robot_state.py
[0.357s] -- Up-to-date: /home/calafaker/Control-Formation/ws3/install/multi_robot_interfaces/local/lib/python3.10/dist-packages/multi_robot_interfaces/msg/__init__.py
[0.357s] -- Up-to-date: /home/calafaker/Control-Formation/ws3/install/multi_robot_interfaces/local/lib/python3.10/dist-packages/multi_robot_interfaces/msg/_pva_constraints.py
[0.357s] -- Up-to-date: /home/calafaker/Control-Formation/ws3/install/multi_robot_interfaces/local/lib/python3.10/dist-packages/multi_robot_interfaces/msg/_robot_state_s.c
[0.357s] -- Up-to-date: /home/calafaker/Control-Formation/ws3/install/multi_robot_interfaces/local/lib/python3.10/dist-packages/multi_robot_interfaces/_multi_robot_interfaces_s.ep.rosidl_typesupport_introspection_c.c
[0.357s] -- Up-to-date: /home/calafaker/Control-Formation/ws3/install/multi_robot_interfaces/local/lib/python3.10/dist-packages/multi_robot_interfaces/_multi_robot_interfaces_s.ep.rosidl_typesupport_c.c
[0.357s] -- Up-to-date: /home/calafaker/Control-Formation/ws3/install/multi_robot_interfaces/local/lib/python3.10/dist-packages/multi_robot_interfaces/multi_robot_interfaces_s__rosidl_typesupport_fastrtps_c.cpython-310-x86_64-linux-gnu.so
[0.357s] -- Up-to-date: /home/calafaker/Control-Formation/ws3/install/multi_robot_interfaces/local/lib/python3.10/dist-packages/multi_robot_interfaces/libmulti_robot_interfaces__rosidl_generator_py.so
[0.357s] -- Up-to-date: /home/calafaker/Control-Formation/ws3/install/multi_robot_interfaces/local/lib/python3.10/dist-packages/multi_robot_interfaces/multi_robot_interfaces_s__rosidl_typesupport_c.cpython-310-x86_64-linux-gnu.so
[0.357s] -- Up-to-date: /home/calafaker/Control-Formation/ws3/install/multi_robot_interfaces/local/lib/python3.10/dist-packages/multi_robot_interfaces/__init__.py
[0.357s] -- Up-to-date: /home/calafaker/Control-Formation/ws3/install/multi_robot_interfaces/local/lib/python3.10/dist-packages/multi_robot_interfaces/multi_robot_interfaces_s__rosidl_typesupport_introspection_c.cpython-310-x86_64-linux-gnu.so
[0.358s] -- Up-to-date: /home/calafaker/Control-Formation/ws3/install/multi_robot_interfaces/local/lib/python3.10/dist-packages/multi_robot_interfaces/_multi_robot_interfaces_s.ep.rosidl_typesupport_fastrtps_c.c
[0.382s] Listing '/home/calafaker/Control-Formation/ws3/install/multi_robot_interfaces/local/lib/python3.10/dist-packages/multi_robot_interfaces'...
[0.383s] Listing '/home/calafaker/Control-Formation/ws3/install/multi_robot_interfaces/local/lib/python3.10/dist-packages/multi_robot_interfaces/msg'...
[0.386s] -- Up-to-date: /home/calafaker/Control-Formation/ws3/install/multi_robot_interfaces/local/lib/python3.10/dist-packages/multi_robot_interfaces/multi_robot_interfaces_s__rosidl_typesupport_fastrtps_c.cpython-310-x86_64-linux-gnu.so
[0.387s] -- Up-to-date: /home/calafaker/Control-Formation/ws3/install/multi_robot_interfaces/local/lib/python3.10/dist-packages/multi_robot_interfaces/multi_robot_interfaces_s__rosidl_typesupport_introspection_c.cpython-310-x86_64-linux-gnu.so
[0.387s] -- Up-to-date: /home/calafaker/Control-Formation/ws3/install/multi_robot_interfaces/local/lib/python3.10/dist-packages/multi_robot_interfaces/multi_robot_interfaces_s__rosidl_typesupport_c.cpython-310-x86_64-linux-gnu.so
[0.389s] -- Up-to-date: /home/calafaker/Control-Formation/ws3/install/multi_robot_interfaces/lib/libmulti_robot_interfaces__rosidl_generator_py.so
[0.389s] -- Up-to-date: /home/calafaker/Control-Formation/ws3/install/multi_robot_interfaces/share/multi_robot_interfaces/msg/RobotState.idl
[0.389s] -- Up-to-date: /home/calafaker/Control-Formation/ws3/install/multi_robot_interfaces/share/multi_robot_interfaces/msg/PVAConstraints.idl
[0.390s] -- Up-to-date: /home/calafaker/Control-Formation/ws3/install/multi_robot_interfaces/share/multi_robot_interfaces/msg/RobotState.msg
[0.390s] -- Up-to-date: /home/calafaker/Control-Formation/ws3/install/multi_robot_interfaces/share/multi_robot_interfaces/msg/PVAConstraints.msg
[0.390s] -- Up-to-date: /home/calafaker/Control-Formation/ws3/install/multi_robot_interfaces/share/ament_index/resource_index/package_run_dependencies/multi_robot_interfaces
[0.390s] -- Up-to-date: /home/calafaker/Control-Formation/ws3/install/multi_robot_interfaces/share/ament_index/resource_index/parent_prefix_path/multi_robot_interfaces
[0.390s] -- Up-to-date: /home/calafaker/Control-Formation/ws3/install/multi_robot_interfaces/share/multi_robot_interfaces/environment/ament_prefix_path.sh
[0.390s] -- Up-to-date: /home/calafaker/Control-Formation/ws3/install/multi_robot_interfaces/share/multi_robot_interfaces/environment/ament_prefix_path.dsv
[0.390s] -- Up-to-date: /home/calafaker/Control-Formation/ws3/install/multi_robot_interfaces/share/multi_robot_interfaces/environment/path.sh
[0.390s] -- Up-to-date: /home/calafaker/Control-Formation/ws3/install/multi_robot_interfaces/share/multi_robot_interfaces/environment/path.dsv
[0.390s] -- Up-to-date: /home/calafaker/Control-Formation/ws3/install/multi_robot_interfaces/share/multi_robot_interfaces/local_setup.bash
[0.390s] -- Up-to-date: /home/calafaker/Control-Formation/ws3/install/multi_robot_interfaces/share/multi_robot_interfaces/local_setup.sh
[0.390s] -- Up-to-date: /home/calafaker/Control-Formation/ws3/install/multi_robot_interfaces/share/multi_robot_interfaces/local_setup.zsh
[0.390s] -- Up-to-date: /home/calafaker/Control-Formation/ws3/install/multi_robot_interfaces/share/multi_robot_interfaces/local_setup.dsv
[0.390s] -- Installing: /home/calafaker/Control-Formation/ws3/install/multi_robot_interfaces/share/multi_robot_interfaces/package.dsv
[0.392s] -- Up-to-date: /home/calafaker/Control-Formation/ws3/install/multi_robot_interfaces/share/ament_index/resource_index/packages/multi_robot_interfaces
[0.393s] -- Up-to-date: /home/calafaker/Control-Formation/ws3/install/multi_robot_interfaces/share/multi_robot_interfaces/cmake/export_multi_robot_interfaces__rosidl_generator_cExport.cmake
[0.393s] -- Up-to-date: /home/calafaker/Control-Formation/ws3/install/multi_robot_interfaces/share/multi_robot_interfaces/cmake/export_multi_robot_interfaces__rosidl_generator_cExport-noconfig.cmake
[0.393s] -- Up-to-date: /home/calafaker/Control-Formation/ws3/install/multi_robot_interfaces/share/multi_robot_interfaces/cmake/export_multi_robot_interfaces__rosidl_typesupport_fastrtps_cExport.cmake
[0.393s] -- Up-to-date: /home/calafaker/Control-Formation/ws3/install/multi_robot_interfaces/share/multi_robot_interfaces/cmake/export_multi_robot_interfaces__rosidl_typesupport_fastrtps_cExport-noconfig.cmake
[0.394s] -- Up-to-date: /home/calafaker/Control-Formation/ws3/install/multi_robot_interfaces/share/multi_robot_interfaces/cmake/multi_robot_interfaces__rosidl_typesupport_introspection_cExport.cmake
[0.394s] -- Up-to-date: /home/calafaker/Control-Formation/ws3/install/multi_robot_interfaces/share/multi_robot_interfaces/cmake/multi_robot_interfaces__rosidl_typesupport_introspection_cExport-noconfig.cmake
[0.394s] -- Up-to-date: /home/calafaker/Control-Formation/ws3/install/multi_robot_interfaces/share/multi_robot_interfaces/cmake/multi_robot_interfaces__rosidl_typesupport_cExport.cmake
[0.394s] -- Up-to-date: /home/calafaker/Control-Formation/ws3/install/multi_robot_interfaces/share/multi_robot_interfaces/cmake/multi_robot_interfaces__rosidl_typesupport_cExport-noconfig.cmake
[0.395s] -- Up-to-date: /home/calafaker/Control-Formation/ws3/install/multi_robot_interfaces/share/multi_robot_interfaces/cmake/export_multi_robot_interfaces__rosidl_generator_cppExport.cmake
[0.396s] -- Up-to-date: /home/calafaker/Control-Formation/ws3/install/multi_robot_interfaces/share/multi_robot_interfaces/cmake/export_multi_robot_interfaces__rosidl_typesupport_fastrtps_cppExport.cmake
[0.396s] -- Up-to-date: /home/calafaker/Control-Formation/ws3/install/multi_robot_interfaces/share/multi_robot_interfaces/cmake/export_multi_robot_interfaces__rosidl_typesupport_fastrtps_cppExport-noconfig.cmake
[0.396s] -- Up-to-date: /home/calafaker/Control-Formation/ws3/install/multi_robot_interfaces/share/multi_robot_interfaces/cmake/multi_robot_interfaces__rosidl_typesupport_introspection_cppExport.cmake
[0.396s] -- Up-to-date: /home/calafaker/Control-Formation/ws3/install/multi_robot_interfaces/share/multi_robot_interfaces/cmake/multi_robot_interfaces__rosidl_typesupport_introspection_cppExport-noconfig.cmake
[0.396s] -- Up-to-date: /home/calafaker/Control-Formation/ws3/install/multi_robot_interfaces/share/multi_robot_interfaces/cmake/multi_robot_interfaces__rosidl_typesupport_cppExport.cmake
[0.396s] -- Up-to-date: /home/calafaker/Control-Formation/ws3/install/multi_robot_interfaces/share/multi_robot_interfaces/cmake/multi_robot_interfaces__rosidl_typesupport_cppExport-noconfig.cmake
[0.397s] -- Up-to-date: /home/calafaker/Control-Formation/ws3/install/multi_robot_interfaces/share/multi_robot_interfaces/cmake/export_multi_robot_interfaces__rosidl_generator_pyExport.cmake
[0.397s] -- Up-to-date: /home/calafaker/Control-Formation/ws3/install/multi_robot_interfaces/share/multi_robot_interfaces/cmake/export_multi_robot_interfaces__rosidl_generator_pyExport-noconfig.cmake
[0.397s] -- Up-to-date: /home/calafaker/Control-Formation/ws3/install/multi_robot_interfaces/share/multi_robot_interfaces/cmake/rosidl_cmake-extras.cmake
[0.397s] -- Up-to-date: /home/calafaker/Control-Formation/ws3/install/multi_robot_interfaces/share/multi_robot_interfaces/cmake/ament_cmake_export_include_directories-extras.cmake
[0.397s] -- Up-to-date: /home/calafaker/Control-Formation/ws3/install/multi_robot_interfaces/share/multi_robot_interfaces/cmake/ament_cmake_export_libraries-extras.cmake
[0.398s] -- Up-to-date: /home/calafaker/Control-Formation/ws3/install/multi_robot_interfaces/share/multi_robot_interfaces/cmake/ament_cmake_export_targets-extras.cmake
[0.398s] -- Up-to-date: /home/calafaker/Control-Formation/ws3/install/multi_robot_interfaces/share/multi_robot_interfaces/cmake/rosidl_cmake_export_typesupport_targets-extras.cmake
[0.398s] -- Up-to-date: /home/calafaker/Control-Formation/ws3/install/multi_robot_interfaces/share/multi_robot_interfaces/cmake/ament_cmake_export_dependencies-extras.cmake
[0.398s] -- Up-to-date: /home/calafaker/Control-Formation/ws3/install/multi_robot_interfaces/share/multi_robot_interfaces/cmake/rosidl_cmake_export_typesupport_libraries-extras.cmake
[0.398s] -- Up-to-date: /home/calafaker/Control-Formation/ws3/install/multi_robot_interfaces/share/multi_robot_interfaces/cmake/multi_robot_interfacesConfig.cmake
[0.398s] -- Up-to-date: /home/calafaker/Control-Formation/ws3/install/multi_robot_interfaces/share/multi_robot_interfaces/cmake/multi_robot_interfacesConfig-version.cmake
[0.398s] -- Up-to-date: /home/calafaker/Control-Formation/ws3/install/multi_robot_interfaces/share/multi_robot_interfaces/package.xml
[0.400s] Invoked command in '/home/calafaker/Control-Formation/ws3/build/multi_robot_interfaces' returned '0': CMAKE_PREFIX_PATH=${CMAKE_PREFIX_PATH}:/home/calafaker/Control-Formation/ws3/install/simulador:/home/calafaker/Control-Formation/ws3/install/control_nodes:/opt/ros/humble /usr/bin/cmake --install /home/calafaker/Control-Formation/ws3/build/multi_robot_interfaces
