[0.267s] DEBUG:colcon:Command line arguments: ['/usr/bin/colcon', 'build', '--symlink-install']
[0.267s] DEBUG:colcon:Parsed command line arguments: Namespace(log_base=None, log_level=None, verb_name='build', build_base='build', install_base='install', merge_install=False, symlink_install=True, test_result_base=None, continue_on_error=False, executor='parallel', parallel_workers=16, event_handlers=None, ignore_user_meta=False, metas=['./colcon.meta'], base_paths=['.'], packages_ignore=None, packages_ignore_regex=None, paths=None, packages_up_to=None, packages_up_to_regex=None, packages_above=None, packages_above_and_dependencies=None, packages_above_depth=None, packages_select_by_dep=None, packages_skip_by_dep=None, packages_skip_up_to=None, packages_select_build_failed=False, packages_skip_build_finished=False, packages_select_test_failures=False, packages_skip_test_passed=False, packages_select=None, packages_skip=None, packages_select_regex=None, packages_skip_regex=None, packages_start=None, packages_end=None, allow_overriding=[], cmake_args=None, cmake_target=None, cmake_target_skip_unavailable=False, cmake_clean_cache=False, cmake_clean_first=False, cmake_force_configure=False, ament_cmake_args=None, catkin_cmake_args=None, catkin_skip_building_tests=False, verb_parser=<colcon_defaults.argument_parser.defaults.DefaultArgumentsDecorator object at 0x7fae6cb48d60>, verb_extension=<colcon_core.verb.build.BuildVerb object at 0x7fae6cb48850>, main=<bound method BuildVerb.main of <colcon_core.verb.build.BuildVerb object at 0x7fae6cb48850>>)
[0.439s] Level 1:colcon.colcon_core.package_discovery:discover_packages(colcon_meta) check parameters
[0.439s] Level 1:colcon.colcon_core.package_discovery:discover_packages(recursive) check parameters
[0.439s] Level 1:colcon.colcon_core.package_discovery:discover_packages(ignore) check parameters
[0.439s] Level 1:colcon.colcon_core.package_discovery:discover_packages(path) check parameters
[0.439s] Level 1:colcon.colcon_core.package_discovery:discover_packages(colcon_meta) discover
[0.440s] Level 1:colcon.colcon_core.package_discovery:discover_packages(recursive) discover
[0.440s] INFO:colcon.colcon_core.package_discovery:Crawling recursively for packages in '/home/calafaker/Control-Formation/ws'
[0.440s] Level 1:colcon.colcon_core.package_identification:_identify(.) by extensions ['ignore', 'ignore_ament_install']
[0.440s] Level 1:colcon.colcon_core.package_identification:_identify(.) by extension 'ignore'
[0.440s] Level 1:colcon.colcon_core.package_identification:_identify(.) by extension 'ignore_ament_install'
[0.440s] Level 1:colcon.colcon_core.package_identification:_identify(.) by extensions ['colcon_pkg']
[0.440s] Level 1:colcon.colcon_core.package_identification:_identify(.) by extension 'colcon_pkg'
[0.440s] Level 1:colcon.colcon_core.package_identification:_identify(.) by extensions ['colcon_meta']
[0.440s] Level 1:colcon.colcon_core.package_identification:_identify(.) by extension 'colcon_meta'
[0.440s] Level 1:colcon.colcon_core.package_identification:_identify(.) by extensions ['ros']
[0.440s] Level 1:colcon.colcon_core.package_identification:_identify(.) by extension 'ros'
[0.450s] Level 1:colcon.colcon_core.package_identification:_identify(.) by extensions ['cmake', 'python']
[0.450s] Level 1:colcon.colcon_core.package_identification:_identify(.) by extension 'cmake'
[0.450s] Level 1:colcon.colcon_core.package_identification:_identify(.) by extension 'python'
[0.450s] Level 1:colcon.colcon_core.package_identification:_identify(.) by extensions ['python_setup_py']
[0.450s] Level 1:colcon.colcon_core.package_identification:_identify(.) by extension 'python_setup_py'
[0.450s] Level 1:colcon.colcon_core.package_identification:_identify(build) by extensions ['ignore', 'ignore_ament_install']
[0.450s] Level 1:colcon.colcon_core.package_identification:_identify(build) by extension 'ignore'
[0.450s] Level 1:colcon.colcon_core.package_identification:_identify(build) ignored
[0.451s] Level 1:colcon.colcon_core.package_identification:_identify(install) by extensions ['ignore', 'ignore_ament_install']
[0.451s] Level 1:colcon.colcon_core.package_identification:_identify(install) by extension 'ignore'
[0.451s] Level 1:colcon.colcon_core.package_identification:_identify(install) ignored
[0.451s] Level 1:colcon.colcon_core.package_identification:_identify(log) by extensions ['ignore', 'ignore_ament_install']
[0.451s] Level 1:colcon.colcon_core.package_identification:_identify(log) by extension 'ignore'
[0.451s] Level 1:colcon.colcon_core.package_identification:_identify(log) ignored
[0.451s] Level 1:colcon.colcon_core.package_identification:_identify(src) by extensions ['ignore', 'ignore_ament_install']
[0.451s] Level 1:colcon.colcon_core.package_identification:_identify(src) by extension 'ignore'
[0.451s] Level 1:colcon.colcon_core.package_identification:_identify(src) by extension 'ignore_ament_install'
[0.451s] Level 1:colcon.colcon_core.package_identification:_identify(src) by extensions ['colcon_pkg']
[0.451s] Level 1:colcon.colcon_core.package_identification:_identify(src) by extension 'colcon_pkg'
[0.451s] Level 1:colcon.colcon_core.package_identification:_identify(src) by extensions ['colcon_meta']
[0.451s] Level 1:colcon.colcon_core.package_identification:_identify(src) by extension 'colcon_meta'
[0.451s] Level 1:colcon.colcon_core.package_identification:_identify(src) by extensions ['ros']
[0.451s] Level 1:colcon.colcon_core.package_identification:_identify(src) by extension 'ros'
[0.451s] Level 1:colcon.colcon_core.package_identification:_identify(src) by extensions ['cmake', 'python']
[0.451s] Level 1:colcon.colcon_core.package_identification:_identify(src) by extension 'cmake'
[0.451s] Level 1:colcon.colcon_core.package_identification:_identify(src) by extension 'python'
[0.451s] Level 1:colcon.colcon_core.package_identification:_identify(src) by extensions ['python_setup_py']
[0.451s] Level 1:colcon.colcon_core.package_identification:_identify(src) by extension 'python_setup_py'
[0.451s] Level 1:colcon.colcon_core.package_identification:_identify(src/articubot_one) by extensions ['ignore', 'ignore_ament_install']
[0.451s] Level 1:colcon.colcon_core.package_identification:_identify(src/articubot_one) by extension 'ignore'
[0.451s] Level 1:colcon.colcon_core.package_identification:_identify(src/articubot_one) by extension 'ignore_ament_install'
[0.451s] Level 1:colcon.colcon_core.package_identification:_identify(src/articubot_one) by extensions ['colcon_pkg']
[0.451s] Level 1:colcon.colcon_core.package_identification:_identify(src/articubot_one) by extension 'colcon_pkg'
[0.452s] Level 1:colcon.colcon_core.package_identification:_identify(src/articubot_one) by extensions ['colcon_meta']
[0.452s] Level 1:colcon.colcon_core.package_identification:_identify(src/articubot_one) by extension 'colcon_meta'
[0.452s] Level 1:colcon.colcon_core.package_identification:_identify(src/articubot_one) by extensions ['ros']
[0.452s] Level 1:colcon.colcon_core.package_identification:_identify(src/articubot_one) by extension 'ros'
[0.454s] DEBUG:colcon.colcon_core.package_identification:Package 'src/articubot_one' with type 'ros.ament_cmake' and name 'articubot_one'
[0.454s] Level 1:colcon.colcon_core.package_identification:_identify(src/build) by extensions ['ignore', 'ignore_ament_install']
[0.454s] Level 1:colcon.colcon_core.package_identification:_identify(src/build) by extension 'ignore'
[0.454s] Level 1:colcon.colcon_core.package_identification:_identify(src/build) ignored
[0.455s] Level 1:colcon.colcon_core.package_identification:_identify(src/control_algorithms) by extensions ['ignore', 'ignore_ament_install']
[0.455s] Level 1:colcon.colcon_core.package_identification:_identify(src/control_algorithms) by extension 'ignore'
[0.455s] Level 1:colcon.colcon_core.package_identification:_identify(src/control_algorithms) by extension 'ignore_ament_install'
[0.455s] Level 1:colcon.colcon_core.package_identification:_identify(src/control_algorithms) by extensions ['colcon_pkg']
[0.455s] Level 1:colcon.colcon_core.package_identification:_identify(src/control_algorithms) by extension 'colcon_pkg'
[0.455s] Level 1:colcon.colcon_core.package_identification:_identify(src/control_algorithms) by extensions ['colcon_meta']
[0.455s] Level 1:colcon.colcon_core.package_identification:_identify(src/control_algorithms) by extension 'colcon_meta'
[0.455s] Level 1:colcon.colcon_core.package_identification:_identify(src/control_algorithms) by extensions ['ros']
[0.455s] Level 1:colcon.colcon_core.package_identification:_identify(src/control_algorithms) by extension 'ros'
[0.455s] DEBUG:colcon.colcon_core.package_identification:Package 'src/control_algorithms' with type 'ros.ament_python' and name 'control_algorithms'
[0.456s] Level 1:colcon.colcon_core.package_identification:_identify(src/install) by extensions ['ignore', 'ignore_ament_install']
[0.456s] Level 1:colcon.colcon_core.package_identification:_identify(src/install) by extension 'ignore'
[0.456s] Level 1:colcon.colcon_core.package_identification:_identify(src/install) ignored
[0.456s] Level 1:colcon.colcon_core.package_identification:_identify(src/log) by extensions ['ignore', 'ignore_ament_install']
[0.456s] Level 1:colcon.colcon_core.package_identification:_identify(src/log) by extension 'ignore'
[0.456s] Level 1:colcon.colcon_core.package_identification:_identify(src/log) ignored
[0.457s] Level 1:colcon.colcon_core.package_identification:_identify(src/simulation_pkg) by extensions ['ignore', 'ignore_ament_install']
[0.457s] Level 1:colcon.colcon_core.package_identification:_identify(src/simulation_pkg) by extension 'ignore'
[0.457s] Level 1:colcon.colcon_core.package_identification:_identify(src/simulation_pkg) by extension 'ignore_ament_install'
[0.457s] Level 1:colcon.colcon_core.package_identification:_identify(src/simulation_pkg) by extensions ['colcon_pkg']
[0.457s] Level 1:colcon.colcon_core.package_identification:_identify(src/simulation_pkg) by extension 'colcon_pkg'
[0.457s] Level 1:colcon.colcon_core.package_identification:_identify(src/simulation_pkg) by extensions ['colcon_meta']
[0.457s] Level 1:colcon.colcon_core.package_identification:_identify(src/simulation_pkg) by extension 'colcon_meta'
[0.457s] Level 1:colcon.colcon_core.package_identification:_identify(src/simulation_pkg) by extensions ['ros']
[0.457s] Level 1:colcon.colcon_core.package_identification:_identify(src/simulation_pkg) by extension 'ros'
[0.457s] DEBUG:colcon.colcon_core.package_identification:Package 'src/simulation_pkg' with type 'ros.ament_python' and name 'simulation_pkg'
[0.458s] Level 1:colcon.colcon_core.package_discovery:discover_packages(recursive) using defaults
[0.458s] Level 1:colcon.colcon_core.package_discovery:discover_packages(ignore) discover
[0.458s] Level 1:colcon.colcon_core.package_discovery:discover_packages(ignore) using defaults
[0.458s] Level 1:colcon.colcon_core.package_discovery:discover_packages(path) discover
[0.458s] Level 1:colcon.colcon_core.package_discovery:discover_packages(path) using defaults
[0.477s] Level 1:colcon.colcon_core.package_discovery:discover_packages(prefix_path) check parameters
[0.477s] Level 1:colcon.colcon_core.package_discovery:discover_packages(prefix_path) discover
[0.480s] DEBUG:colcon.colcon_installed_package_information.package_discovery:Found 3 installed packages in /home/calafaker/Control-Formation/ws/install
[0.480s] DEBUG:colcon.colcon_installed_package_information.package_discovery:Found 282 installed packages in /opt/ros/humble
[0.487s] Level 1:colcon.colcon_core.package_discovery:discover_packages(prefix_path) using defaults
[0.513s] Level 5:colcon.colcon_core.verb:set package 'articubot_one' build argument 'cmake_args' from command line to 'None'
[0.513s] Level 5:colcon.colcon_core.verb:set package 'articubot_one' build argument 'cmake_target' from command line to 'None'
[0.513s] Level 5:colcon.colcon_core.verb:set package 'articubot_one' build argument 'cmake_target_skip_unavailable' from command line to 'False'
[0.513s] Level 5:colcon.colcon_core.verb:set package 'articubot_one' build argument 'cmake_clean_cache' from command line to 'False'
[0.513s] Level 5:colcon.colcon_core.verb:set package 'articubot_one' build argument 'cmake_clean_first' from command line to 'False'
[0.513s] Level 5:colcon.colcon_core.verb:set package 'articubot_one' build argument 'cmake_force_configure' from command line to 'False'
[0.513s] Level 5:colcon.colcon_core.verb:set package 'articubot_one' build argument 'ament_cmake_args' from command line to 'None'
[0.513s] Level 5:colcon.colcon_core.verb:set package 'articubot_one' build argument 'catkin_cmake_args' from command line to 'None'
[0.513s] Level 5:colcon.colcon_core.verb:set package 'articubot_one' build argument 'catkin_skip_building_tests' from command line to 'False'
[0.513s] DEBUG:colcon.colcon_core.verb:Building package 'articubot_one' with the following arguments: {'ament_cmake_args': None, 'build_base': '/home/calafaker/Control-Formation/ws/build/articubot_one', 'catkin_cmake_args': None, 'catkin_skip_building_tests': False, 'cmake_args': None, 'cmake_clean_cache': False, 'cmake_clean_first': False, 'cmake_force_configure': False, 'cmake_target': None, 'cmake_target_skip_unavailable': False, 'install_base': '/home/calafaker/Control-Formation/ws/install/articubot_one', 'merge_install': False, 'path': '/home/calafaker/Control-Formation/ws/src/articubot_one', 'symlink_install': True, 'test_result_base': None}
[0.514s] Level 5:colcon.colcon_core.verb:set package 'control_algorithms' build argument 'cmake_args' from command line to 'None'
[0.514s] Level 5:colcon.colcon_core.verb:set package 'control_algorithms' build argument 'cmake_target' from command line to 'None'
[0.514s] Level 5:colcon.colcon_core.verb:set package 'control_algorithms' build argument 'cmake_target_skip_unavailable' from command line to 'False'
[0.514s] Level 5:colcon.colcon_core.verb:set package 'control_algorithms' build argument 'cmake_clean_cache' from command line to 'False'
[0.514s] Level 5:colcon.colcon_core.verb:set package 'control_algorithms' build argument 'cmake_clean_first' from command line to 'False'
[0.514s] Level 5:colcon.colcon_core.verb:set package 'control_algorithms' build argument 'cmake_force_configure' from command line to 'False'
[0.514s] Level 5:colcon.colcon_core.verb:set package 'control_algorithms' build argument 'ament_cmake_args' from command line to 'None'
[0.514s] Level 5:colcon.colcon_core.verb:set package 'control_algorithms' build argument 'catkin_cmake_args' from command line to 'None'
[0.514s] Level 5:colcon.colcon_core.verb:set package 'control_algorithms' build argument 'catkin_skip_building_tests' from command line to 'False'
[0.514s] DEBUG:colcon.colcon_core.verb:Building package 'control_algorithms' with the following arguments: {'ament_cmake_args': None, 'build_base': '/home/calafaker/Control-Formation/ws/build/control_algorithms', 'catkin_cmake_args': None, 'catkin_skip_building_tests': False, 'cmake_args': None, 'cmake_clean_cache': False, 'cmake_clean_first': False, 'cmake_force_configure': False, 'cmake_target': None, 'cmake_target_skip_unavailable': False, 'install_base': '/home/calafaker/Control-Formation/ws/install/control_algorithms', 'merge_install': False, 'path': '/home/calafaker/Control-Formation/ws/src/control_algorithms', 'symlink_install': True, 'test_result_base': None}
[0.514s] Level 5:colcon.colcon_core.verb:set package 'simulation_pkg' build argument 'cmake_args' from command line to 'None'
[0.514s] Level 5:colcon.colcon_core.verb:set package 'simulation_pkg' build argument 'cmake_target' from command line to 'None'
[0.514s] Level 5:colcon.colcon_core.verb:set package 'simulation_pkg' build argument 'cmake_target_skip_unavailable' from command line to 'False'
[0.514s] Level 5:colcon.colcon_core.verb:set package 'simulation_pkg' build argument 'cmake_clean_cache' from command line to 'False'
[0.514s] Level 5:colcon.colcon_core.verb:set package 'simulation_pkg' build argument 'cmake_clean_first' from command line to 'False'
[0.514s] Level 5:colcon.colcon_core.verb:set package 'simulation_pkg' build argument 'cmake_force_configure' from command line to 'False'
[0.514s] Level 5:colcon.colcon_core.verb:set package 'simulation_pkg' build argument 'ament_cmake_args' from command line to 'None'
[0.514s] Level 5:colcon.colcon_core.verb:set package 'simulation_pkg' build argument 'catkin_cmake_args' from command line to 'None'
[0.514s] Level 5:colcon.colcon_core.verb:set package 'simulation_pkg' build argument 'catkin_skip_building_tests' from command line to 'False'
[0.514s] DEBUG:colcon.colcon_core.verb:Building package 'simulation_pkg' with the following arguments: {'ament_cmake_args': None, 'build_base': '/home/calafaker/Control-Formation/ws/build/simulation_pkg', 'catkin_cmake_args': None, 'catkin_skip_building_tests': False, 'cmake_args': None, 'cmake_clean_cache': False, 'cmake_clean_first': False, 'cmake_force_configure': False, 'cmake_target': None, 'cmake_target_skip_unavailable': False, 'install_base': '/home/calafaker/Control-Formation/ws/install/simulation_pkg', 'merge_install': False, 'path': '/home/calafaker/Control-Formation/ws/src/simulation_pkg', 'symlink_install': True, 'test_result_base': None}
[0.514s] INFO:colcon.colcon_core.executor:Executing jobs using 'parallel' executor
[0.515s] DEBUG:colcon.colcon_parallel_executor.executor.parallel:run_until_complete
[0.515s] INFO:colcon.colcon_ros.task.ament_cmake.build:Building ROS package in '/home/calafaker/Control-Formation/ws/src/articubot_one' with build type 'ament_cmake'
[0.515s] INFO:colcon.colcon_cmake.task.cmake.build:Building CMake package in '/home/calafaker/Control-Formation/ws/src/articubot_one'
[0.519s] INFO:colcon.colcon_core.plugin_system:Skipping extension 'colcon_core.shell.bat': Not used on non-Windows systems
[0.519s] INFO:colcon.colcon_core.shell:Skip shell extension 'powershell' for command environment: Not usable outside of PowerShell
[0.519s] DEBUG:colcon.colcon_core.shell:Skip shell extension 'dsv' for command environment
[0.522s] INFO:colcon.colcon_ros.task.ament_python.build:Building ROS package in '/home/calafaker/Control-Formation/ws/src/control_algorithms' with build type 'ament_python'
[0.522s] Level 1:colcon.colcon_core.shell:create_environment_hook('control_algorithms', 'ament_prefix_path')
[0.522s] INFO:colcon.colcon_core.shell:Creating environment hook '/home/calafaker/Control-Formation/ws/install/control_algorithms/share/control_algorithms/hook/ament_prefix_path.ps1'
[0.523s] INFO:colcon.colcon_core.shell:Creating environment descriptor '/home/calafaker/Control-Formation/ws/install/control_algorithms/share/control_algorithms/hook/ament_prefix_path.dsv'
[0.523s] INFO:colcon.colcon_core.shell:Creating environment hook '/home/calafaker/Control-Formation/ws/install/control_algorithms/share/control_algorithms/hook/ament_prefix_path.sh'
[0.524s] INFO:colcon.colcon_core.shell:Skip shell extension 'powershell' for command environment: Not usable outside of PowerShell
[0.524s] DEBUG:colcon.colcon_core.shell:Skip shell extension 'dsv' for command environment
[0.526s] INFO:colcon.colcon_ros.task.ament_python.build:Building ROS package in '/home/calafaker/Control-Formation/ws/src/simulation_pkg' with build type 'ament_python'
[0.526s] Level 1:colcon.colcon_core.shell:create_environment_hook('simulation_pkg', 'ament_prefix_path')
[0.526s] INFO:colcon.colcon_core.shell:Creating environment hook '/home/calafaker/Control-Formation/ws/install/simulation_pkg/share/simulation_pkg/hook/ament_prefix_path.ps1'
[0.526s] INFO:colcon.colcon_core.shell:Creating environment descriptor '/home/calafaker/Control-Formation/ws/install/simulation_pkg/share/simulation_pkg/hook/ament_prefix_path.dsv'
[0.527s] INFO:colcon.colcon_core.shell:Creating environment hook '/home/calafaker/Control-Formation/ws/install/simulation_pkg/share/simulation_pkg/hook/ament_prefix_path.sh'
[0.527s] INFO:colcon.colcon_core.shell:Skip shell extension 'powershell' for command environment: Not usable outside of PowerShell
[0.527s] DEBUG:colcon.colcon_core.shell:Skip shell extension 'dsv' for command environment
[0.533s] DEBUG:colcon.colcon_core.event_handler.log_command:Invoking command in '/home/calafaker/Control-Formation/ws/build/articubot_one': CMAKE_PREFIX_PATH=${CMAKE_PREFIX_PATH}:/home/calafaker/Control-Formation/ws/install/simulation_pkg:/home/calafaker/Control-Formation/ws/install/control_algorithms:/opt/ros/humble /usr/bin/cmake --build /home/calafaker/Control-Formation/ws/build/articubot_one -- -j16 -l16
[0.706s] INFO:colcon.colcon_core.task.python.build:Building Python package in '/home/calafaker/Control-Formation/ws/src/control_algorithms'
[0.706s] INFO:colcon.colcon_core.shell:Skip shell extension 'powershell' for command environment: Not usable outside of PowerShell
[0.706s] DEBUG:colcon.colcon_core.shell:Skip shell extension 'dsv' for command environment
[0.867s] INFO:colcon.colcon_core.task.python.build:Building Python package in '/home/calafaker/Control-Formation/ws/src/simulation_pkg'
[0.867s] INFO:colcon.colcon_core.shell:Skip shell extension 'powershell' for command environment: Not usable outside of PowerShell
[0.867s] DEBUG:colcon.colcon_core.shell:Skip shell extension 'dsv' for command environment
[0.870s] DEBUG:colcon.colcon_core.event_handler.log_command:Invoked command in '/home/calafaker/Control-Formation/ws/build/articubot_one' returned '0': CMAKE_PREFIX_PATH=${CMAKE_PREFIX_PATH}:/home/calafaker/Control-Formation/ws/install/simulation_pkg:/home/calafaker/Control-Formation/ws/install/control_algorithms:/opt/ros/humble /usr/bin/cmake --build /home/calafaker/Control-Formation/ws/build/articubot_one -- -j16 -l16
[0.881s] DEBUG:colcon.colcon_core.event_handler.log_command:Invoking command in '/home/calafaker/Control-Formation/ws/build/articubot_one': CMAKE_PREFIX_PATH=${CMAKE_PREFIX_PATH}:/home/calafaker/Control-Formation/ws/install/simulation_pkg:/home/calafaker/Control-Formation/ws/install/control_algorithms:/opt/ros/humble /usr/bin/cmake --install /home/calafaker/Control-Formation/ws/build/articubot_one
[0.904s] Level 1:colcon.colcon_core.environment:create_environment_scripts_only(articubot_one)
[0.905s] DEBUG:colcon.colcon_core.event_handler.log_command:Invoked command in '/home/calafaker/Control-Formation/ws/build/articubot_one' returned '0': CMAKE_PREFIX_PATH=${CMAKE_PREFIX_PATH}:/home/calafaker/Control-Formation/ws/install/simulation_pkg:/home/calafaker/Control-Formation/ws/install/control_algorithms:/opt/ros/humble /usr/bin/cmake --install /home/calafaker/Control-Formation/ws/build/articubot_one
[0.909s] Level 1:colcon.colcon_core.environment:checking '/home/calafaker/Control-Formation/ws/install/articubot_one' for CMake module files
[0.910s] Level 1:colcon.colcon_core.environment:checking '/home/calafaker/Control-Formation/ws/install/articubot_one' for CMake config files
[0.910s] Level 1:colcon.colcon_core.shell:create_environment_hook('articubot_one', 'cmake_prefix_path')
[0.910s] INFO:colcon.colcon_core.shell:Creating environment hook '/home/calafaker/Control-Formation/ws/install/articubot_one/share/articubot_one/hook/cmake_prefix_path.ps1'
[0.910s] INFO:colcon.colcon_core.shell:Creating environment descriptor '/home/calafaker/Control-Formation/ws/install/articubot_one/share/articubot_one/hook/cmake_prefix_path.dsv'
[0.911s] INFO:colcon.colcon_core.shell:Creating environment hook '/home/calafaker/Control-Formation/ws/install/articubot_one/share/articubot_one/hook/cmake_prefix_path.sh'
[0.911s] Level 1:colcon.colcon_core.environment:checking '/home/calafaker/Control-Formation/ws/install/articubot_one/bin'
[0.911s] Level 1:colcon.colcon_core.environment:checking '/home/calafaker/Control-Formation/ws/install/articubot_one/lib/pkgconfig/articubot_one.pc'
[0.911s] Level 1:colcon.colcon_core.environment:checking '/home/calafaker/Control-Formation/ws/install/articubot_one/lib/python3.10/site-packages'
[0.911s] Level 1:colcon.colcon_core.environment:checking '/home/calafaker/Control-Formation/ws/install/articubot_one/bin'
[0.912s] INFO:colcon.colcon_core.shell:Creating package script '/home/calafaker/Control-Formation/ws/install/articubot_one/share/articubot_one/package.ps1'
[0.912s] INFO:colcon.colcon_core.shell:Creating package descriptor '/home/calafaker/Control-Formation/ws/install/articubot_one/share/articubot_one/package.dsv'
[0.913s] INFO:colcon.colcon_core.shell:Creating package script '/home/calafaker/Control-Formation/ws/install/articubot_one/share/articubot_one/package.sh'
[0.913s] INFO:colcon.colcon_core.shell:Creating package script '/home/calafaker/Control-Formation/ws/install/articubot_one/share/articubot_one/package.bash'
[0.914s] INFO:colcon.colcon_core.shell:Creating package script '/home/calafaker/Control-Formation/ws/install/articubot_one/share/articubot_one/package.zsh'
[0.915s] Level 1:colcon.colcon_core.environment:create_file_with_runtime_dependencies(/home/calafaker/Control-Formation/ws/install/articubot_one/share/colcon-core/packages/articubot_one)
[0.915s] Level 1:colcon.colcon_core.environment:create_environment_scripts_only(articubot_one)
[0.916s] Level 1:colcon.colcon_core.environment:checking '/home/calafaker/Control-Formation/ws/install/articubot_one' for CMake module files
[0.917s] Level 1:colcon.colcon_core.environment:checking '/home/calafaker/Control-Formation/ws/install/articubot_one' for CMake config files
[0.917s] Level 1:colcon.colcon_core.shell:create_environment_hook('articubot_one', 'cmake_prefix_path')
[0.917s] INFO:colcon.colcon_core.shell:Creating environment hook '/home/calafaker/Control-Formation/ws/install/articubot_one/share/articubot_one/hook/cmake_prefix_path.ps1'
[0.917s] INFO:colcon.colcon_core.shell:Creating environment descriptor '/home/calafaker/Control-Formation/ws/install/articubot_one/share/articubot_one/hook/cmake_prefix_path.dsv'
[0.917s] INFO:colcon.colcon_core.shell:Creating environment hook '/home/calafaker/Control-Formation/ws/install/articubot_one/share/articubot_one/hook/cmake_prefix_path.sh'
[0.918s] Level 1:colcon.colcon_core.environment:checking '/home/calafaker/Control-Formation/ws/install/articubot_one/bin'
[0.918s] Level 1:colcon.colcon_core.environment:checking '/home/calafaker/Control-Formation/ws/install/articubot_one/lib/pkgconfig/articubot_one.pc'
[0.918s] Level 1:colcon.colcon_core.environment:checking '/home/calafaker/Control-Formation/ws/install/articubot_one/lib/python3.10/site-packages'
[0.918s] Level 1:colcon.colcon_core.environment:checking '/home/calafaker/Control-Formation/ws/install/articubot_one/bin'
[0.918s] INFO:colcon.colcon_core.shell:Creating package script '/home/calafaker/Control-Formation/ws/install/articubot_one/share/articubot_one/package.ps1'
[0.919s] INFO:colcon.colcon_core.shell:Creating package descriptor '/home/calafaker/Control-Formation/ws/install/articubot_one/share/articubot_one/package.dsv'
[0.919s] INFO:colcon.colcon_core.shell:Creating package script '/home/calafaker/Control-Formation/ws/install/articubot_one/share/articubot_one/package.sh'
[0.919s] INFO:colcon.colcon_core.shell:Creating package script '/home/calafaker/Control-Formation/ws/install/articubot_one/share/articubot_one/package.bash'
[0.919s] INFO:colcon.colcon_core.shell:Creating package script '/home/calafaker/Control-Formation/ws/install/articubot_one/share/articubot_one/package.zsh'
[0.920s] Level 1:colcon.colcon_core.environment:create_file_with_runtime_dependencies(/home/calafaker/Control-Formation/ws/install/articubot_one/share/colcon-core/packages/articubot_one)
[1.230s] DEBUG:colcon.colcon_core.event_handler.log_command:Invoking command in '/home/calafaker/Control-Formation/ws/build/simulation_pkg': PYTHONPATH=/home/calafaker/Control-Formation/ws/build/simulation_pkg/prefix_override:/usr/lib/python3/dist-packages/colcon_core/task/python/colcon_distutils_commands:/home/calafaker/Control-Formation/ws/install/simulation_pkg/lib/python3.10/site-packages:${PYTHONPATH} /usr/bin/python3 -W ignore:setup.py install is deprecated -W ignore:easy_install command is deprecated setup.py develop --editable --build-directory /home/calafaker/Control-Formation/ws/build/simulation_pkg/build --no-deps symlink_data
[1.235s] DEBUG:colcon.colcon_core.event_handler.log_command:Invoking command in '/home/calafaker/Control-Formation/ws/build/control_algorithms': PYTHONPATH=/home/calafaker/Control-Formation/ws/build/control_algorithms/prefix_override:/usr/lib/python3/dist-packages/colcon_core/task/python/colcon_distutils_commands:/home/calafaker/Control-Formation/ws/install/control_algorithms/lib/python3.10/site-packages:${PYTHONPATH} /usr/bin/python3 -W ignore:setup.py install is deprecated -W ignore:easy_install command is deprecated setup.py develop --editable --build-directory /home/calafaker/Control-Formation/ws/build/control_algorithms/build --no-deps symlink_data
[1.520s] Level 1:colcon.colcon_core.shell:create_environment_hook('simulation_pkg', 'pythonpath_develop')
[1.520s] INFO:colcon.colcon_core.shell:Creating environment hook '/home/calafaker/Control-Formation/ws/build/simulation_pkg/share/simulation_pkg/hook/pythonpath_develop.ps1'
[1.521s] INFO:colcon.colcon_core.shell:Creating environment descriptor '/home/calafaker/Control-Formation/ws/build/simulation_pkg/share/simulation_pkg/hook/pythonpath_develop.dsv'
[1.522s] DEBUG:colcon.colcon_core.event_handler.log_command:Invoked command in '/home/calafaker/Control-Formation/ws/build/simulation_pkg' returned '0': PYTHONPATH=/home/calafaker/Control-Formation/ws/build/simulation_pkg/prefix_override:/usr/lib/python3/dist-packages/colcon_core/task/python/colcon_distutils_commands:/home/calafaker/Control-Formation/ws/install/simulation_pkg/lib/python3.10/site-packages:${PYTHONPATH} /usr/bin/python3 -W ignore:setup.py install is deprecated -W ignore:easy_install command is deprecated setup.py develop --editable --build-directory /home/calafaker/Control-Formation/ws/build/simulation_pkg/build --no-deps symlink_data
[1.522s] INFO:colcon.colcon_core.shell:Creating environment hook '/home/calafaker/Control-Formation/ws/build/simulation_pkg/share/simulation_pkg/hook/pythonpath_develop.sh'
[1.522s] Level 1:colcon.colcon_core.environment:checking '/home/calafaker/Control-Formation/ws/install/simulation_pkg' for CMake module files
[1.523s] Level 1:colcon.colcon_core.environment:checking '/home/calafaker/Control-Formation/ws/install/simulation_pkg' for CMake config files
[1.524s] Level 1:colcon.colcon_core.environment:checking '/home/calafaker/Control-Formation/ws/install/simulation_pkg/lib'
[1.524s] Level 1:colcon.colcon_core.environment:checking '/home/calafaker/Control-Formation/ws/install/simulation_pkg/bin'
[1.524s] Level 1:colcon.colcon_core.environment:checking '/home/calafaker/Control-Formation/ws/install/simulation_pkg/lib/pkgconfig/simulation_pkg.pc'
[1.524s] Level 1:colcon.colcon_core.environment:checking '/home/calafaker/Control-Formation/ws/install/simulation_pkg/lib/python3.10/site-packages'
[1.524s] Level 1:colcon.colcon_core.shell:create_environment_hook('simulation_pkg', 'pythonpath')
[1.524s] INFO:colcon.colcon_core.shell:Creating environment hook '/home/calafaker/Control-Formation/ws/install/simulation_pkg/share/simulation_pkg/hook/pythonpath.ps1'
[1.524s] INFO:colcon.colcon_core.shell:Creating environment descriptor '/home/calafaker/Control-Formation/ws/install/simulation_pkg/share/simulation_pkg/hook/pythonpath.dsv'
[1.525s] INFO:colcon.colcon_core.shell:Creating environment hook '/home/calafaker/Control-Formation/ws/install/simulation_pkg/share/simulation_pkg/hook/pythonpath.sh'
[1.525s] Level 1:colcon.colcon_core.environment:checking '/home/calafaker/Control-Formation/ws/install/simulation_pkg/bin'
[1.525s] Level 1:colcon.colcon_core.environment:create_environment_scripts_only(simulation_pkg)
[1.525s] INFO:colcon.colcon_core.shell:Creating package script '/home/calafaker/Control-Formation/ws/install/simulation_pkg/share/simulation_pkg/package.ps1'
[1.525s] INFO:colcon.colcon_core.shell:Creating package descriptor '/home/calafaker/Control-Formation/ws/install/simulation_pkg/share/simulation_pkg/package.dsv'
[1.526s] INFO:colcon.colcon_core.shell:Creating package script '/home/calafaker/Control-Formation/ws/install/simulation_pkg/share/simulation_pkg/package.sh'
[1.526s] INFO:colcon.colcon_core.shell:Creating package script '/home/calafaker/Control-Formation/ws/install/simulation_pkg/share/simulation_pkg/package.bash'
[1.526s] INFO:colcon.colcon_core.shell:Creating package script '/home/calafaker/Control-Formation/ws/install/simulation_pkg/share/simulation_pkg/package.zsh'
[1.526s] Level 1:colcon.colcon_core.environment:create_file_with_runtime_dependencies(/home/calafaker/Control-Formation/ws/install/simulation_pkg/share/colcon-core/packages/simulation_pkg)
[1.528s] Level 1:colcon.colcon_core.shell:create_environment_hook('control_algorithms', 'pythonpath_develop')
[1.528s] DEBUG:colcon.colcon_core.event_handler.log_command:Invoked command in '/home/calafaker/Control-Formation/ws/build/control_algorithms' returned '0': PYTHONPATH=/home/calafaker/Control-Formation/ws/build/control_algorithms/prefix_override:/usr/lib/python3/dist-packages/colcon_core/task/python/colcon_distutils_commands:/home/calafaker/Control-Formation/ws/install/control_algorithms/lib/python3.10/site-packages:${PYTHONPATH} /usr/bin/python3 -W ignore:setup.py install is deprecated -W ignore:easy_install command is deprecated setup.py develop --editable --build-directory /home/calafaker/Control-Formation/ws/build/control_algorithms/build --no-deps symlink_data
[1.529s] INFO:colcon.colcon_core.shell:Creating environment hook '/home/calafaker/Control-Formation/ws/build/control_algorithms/share/control_algorithms/hook/pythonpath_develop.ps1'
[1.530s] INFO:colcon.colcon_core.shell:Creating environment descriptor '/home/calafaker/Control-Formation/ws/build/control_algorithms/share/control_algorithms/hook/pythonpath_develop.dsv'
[1.530s] INFO:colcon.colcon_core.shell:Creating environment hook '/home/calafaker/Control-Formation/ws/build/control_algorithms/share/control_algorithms/hook/pythonpath_develop.sh'
[1.530s] Level 1:colcon.colcon_core.environment:checking '/home/calafaker/Control-Formation/ws/install/control_algorithms' for CMake module files
[1.531s] Level 1:colcon.colcon_core.environment:checking '/home/calafaker/Control-Formation/ws/install/control_algorithms' for CMake config files
[1.531s] Level 1:colcon.colcon_core.environment:checking '/home/calafaker/Control-Formation/ws/install/control_algorithms/lib'
[1.531s] Level 1:colcon.colcon_core.environment:checking '/home/calafaker/Control-Formation/ws/install/control_algorithms/bin'
[1.531s] Level 1:colcon.colcon_core.environment:checking '/home/calafaker/Control-Formation/ws/install/control_algorithms/lib/pkgconfig/control_algorithms.pc'
[1.531s] Level 1:colcon.colcon_core.environment:checking '/home/calafaker/Control-Formation/ws/install/control_algorithms/lib/python3.10/site-packages'
[1.532s] Level 1:colcon.colcon_core.shell:create_environment_hook('control_algorithms', 'pythonpath')
[1.532s] INFO:colcon.colcon_core.shell:Creating environment hook '/home/calafaker/Control-Formation/ws/install/control_algorithms/share/control_algorithms/hook/pythonpath.ps1'
[1.532s] INFO:colcon.colcon_core.shell:Creating environment descriptor '/home/calafaker/Control-Formation/ws/install/control_algorithms/share/control_algorithms/hook/pythonpath.dsv'
[1.532s] INFO:colcon.colcon_core.shell:Creating environment hook '/home/calafaker/Control-Formation/ws/install/control_algorithms/share/control_algorithms/hook/pythonpath.sh'
[1.532s] Level 1:colcon.colcon_core.environment:checking '/home/calafaker/Control-Formation/ws/install/control_algorithms/bin'
[1.532s] Level 1:colcon.colcon_core.environment:create_environment_scripts_only(control_algorithms)
[1.533s] INFO:colcon.colcon_core.shell:Creating package script '/home/calafaker/Control-Formation/ws/install/control_algorithms/share/control_algorithms/package.ps1'
[1.533s] INFO:colcon.colcon_core.shell:Creating package descriptor '/home/calafaker/Control-Formation/ws/install/control_algorithms/share/control_algorithms/package.dsv'
[1.533s] INFO:colcon.colcon_core.shell:Creating package script '/home/calafaker/Control-Formation/ws/install/control_algorithms/share/control_algorithms/package.sh'
[1.533s] INFO:colcon.colcon_core.shell:Creating package script '/home/calafaker/Control-Formation/ws/install/control_algorithms/share/control_algorithms/package.bash'
[1.534s] INFO:colcon.colcon_core.shell:Creating package script '/home/calafaker/Control-Formation/ws/install/control_algorithms/share/control_algorithms/package.zsh'
[1.534s] Level 1:colcon.colcon_core.environment:create_file_with_runtime_dependencies(/home/calafaker/Control-Formation/ws/install/control_algorithms/share/colcon-core/packages/control_algorithms)
[1.534s] DEBUG:colcon.colcon_parallel_executor.executor.parallel:closing loop
[1.534s] DEBUG:colcon.colcon_parallel_executor.executor.parallel:loop closed
[1.534s] DEBUG:colcon.colcon_parallel_executor.executor.parallel:run_until_complete finished with '0'
[1.535s] DEBUG:colcon.colcon_core.event_reactor:joining thread
[1.581s] INFO:colcon.colcon_core.plugin_system:Skipping extension 'colcon_notification.desktop_notification.notify_send': Could not find 'notify-send'
[1.581s] INFO:colcon.colcon_core.plugin_system:Skipping extension 'colcon_notification.desktop_notification.terminal_notifier': Not used on non-Darwin systems
[1.581s] INFO:colcon.colcon_core.plugin_system:Skipping extension 'colcon_notification.desktop_notification.win32': Not used on non-Windows systems
[1.581s] INFO:colcon.colcon_notification.desktop_notification:Sending desktop notification using 'notify2'
[1.582s] DEBUG:colcon.colcon_notification.desktop_notification.notify2:Failed to initialize notify2: org.freedesktop.DBus.Error.ServiceUnknown: The name org.freedesktop.Notifications was not provided by any .service files
[1.582s] DEBUG:colcon.colcon_core.event_reactor:joined thread
[1.582s] INFO:colcon.colcon_core.shell:Creating prefix script '/home/calafaker/Control-Formation/ws/install/local_setup.ps1'
[1.583s] INFO:colcon.colcon_core.shell:Creating prefix util module '/home/calafaker/Control-Formation/ws/install/_local_setup_util_ps1.py'
[1.585s] INFO:colcon.colcon_core.shell:Creating prefix chain script '/home/calafaker/Control-Formation/ws/install/setup.ps1'
[1.585s] INFO:colcon.colcon_core.shell:Creating prefix script '/home/calafaker/Control-Formation/ws/install/local_setup.sh'
[1.586s] INFO:colcon.colcon_core.shell:Creating prefix util module '/home/calafaker/Control-Formation/ws/install/_local_setup_util_sh.py'
[1.586s] INFO:colcon.colcon_core.shell:Creating prefix chain script '/home/calafaker/Control-Formation/ws/install/setup.sh'
[1.587s] INFO:colcon.colcon_core.shell:Creating prefix script '/home/calafaker/Control-Formation/ws/install/local_setup.bash'
[1.587s] INFO:colcon.colcon_core.shell:Creating prefix chain script '/home/calafaker/Control-Formation/ws/install/setup.bash'
[1.588s] INFO:colcon.colcon_core.shell:Creating prefix script '/home/calafaker/Control-Formation/ws/install/local_setup.zsh'
[1.589s] INFO:colcon.colcon_core.shell:Creating prefix chain script '/home/calafaker/Control-Formation/ws/install/setup.zsh'
