running egg_info
creating ../../build/simulador/simulador.egg-info
writing ../../build/simulador/simulador.egg-info/PKG-INFO
writing dependency_links to ../../build/simulador/simulador.egg-info/dependency_links.txt
writing entry points to ../../build/simulador/simulador.egg-info/entry_points.txt
writing requirements to ../../build/simulador/simulador.egg-info/requires.txt
writing top-level names to ../../build/simulador/simulador.egg-info/top_level.txt
writing manifest file '../../build/simulador/simulador.egg-info/SOURCES.txt'
reading manifest file '../../build/simulador/simulador.egg-info/SOURCES.txt'
writing manifest file '../../build/simulador/simulador.egg-info/SOURCES.txt'
running build
running build_py
creating /home/calafaker/Control-Formation/ws3/build/simulador/build
creating /home/calafaker/Control-Formation/ws3/build/simulador/build/lib
creating /home/calafaker/Control-Formation/ws3/build/simulador/build/lib/simulador
copying simulador/__init__.py -> /home/calafaker/Control-Formation/ws3/build/simulador/build/lib/simulador
running install
running install_lib
creating /home/calafaker/Control-Formation/ws3/install/simulador/lib/python3.10/site-packages/simulador
copying /home/calafaker/Control-Formation/ws3/build/simulador/build/lib/simulador/__init__.py -> /home/calafaker/Control-Formation/ws3/install/simulador/lib/python3.10/site-packages/simulador
byte-compiling /home/calafaker/Control-Formation/ws3/install/simulador/lib/python3.10/site-packages/simulador/__init__.py to __init__.cpython-310.pyc
running install_data
creating /home/calafaker/Control-Formation/ws3/install/simulador/share/ament_index
creating /home/calafaker/Control-Formation/ws3/install/simulador/share/ament_index/resource_index
creating /home/calafaker/Control-Formation/ws3/install/simulador/share/ament_index/resource_index/packages
copying resource/simulador -> /home/calafaker/Control-Formation/ws3/install/simulador/share/ament_index/resource_index/packages
copying package.xml -> /home/calafaker/Control-Formation/ws3/install/simulador/share/simulador
creating /home/calafaker/Control-Formation/ws3/install/simulador/share/simulador/launch
copying launch/simulacion.launch.py -> /home/calafaker/Control-Formation/ws3/install/simulador/share/simulador/launch
running install_egg_info
Copying ../../build/simulador/simulador.egg-info to /home/calafaker/Control-Formation/ws3/install/simulador/lib/python3.10/site-packages/simulador-0.0.0-py3.10.egg-info
running install_scripts
writing list of installed files to '/home/calafaker/Control-Formation/ws3/build/simulador/install.log'
