[0.884s] Invoking command in '/home/calafaker/Control-Formation/ws3/src/simulador': PYTHONPATH=/home/calafaker/Control-Formation/ws3/build/simulador/prefix_override:/usr/lib/python3/dist-packages/colcon_core/task/python/colcon_distutils_commands:/home/calafaker/Control-Formation/ws3/install/simulador/lib/python3.10/site-packages:${PYTHONPATH} /usr/bin/python3 -W ignore:setup.py install is deprecated -W ignore:easy_install command is deprecated setup.py egg_info --egg-base ../../build/simulador build --build-base /home/calafaker/Control-Formation/ws3/build/simulador/build install --record /home/calafaker/Control-Formation/ws3/build/simulador/install.log --single-version-externally-managed install_data
[1.091s] running egg_info
[1.092s] writing ../../build/simulador/simulador.egg-info/PKG-INFO
[1.092s] writing dependency_links to ../../build/simulador/simulador.egg-info/dependency_links.txt
[1.093s] writing entry points to ../../build/simulador/simulador.egg-info/entry_points.txt
[1.093s] writing requirements to ../../build/simulador/simulador.egg-info/requires.txt
[1.093s] writing top-level names to ../../build/simulador/simulador.egg-info/top_level.txt
[1.094s] reading manifest file '../../build/simulador/simulador.egg-info/SOURCES.txt'
[1.095s] writing manifest file '../../build/simulador/simulador.egg-info/SOURCES.txt'
[1.095s] running build
[1.096s] running build_py
[1.096s] copying simulador/pva_plotter.py -> /home/calafaker/Control-Formation/ws3/build/simulador/build/lib/simulador
[1.096s] running install
[1.096s] running install_lib
[1.097s] copying /home/calafaker/Control-Formation/ws3/build/simulador/build/lib/simulador/pva_plotter.py -> /home/calafaker/Control-Formation/ws3/install/simulador/lib/python3.10/site-packages/simulador
[1.098s] byte-compiling /home/calafaker/Control-Formation/ws3/install/simulador/lib/python3.10/site-packages/simulador/pva_plotter.py to pva_plotter.cpython-310.pyc
[1.099s] running install_data
[1.099s] running install_egg_info
[1.101s] removing '/home/calafaker/Control-Formation/ws3/install/simulador/lib/python3.10/site-packages/simulador-0.0.0-py3.10.egg-info' (and everything under it)
[1.101s] Copying ../../build/simulador/simulador.egg-info to /home/calafaker/Control-Formation/ws3/install/simulador/lib/python3.10/site-packages/simulador-0.0.0-py3.10.egg-info
[1.103s] running install_scripts
[1.129s] Installing aire script to /home/calafaker/Control-Formation/ws3/install/simulador/lib/simulador
[1.129s] Installing pva_plotter script to /home/calafaker/Control-Formation/ws3/install/simulador/lib/simulador
[1.129s] Installing states_plotter script to /home/calafaker/Control-Formation/ws3/install/simulador/lib/simulador
[1.129s] Installing states_plotter_v2 script to /home/calafaker/Control-Formation/ws3/install/simulador/lib/simulador
[1.130s] writing list of installed files to '/home/calafaker/Control-Formation/ws3/build/simulador/install.log'
[1.150s] Invoked command in '/home/calafaker/Control-Formation/ws3/src/simulador' returned '0': PYTHONPATH=/home/calafaker/Control-Formation/ws3/build/simulador/prefix_override:/usr/lib/python3/dist-packages/colcon_core/task/python/colcon_distutils_commands:/home/calafaker/Control-Formation/ws3/install/simulador/lib/python3.10/site-packages:${PYTHONPATH} /usr/bin/python3 -W ignore:setup.py install is deprecated -W ignore:easy_install command is deprecated setup.py egg_info --egg-base ../../build/simulador build --build-base /home/calafaker/Control-Formation/ws3/build/simulador/build install --record /home/calafaker/Control-Formation/ws3/build/simulador/install.log --single-version-externally-managed install_data
