[0.841s] Invoking command in '/home/calafaker/Control-Formation/ws3/src/simulador': PYTHONPATH=/home/calafaker/Control-Formation/ws3/build/simulador/prefix_override:/usr/lib/python3/dist-packages/colcon_core/task/python/colcon_distutils_commands:/home/calafaker/Control-Formation/ws3/install/simulador/lib/python3.10/site-packages:${PYTHONPATH} /usr/bin/python3 -W ignore:setup.py install is deprecated -W ignore:easy_install command is deprecated setup.py egg_info --egg-base ../../build/simulador build --build-base /home/calafaker/Control-Formation/ws3/build/simulador/build install --record /home/calafaker/Control-Formation/ws3/build/simulador/install.log --single-version-externally-managed install_data
[1.019s] running egg_info
[1.019s] writing ../../build/simulador/simulador.egg-info/PKG-INFO
[1.020s] writing dependency_links to ../../build/simulador/simulador.egg-info/dependency_links.txt
[1.020s] writing entry points to ../../build/simulador/simulador.egg-info/entry_points.txt
[1.020s] writing requirements to ../../build/simulador/simulador.egg-info/requires.txt
[1.020s] writing top-level names to ../../build/simulador/simulador.egg-info/top_level.txt
[1.021s] reading manifest file '../../build/simulador/simulador.egg-info/SOURCES.txt'
[1.022s] writing manifest file '../../build/simulador/simulador.egg-info/SOURCES.txt'
[1.022s] running build
[1.022s] running build_py
[1.022s] running install
[1.023s] running install_lib
[1.023s] running install_data
[1.024s] copying launch/vs_formacion.launch.py -> /home/calafaker/Control-Formation/ws3/install/simulador/share/simulador/launch
[1.024s] copying launch/vs_formacion_noble.launch.py -> /home/calafaker/Control-Formation/ws3/install/simulador/share/simulador/launch
[1.024s] running install_egg_info
[1.026s] removing '/home/calafaker/Control-Formation/ws3/install/simulador/lib/python3.10/site-packages/simulador-0.0.0-py3.10.egg-info' (and everything under it)
[1.026s] Copying ../../build/simulador/simulador.egg-info to /home/calafaker/Control-Formation/ws3/install/simulador/lib/python3.10/site-packages/simulador-0.0.0-py3.10.egg-info
[1.027s] running install_scripts
[1.041s] Installing aire script to /home/calafaker/Control-Formation/ws3/install/simulador/lib/simulador
[1.041s] Installing camera_zoom script to /home/calafaker/Control-Formation/ws3/install/simulador/lib/simulador
[1.041s] Installing gif_recorder script to /home/calafaker/Control-Formation/ws3/install/simulador/lib/simulador
[1.041s] Installing pva_plotter script to /home/calafaker/Control-Formation/ws3/install/simulador/lib/simulador
[1.042s] Installing sphere_demo script to /home/calafaker/Control-Formation/ws3/install/simulador/lib/simulador
[1.042s] Installing states_plotter_v2 script to /home/calafaker/Control-Formation/ws3/install/simulador/lib/simulador
[1.042s] Installing vs_node script to /home/calafaker/Control-Formation/ws3/install/simulador/lib/simulador
[1.042s] writing list of installed files to '/home/calafaker/Control-Formation/ws3/build/simulador/install.log'
[1.058s] Invoked command in '/home/calafaker/Control-Formation/ws3/src/simulador' returned '0': PYTHONPATH=/home/calafaker/Control-Formation/ws3/build/simulador/prefix_override:/usr/lib/python3/dist-packages/colcon_core/task/python/colcon_distutils_commands:/home/calafaker/Control-Formation/ws3/install/simulador/lib/python3.10/site-packages:${PYTHONPATH} /usr/bin/python3 -W ignore:setup.py install is deprecated -W ignore:easy_install command is deprecated setup.py egg_info --egg-base ../../build/simulador build --build-base /home/calafaker/Control-Formation/ws3/build/simulador/build install --record /home/calafaker/Control-Formation/ws3/build/simulador/install.log --single-version-externally-managed install_data
