[0.789s] Invoking command in '/home/calafaker/Control-Formation/ws3/src/simulador': PYTHONPATH=/home/calafaker/Control-Formation/ws3/build/simulador/prefix_override:/usr/lib/python3/dist-packages/colcon_core/task/python/colcon_distutils_commands:/home/calafaker/Control-Formation/ws3/install/simulador/lib/python3.10/site-packages:${PYTHONPATH} /usr/bin/python3 -W ignore:setup.py install is deprecated -W ignore:easy_install command is deprecated setup.py egg_info --egg-base ../../build/simulador build --build-base /home/calafaker/Control-Formation/ws3/build/simulador/build install --record /home/calafaker/Control-Formation/ws3/build/simulador/install.log --single-version-externally-managed install_data
[0.943s] running egg_info
[0.944s] writing ../../build/simulador/simulador.egg-info/PKG-INFO
[0.944s] writing dependency_links to ../../build/simulador/simulador.egg-info/dependency_links.txt
[0.944s] writing entry points to ../../build/simulador/simulador.egg-info/entry_points.txt
[0.944s] writing requirements to ../../build/simulador/simulador.egg-info/requires.txt
[0.944s] writing top-level names to ../../build/simulador/simulador.egg-info/top_level.txt
[0.945s] reading manifest file '../../build/simulador/simulador.egg-info/SOURCES.txt'
[0.946s] writing manifest file '../../build/simulador/simulador.egg-info/SOURCES.txt'
[0.947s] running build
[0.947s] running build_py
[0.947s] running install
[0.947s] running install_lib
[0.948s] running install_data
[0.948s] running install_egg_info
[0.949s] removing '/home/calafaker/Control-Formation/ws3/install/simulador/lib/python3.10/site-packages/simulador-0.0.0-py3.10.egg-info' (and everything under it)
[0.949s] Copying ../../build/simulador/simulador.egg-info to /home/calafaker/Control-Formation/ws3/install/simulador/lib/python3.10/site-packages/simulador-0.0.0-py3.10.egg-info
[0.951s] running install_scripts
[0.966s] Installing aire script to /home/calafaker/Control-Formation/ws3/install/simulador/lib/simulador
[0.966s] writing list of installed files to '/home/calafaker/Control-Formation/ws3/build/simulador/install.log'
[0.984s] Invoked command in '/home/calafaker/Control-Formation/ws3/src/simulador' returned '0': PYTHONPATH=/home/calafaker/Control-Formation/ws3/build/simulador/prefix_override:/usr/lib/python3/dist-packages/colcon_core/task/python/colcon_distutils_commands:/home/calafaker/Control-Formation/ws3/install/simulador/lib/python3.10/site-packages:${PYTHONPATH} /usr/bin/python3 -W ignore:setup.py install is deprecated -W ignore:easy_install command is deprecated setup.py egg_info --egg-base ../../build/simulador build --build-base /home/calafaker/Control-Formation/ws3/build/simulador/build install --record /home/calafaker/Control-Formation/ws3/build/simulador/install.log --single-version-externally-managed install_data
