running develop
running egg_info
creating simulation_pkg.egg-info
writing simulation_pkg.egg-info/PKG-INFO
writing dependency_links to simulation_pkg.egg-info/dependency_links.txt
writing entry points to simulation_pkg.egg-info/entry_points.txt
writing requirements to simulation_pkg.egg-info/requires.txt
writing top-level names to simulation_pkg.egg-info/top_level.txt
writing manifest file 'simulation_pkg.egg-info/SOURCES.txt'
reading manifest file 'simulation_pkg.egg-info/SOURCES.txt'
writing manifest file 'simulation_pkg.egg-info/SOURCES.txt'
running build_ext
Creating /home/calafaker/Control-Formation/ws/install/simulation_pkg/lib/python3.10/site-packages/simulation-pkg.egg-link (link to .)
Installing hmi_master script to /home/calafaker/Control-Formation/ws/install/simulation_pkg/lib/simulation_pkg
Installing hmi_node script to /home/calafaker/Control-Formation/ws/install/simulation_pkg/lib/simulation_pkg

Installed /home/calafaker/Control-Formation/ws/build/simulation_pkg
running symlink_data
creating /home/calafaker/Control-Formation/ws/install/simulation_pkg/share/ament_index
creating /home/calafaker/Control-Formation/ws/install/simulation_pkg/share/ament_index/resource_index
creating /home/calafaker/Control-Formation/ws/install/simulation_pkg/share/ament_index/resource_index/packages
symbolically linking /home/calafaker/Control-Formation/ws/build/simulation_pkg/resource/simulation_pkg -> /home/calafaker/Control-Formation/ws/install/simulation_pkg/share/ament_index/resource_index/packages
symbolically linking /home/calafaker/Control-Formation/ws/build/simulation_pkg/package.xml -> /home/calafaker/Control-Formation/ws/install/simulation_pkg/share/simulation_pkg
creating /home/calafaker/Control-Formation/ws/install/simulation_pkg/share/simulation_pkg/launch
symbolically linking /home/calafaker/Control-Formation/ws/build/simulation_pkg/launch/hmi.launch.py -> /home/calafaker/Control-Formation/ws/install/simulation_pkg/share/simulation_pkg/launch
