-- Found ament_cmake: 1.3.12 (/opt/ros/humble/share/ament_cmake/cmake)
-- Found rosidl_default_generators: 1.2.0 (/opt/ros/humble/share/rosidl_default_generators/cmake)
-- Using all available rosidl_typesupport_c: rosidl_typesupport_fastrtps_c;rosidl_typesupport_introspection_c
-- Found rosidl_adapter: 3.1.7 (/opt/ros/humble/share/rosidl_adapter/cmake)
-- Using all available rosidl_typesupport_cpp: rosidl_typesupport_fastrtps_cpp;rosidl_typesupport_introspection_cpp
-- Found ament_cmake_ros: 0.10.0 (/opt/ros/humble/share/ament_cmake_ros/cmake)
-- Using all available rosidl_typesupport_c: rosidl_typesupport_fastrtps_c;rosidl_typesupport_introspection_c
-- Using all available rosidl_typesupport_cpp: rosidl_typesupport_fastrtps_cpp;rosidl_typesupport_introspection_cpp
-- Found python_cmake_module: 0.10.0 (/opt/ros/humble/share/python_cmake_module/cmake)
-- Using PYTHON_EXECUTABLE: /usr/bin/python3
-- Using PYTHON_INCLUDE_DIRS: /usr/include/python3.10
-- Using PYTHON_LIBRARIES: /usr/lib/x86_64-linux-gnu/libpython3.10.so
-- Configuring done
-- Generating done
-- Build files have been written to: /home/calafaker/Control-Formation/ws3/build/multi_robot_interfaces
[  2%] [34m[1mGenerating C code for ROS interfaces[0m
[  5%] [34m[1mGenerating C++ code for ROS interfaces[0m
[  5%] Built target ament_cmake_python_copy_multi_robot_interfaces
running egg_info
writing multi_robot_interfaces.egg-info/PKG-INFO
writing dependency_links to multi_robot_interfaces.egg-info/dependency_links.txt
writing top-level names to multi_robot_interfaces.egg-info/top_level.txt
reading manifest file 'multi_robot_interfaces.egg-info/SOURCES.txt'
writing manifest file 'multi_robot_interfaces.egg-info/SOURCES.txt'
[35m[1mConsolidate compiler generated dependencies of target multi_robot_interfaces__rosidl_generator_c[0m
[ 10%] [32mBuilding C object CMakeFiles/multi_robot_interfaces__rosidl_generator_c.dir/rosidl_generator_c/multi_robot_interfaces/msg/detail/robot_state__functions.c.o[0m
[ 10%] [32mBuilding C object CMakeFiles/multi_robot_interfaces__rosidl_generator_c.dir/rosidl_generator_c/multi_robot_interfaces/msg/detail/pva_constraints__functions.c.o[0m
[ 10%] Built target multi_robot_interfaces__cpp
[ 10%] Built target ament_cmake_python_build_multi_robot_interfaces_egg
[ 17%] [34m[1mGenerating C++ type support for eProsima Fast-RTPS[0m
[ 17%] [34m[1mGenerating C++ type support dispatch for ROS interfaces[0m
[ 17%] [34m[1mGenerating C++ introspection for ROS interfaces[0m
[ 20%] [32m[1mLinking C shared library libmulti_robot_interfaces__rosidl_generator_c.so[0m
[35m[1mConsolidate compiler generated dependencies of target multi_robot_interfaces__rosidl_typesupport_cpp[0m
[35m[1mConsolidate compiler generated dependencies of target multi_robot_interfaces__rosidl_typesupport_introspection_cpp[0m
[ 23%] [32mBuilding CXX object CMakeFiles/multi_robot_interfaces__rosidl_typesupport_cpp.dir/rosidl_typesupport_cpp/multi_robot_interfaces/msg/pva_constraints__type_support.cpp.o[0m
[ 25%] [32mBuilding CXX object CMakeFiles/multi_robot_interfaces__rosidl_typesupport_cpp.dir/rosidl_typesupport_cpp/multi_robot_interfaces/msg/robot_state__type_support.cpp.o[0m
[ 30%] [32mBuilding CXX object CMakeFiles/multi_robot_interfaces__rosidl_typesupport_introspection_cpp.dir/rosidl_typesupport_introspection_cpp/multi_robot_interfaces/msg/detail/pva_constraints__type_support.cpp.o[0m
[ 30%] [32mBuilding CXX object CMakeFiles/multi_robot_interfaces__rosidl_typesupport_introspection_cpp.dir/rosidl_typesupport_introspection_cpp/multi_robot_interfaces/msg/detail/robot_state__type_support.cpp.o[0m
[ 30%] Built target multi_robot_interfaces__rosidl_generator_c
[ 33%] [34m[1mGenerating C type support for eProsima Fast-RTPS[0m
[ 35%] [34m[1mGenerating C introspection for ROS interfaces[0m
[ 38%] [34m[1mGenerating C type support dispatch for ROS interfaces[0m
[35m[1mConsolidate compiler generated dependencies of target multi_robot_interfaces__rosidl_typesupport_fastrtps_cpp[0m
[ 41%] [32mBuilding CXX object CMakeFiles/multi_robot_interfaces__rosidl_typesupport_fastrtps_cpp.dir/rosidl_typesupport_fastrtps_cpp/multi_robot_interfaces/msg/detail/dds_fastrtps/robot_state__type_support.cpp.o[0m
[ 43%] [32mBuilding CXX object CMakeFiles/multi_robot_interfaces__rosidl_typesupport_fastrtps_cpp.dir/rosidl_typesupport_fastrtps_cpp/multi_robot_interfaces/msg/detail/dds_fastrtps/pva_constraints__type_support.cpp.o[0m
[35m[1mConsolidate compiler generated dependencies of target multi_robot_interfaces__rosidl_typesupport_c[0m
[ 46%] [32mBuilding CXX object CMakeFiles/multi_robot_interfaces__rosidl_typesupport_c.dir/rosidl_typesupport_c/multi_robot_interfaces/msg/pva_constraints__type_support.cpp.o[0m
[ 48%] [32mBuilding CXX object CMakeFiles/multi_robot_interfaces__rosidl_typesupport_c.dir/rosidl_typesupport_c/multi_robot_interfaces/msg/robot_state__type_support.cpp.o[0m
[35m[1mConsolidate compiler generated dependencies of target multi_robot_interfaces__rosidl_typesupport_introspection_c[0m
[ 51%] [32mBuilding C object CMakeFiles/multi_robot_interfaces__rosidl_typesupport_introspection_c.dir/rosidl_typesupport_introspection_c/multi_robot_interfaces/msg/detail/robot_state__type_support.c.o[0m
[ 53%] [32mBuilding C object CMakeFiles/multi_robot_interfaces__rosidl_typesupport_introspection_c.dir/rosidl_typesupport_introspection_c/multi_robot_interfaces/msg/detail/pva_constraints__type_support.c.o[0m
[35m[1mConsolidate compiler generated dependencies of target multi_robot_interfaces__rosidl_typesupport_fastrtps_c[0m
[ 56%] [32m[1mLinking CXX shared library libmulti_robot_interfaces__rosidl_typesupport_c.so[0m
[ 58%] [32m[1mLinking CXX shared library libmulti_robot_interfaces__rosidl_typesupport_cpp.so[0m
[ 64%] [32mBuilding CXX object CMakeFiles/multi_robot_interfaces__rosidl_typesupport_fastrtps_c.dir/rosidl_typesupport_fastrtps_c/multi_robot_interfaces/msg/detail/robot_state__type_support_c.cpp.o[0m
[ 64%] [32mBuilding CXX object CMakeFiles/multi_robot_interfaces__rosidl_typesupport_fastrtps_c.dir/rosidl_typesupport_fastrtps_c/multi_robot_interfaces/msg/detail/pva_constraints__type_support_c.cpp.o[0m
[ 66%] [32m[1mLinking C shared library libmulti_robot_interfaces__rosidl_typesupport_introspection_c.so[0m
[ 66%] Built target multi_robot_interfaces__rosidl_typesupport_c
[ 66%] Built target multi_robot_interfaces__rosidl_typesupport_cpp
[ 69%] [32m[1mLinking CXX shared library libmulti_robot_interfaces__rosidl_typesupport_introspection_cpp.so[0m
[ 69%] Built target multi_robot_interfaces__rosidl_typesupport_introspection_c
[ 71%] [32m[1mLinking CXX shared library libmulti_robot_interfaces__rosidl_typesupport_fastrtps_cpp.so[0m
[ 74%] [32m[1mLinking CXX shared library libmulti_robot_interfaces__rosidl_typesupport_fastrtps_c.so[0m
[ 74%] Built target multi_robot_interfaces__rosidl_typesupport_introspection_cpp
[ 74%] Built target multi_robot_interfaces__rosidl_typesupport_fastrtps_cpp
[ 74%] Built target multi_robot_interfaces__rosidl_typesupport_fastrtps_c
[ 74%] Built target multi_robot_interfaces
[ 76%] [34m[1mGenerating Python code for ROS interfaces[0m
[ 76%] Built target multi_robot_interfaces__py
[35m[1mConsolidate compiler generated dependencies of target multi_robot_interfaces__rosidl_generator_py[0m
[ 82%] [32mBuilding C object CMakeFiles/multi_robot_interfaces__rosidl_generator_py.dir/rosidl_generator_py/multi_robot_interfaces/msg/_robot_state_s.c.o[0m
[ 82%] [32mBuilding C object CMakeFiles/multi_robot_interfaces__rosidl_generator_py.dir/rosidl_generator_py/multi_robot_interfaces/msg/_pva_constraints_s.c.o[0m
[ 84%] [32m[1mLinking C shared library rosidl_generator_py/multi_robot_interfaces/libmulti_robot_interfaces__rosidl_generator_py.so[0m
[ 84%] Built target multi_robot_interfaces__rosidl_generator_py
[35m[1mConsolidate compiler generated dependencies of target multi_robot_interfaces__rosidl_typesupport_introspection_c__pyext[0m
[35m[1mConsolidate compiler generated dependencies of target multi_robot_interfaces__rosidl_typesupport_fastrtps_c__pyext[0m
[35m[1mConsolidate compiler generated dependencies of target multi_robot_interfaces__rosidl_typesupport_c__pyext[0m
[ 87%] [32mBuilding C object CMakeFiles/multi_robot_interfaces__rosidl_typesupport_c__pyext.dir/rosidl_generator_py/multi_robot_interfaces/_multi_robot_interfaces_s.ep.rosidl_typesupport_c.c.o[0m
[ 89%] [32mBuilding C object CMakeFiles/multi_robot_interfaces__rosidl_typesupport_introspection_c__pyext.dir/rosidl_generator_py/multi_robot_interfaces/_multi_robot_interfaces_s.ep.rosidl_typesupport_introspection_c.c.o[0m
[ 92%] [32mBuilding C object CMakeFiles/multi_robot_interfaces__rosidl_typesupport_fastrtps_c__pyext.dir/rosidl_generator_py/multi_robot_interfaces/_multi_robot_interfaces_s.ep.rosidl_typesupport_fastrtps_c.c.o[0m
[ 94%] [32m[1mLinking C shared library rosidl_generator_py/multi_robot_interfaces/multi_robot_interfaces_s__rosidl_typesupport_c.cpython-310-x86_64-linux-gnu.so[0m
[ 97%] [32m[1mLinking C shared library rosidl_generator_py/multi_robot_interfaces/multi_robot_interfaces_s__rosidl_typesupport_introspection_c.cpython-310-x86_64-linux-gnu.so[0m
[100%] [32m[1mLinking C shared library rosidl_generator_py/multi_robot_interfaces/multi_robot_interfaces_s__rosidl_typesupport_fastrtps_c.cpython-310-x86_64-linux-gnu.so[0m
[100%] Built target multi_robot_interfaces__rosidl_typesupport_introspection_c__pyext
[100%] Built target multi_robot_interfaces__rosidl_typesupport_fastrtps_c__pyext
[100%] Built target multi_robot_interfaces__rosidl_typesupport_c__pyext
-- Install configuration: ""
-- Installing: /home/calafaker/Control-Formation/ws3/install/multi_robot_interfaces/share/ament_index/resource_index/rosidl_interfaces/multi_robot_interfaces
-- Up-to-date: /home/calafaker/Control-Formation/ws3/install/multi_robot_interfaces/include/multi_robot_interfaces/multi_robot_interfaces
-- Up-to-date: /home/calafaker/Control-Formation/ws3/install/multi_robot_interfaces/include/multi_robot_interfaces/multi_robot_interfaces/msg
-- Up-to-date: /home/calafaker/Control-Formation/ws3/install/multi_robot_interfaces/include/multi_robot_interfaces/multi_robot_interfaces/msg/rosidl_generator_c__visibility_control.h
-- Installing: /home/calafaker/Control-Formation/ws3/install/multi_robot_interfaces/include/multi_robot_interfaces/multi_robot_interfaces/msg/robot_state.h
-- Installing: /home/calafaker/Control-Formation/ws3/install/multi_robot_interfaces/include/multi_robot_interfaces/multi_robot_interfaces/msg/pva_constraints.h
-- Up-to-date: /home/calafaker/Control-Formation/ws3/install/multi_robot_interfaces/include/multi_robot_interfaces/multi_robot_interfaces/msg/detail
-- Installing: /home/calafaker/Control-Formation/ws3/install/multi_robot_interfaces/include/multi_robot_interfaces/multi_robot_interfaces/msg/detail/pva_constraints__type_support.h
-- Installing: /home/calafaker/Control-Formation/ws3/install/multi_robot_interfaces/include/multi_robot_interfaces/multi_robot_interfaces/msg/detail/robot_state__struct.h
-- Installing: /home/calafaker/Control-Formation/ws3/install/multi_robot_interfaces/include/multi_robot_interfaces/multi_robot_interfaces/msg/detail/pva_constraints__functions.c
-- Installing: /home/calafaker/Control-Formation/ws3/install/multi_robot_interfaces/include/multi_robot_interfaces/multi_robot_interfaces/msg/detail/robot_state__functions.c
-- Installing: /home/calafaker/Control-Formation/ws3/install/multi_robot_interfaces/include/multi_robot_interfaces/multi_robot_interfaces/msg/detail/robot_state__functions.h
-- Installing: /home/calafaker/Control-Formation/ws3/install/multi_robot_interfaces/include/multi_robot_interfaces/multi_robot_interfaces/msg/detail/robot_state__type_support.h
-- Installing: /home/calafaker/Control-Formation/ws3/install/multi_robot_interfaces/include/multi_robot_interfaces/multi_robot_interfaces/msg/detail/pva_constraints__functions.h
-- Installing: /home/calafaker/Control-Formation/ws3/install/multi_robot_interfaces/include/multi_robot_interfaces/multi_robot_interfaces/msg/detail/pva_constraints__struct.h
-- Up-to-date: /home/calafaker/Control-Formation/ws3/install/multi_robot_interfaces/share/multi_robot_interfaces/environment/library_path.sh
-- Installing: /home/calafaker/Control-Formation/ws3/install/multi_robot_interfaces/share/multi_robot_interfaces/environment/library_path.dsv
-- Installing: /home/calafaker/Control-Formation/ws3/install/multi_robot_interfaces/lib/libmulti_robot_interfaces__rosidl_generator_c.so
-- Set runtime path of "/home/calafaker/Control-Formation/ws3/install/multi_robot_interfaces/lib/libmulti_robot_interfaces__rosidl_generator_c.so" to ""
-- Up-to-date: /home/calafaker/Control-Formation/ws3/install/multi_robot_interfaces/include/multi_robot_interfaces/multi_robot_interfaces
-- Up-to-date: /home/calafaker/Control-Formation/ws3/install/multi_robot_interfaces/include/multi_robot_interfaces/multi_robot_interfaces/msg
-- Up-to-date: /home/calafaker/Control-Formation/ws3/install/multi_robot_interfaces/include/multi_robot_interfaces/multi_robot_interfaces/msg/rosidl_typesupport_fastrtps_c__visibility_control.h
-- Up-to-date: /home/calafaker/Control-Formation/ws3/install/multi_robot_interfaces/include/multi_robot_interfaces/multi_robot_interfaces/msg/detail
-- Installing: /home/calafaker/Control-Formation/ws3/install/multi_robot_interfaces/include/multi_robot_interfaces/multi_robot_interfaces/msg/detail/robot_state__rosidl_typesupport_fastrtps_c.h
-- Installing: /home/calafaker/Control-Formation/ws3/install/multi_robot_interfaces/include/multi_robot_interfaces/multi_robot_interfaces/msg/detail/pva_constraints__rosidl_typesupport_fastrtps_c.h
-- Installing: /home/calafaker/Control-Formation/ws3/install/multi_robot_interfaces/lib/libmulti_robot_interfaces__rosidl_typesupport_fastrtps_c.so
-- Set runtime path of "/home/calafaker/Control-Formation/ws3/install/multi_robot_interfaces/lib/libmulti_robot_interfaces__rosidl_typesupport_fastrtps_c.so" to ""
-- Up-to-date: /home/calafaker/Control-Formation/ws3/install/multi_robot_interfaces/include/multi_robot_interfaces/multi_robot_interfaces
-- Up-to-date: /home/calafaker/Control-Formation/ws3/install/multi_robot_interfaces/include/multi_robot_interfaces/multi_robot_interfaces/msg
-- Up-to-date: /home/calafaker/Control-Formation/ws3/install/multi_robot_interfaces/include/multi_robot_interfaces/multi_robot_interfaces/msg/rosidl_typesupport_introspection_c__visibility_control.h
-- Up-to-date: /home/calafaker/Control-Formation/ws3/install/multi_robot_interfaces/include/multi_robot_interfaces/multi_robot_interfaces/msg/detail
-- Installing: /home/calafaker/Control-Formation/ws3/install/multi_robot_interfaces/include/multi_robot_interfaces/multi_robot_interfaces/msg/detail/pva_constraints__type_support.c
-- Installing: /home/calafaker/Control-Formation/ws3/install/multi_robot_interfaces/include/multi_robot_interfaces/multi_robot_interfaces/msg/detail/robot_state__type_support.c
-- Installing: /home/calafaker/Control-Formation/ws3/install/multi_robot_interfaces/include/multi_robot_interfaces/multi_robot_interfaces/msg/detail/robot_state__rosidl_typesupport_introspection_c.h
-- Installing: /home/calafaker/Control-Formation/ws3/install/multi_robot_interfaces/include/multi_robot_interfaces/multi_robot_interfaces/msg/detail/pva_constraints__rosidl_typesupport_introspection_c.h
-- Installing: /home/calafaker/Control-Formation/ws3/install/multi_robot_interfaces/lib/libmulti_robot_interfaces__rosidl_typesupport_introspection_c.so
-- Set runtime path of "/home/calafaker/Control-Formation/ws3/install/multi_robot_interfaces/lib/libmulti_robot_interfaces__rosidl_typesupport_introspection_c.so" to ""
-- Installing: /home/calafaker/Control-Formation/ws3/install/multi_robot_interfaces/lib/libmulti_robot_interfaces__rosidl_typesupport_c.so
-- Set runtime path of "/home/calafaker/Control-Formation/ws3/install/multi_robot_interfaces/lib/libmulti_robot_interfaces__rosidl_typesupport_c.so" to ""
-- Up-to-date: /home/calafaker/Control-Formation/ws3/install/multi_robot_interfaces/include/multi_robot_interfaces/multi_robot_interfaces
-- Up-to-date: /home/calafaker/Control-Formation/ws3/install/multi_robot_interfaces/include/multi_robot_interfaces/multi_robot_interfaces/msg
-- Up-to-date: /home/calafaker/Control-Formation/ws3/install/multi_robot_interfaces/include/multi_robot_interfaces/multi_robot_interfaces/msg/rosidl_generator_cpp__visibility_control.hpp
-- Installing: /home/calafaker/Control-Formation/ws3/install/multi_robot_interfaces/include/multi_robot_interfaces/multi_robot_interfaces/msg/pva_constraints.hpp
-- Installing: /home/calafaker/Control-Formation/ws3/install/multi_robot_interfaces/include/multi_robot_interfaces/multi_robot_interfaces/msg/robot_state.hpp
-- Up-to-date: /home/calafaker/Control-Formation/ws3/install/multi_robot_interfaces/include/multi_robot_interfaces/multi_robot_interfaces/msg/detail
-- Installing: /home/calafaker/Control-Formation/ws3/install/multi_robot_interfaces/include/multi_robot_interfaces/multi_robot_interfaces/msg/detail/robot_state__type_support.hpp
-- Installing: /home/calafaker/Control-Formation/ws3/install/multi_robot_interfaces/include/multi_robot_interfaces/multi_robot_interfaces/msg/detail/robot_state__builder.hpp
-- Installing: /home/calafaker/Control-Formation/ws3/install/multi_robot_interfaces/include/multi_robot_interfaces/multi_robot_interfaces/msg/detail/pva_constraints__struct.hpp
-- Installing: /home/calafaker/Control-Formation/ws3/install/multi_robot_interfaces/include/multi_robot_interfaces/multi_robot_interfaces/msg/detail/pva_constraints__traits.hpp
-- Installing: /home/calafaker/Control-Formation/ws3/install/multi_robot_interfaces/include/multi_robot_interfaces/multi_robot_interfaces/msg/detail/pva_constraints__builder.hpp
-- Installing: /home/calafaker/Control-Formation/ws3/install/multi_robot_interfaces/include/multi_robot_interfaces/multi_robot_interfaces/msg/detail/robot_state__struct.hpp
-- Installing: /home/calafaker/Control-Formation/ws3/install/multi_robot_interfaces/include/multi_robot_interfaces/multi_robot_interfaces/msg/detail/robot_state__traits.hpp
-- Installing: /home/calafaker/Control-Formation/ws3/install/multi_robot_interfaces/include/multi_robot_interfaces/multi_robot_interfaces/msg/detail/pva_constraints__type_support.hpp
-- Up-to-date: /home/calafaker/Control-Formation/ws3/install/multi_robot_interfaces/include/multi_robot_interfaces/multi_robot_interfaces
-- Up-to-date: /home/calafaker/Control-Formation/ws3/install/multi_robot_interfaces/include/multi_robot_interfaces/multi_robot_interfaces/msg
-- Up-to-date: /home/calafaker/Control-Formation/ws3/install/multi_robot_interfaces/include/multi_robot_interfaces/multi_robot_interfaces/msg/rosidl_typesupport_fastrtps_cpp__visibility_control.h
-- Up-to-date: /home/calafaker/Control-Formation/ws3/install/multi_robot_interfaces/include/multi_robot_interfaces/multi_robot_interfaces/msg/detail
-- Installing: /home/calafaker/Control-Formation/ws3/install/multi_robot_interfaces/include/multi_robot_interfaces/multi_robot_interfaces/msg/detail/pva_constraints__rosidl_typesupport_fastrtps_cpp.hpp
-- Installing: /home/calafaker/Control-Formation/ws3/install/multi_robot_interfaces/include/multi_robot_interfaces/multi_robot_interfaces/msg/detail/robot_state__rosidl_typesupport_fastrtps_cpp.hpp
-- Up-to-date: /home/calafaker/Control-Formation/ws3/install/multi_robot_interfaces/include/multi_robot_interfaces/multi_robot_interfaces/msg/detail/dds_fastrtps
-- Installing: /home/calafaker/Control-Formation/ws3/install/multi_robot_interfaces/lib/libmulti_robot_interfaces__rosidl_typesupport_fastrtps_cpp.so
-- Set runtime path of "/home/calafaker/Control-Formation/ws3/install/multi_robot_interfaces/lib/libmulti_robot_interfaces__rosidl_typesupport_fastrtps_cpp.so" to ""
-- Up-to-date: /home/calafaker/Control-Formation/ws3/install/multi_robot_interfaces/include/multi_robot_interfaces/multi_robot_interfaces
-- Up-to-date: /home/calafaker/Control-Formation/ws3/install/multi_robot_interfaces/include/multi_robot_interfaces/multi_robot_interfaces/msg
-- Up-to-date: /home/calafaker/Control-Formation/ws3/install/multi_robot_interfaces/include/multi_robot_interfaces/multi_robot_interfaces/msg/detail
-- Installing: /home/calafaker/Control-Formation/ws3/install/multi_robot_interfaces/include/multi_robot_interfaces/multi_robot_interfaces/msg/detail/pva_constraints__rosidl_typesupport_introspection_cpp.hpp
-- Installing: /home/calafaker/Control-Formation/ws3/install/multi_robot_interfaces/include/multi_robot_interfaces/multi_robot_interfaces/msg/detail/robot_state__rosidl_typesupport_introspection_cpp.hpp
-- Installing: /home/calafaker/Control-Formation/ws3/install/multi_robot_interfaces/include/multi_robot_interfaces/multi_robot_interfaces/msg/detail/robot_state__type_support.cpp
-- Installing: /home/calafaker/Control-Formation/ws3/install/multi_robot_interfaces/include/multi_robot_interfaces/multi_robot_interfaces/msg/detail/pva_constraints__type_support.cpp
-- Installing: /home/calafaker/Control-Formation/ws3/install/multi_robot_interfaces/lib/libmulti_robot_interfaces__rosidl_typesupport_introspection_cpp.so
-- Set runtime path of "/home/calafaker/Control-Formation/ws3/install/multi_robot_interfaces/lib/libmulti_robot_interfaces__rosidl_typesupport_introspection_cpp.so" to ""
-- Installing: /home/calafaker/Control-Formation/ws3/install/multi_robot_interfaces/lib/libmulti_robot_interfaces__rosidl_typesupport_cpp.so
-- Set runtime path of "/home/calafaker/Control-Formation/ws3/install/multi_robot_interfaces/lib/libmulti_robot_interfaces__rosidl_typesupport_cpp.so" to ""
-- Up-to-date: /home/calafaker/Control-Formation/ws3/install/multi_robot_interfaces/share/multi_robot_interfaces/environment/pythonpath.sh
-- Installing: /home/calafaker/Control-Formation/ws3/install/multi_robot_interfaces/share/multi_robot_interfaces/environment/pythonpath.dsv
-- Up-to-date: /home/calafaker/Control-Formation/ws3/install/multi_robot_interfaces/local/lib/python3.10/dist-packages/multi_robot_interfaces-0.0.0-py3.10.egg-info
-- Installing: /home/calafaker/Control-Formation/ws3/install/multi_robot_interfaces/local/lib/python3.10/dist-packages/multi_robot_interfaces-0.0.0-py3.10.egg-info/top_level.txt
-- Installing: /home/calafaker/Control-Formation/ws3/install/multi_robot_interfaces/local/lib/python3.10/dist-packages/multi_robot_interfaces-0.0.0-py3.10.egg-info/SOURCES.txt
-- Installing: /home/calafaker/Control-Formation/ws3/install/multi_robot_interfaces/local/lib/python3.10/dist-packages/multi_robot_interfaces-0.0.0-py3.10.egg-info/dependency_links.txt
-- Installing: /home/calafaker/Control-Formation/ws3/install/multi_robot_interfaces/local/lib/python3.10/dist-packages/multi_robot_interfaces-0.0.0-py3.10.egg-info/PKG-INFO
-- Up-to-date: /home/calafaker/Control-Formation/ws3/install/multi_robot_interfaces/local/lib/python3.10/dist-packages/multi_robot_interfaces
-- Up-to-date: /home/calafaker/Control-Formation/ws3/install/multi_robot_interfaces/local/lib/python3.10/dist-packages/multi_robot_interfaces/msg
-- Installing: /home/calafaker/Control-Formation/ws3/install/multi_robot_interfaces/local/lib/python3.10/dist-packages/multi_robot_interfaces/msg/_pva_constraints_s.c
-- Installing: /home/calafaker/Control-Formation/ws3/install/multi_robot_interfaces/local/lib/python3.10/dist-packages/multi_robot_interfaces/msg/_robot_state.py
-- Installing: /home/calafaker/Control-Formation/ws3/install/multi_robot_interfaces/local/lib/python3.10/dist-packages/multi_robot_interfaces/msg/__init__.py
-- Installing: /home/calafaker/Control-Formation/ws3/install/multi_robot_interfaces/local/lib/python3.10/dist-packages/multi_robot_interfaces/msg/_pva_constraints.py
-- Installing: /home/calafaker/Control-Formation/ws3/install/multi_robot_interfaces/local/lib/python3.10/dist-packages/multi_robot_interfaces/msg/_robot_state_s.c
-- Installing: /home/calafaker/Control-Formation/ws3/install/multi_robot_interfaces/local/lib/python3.10/dist-packages/multi_robot_interfaces/_multi_robot_interfaces_s.ep.rosidl_typesupport_introspection_c.c
-- Installing: /home/calafaker/Control-Formation/ws3/install/multi_robot_interfaces/local/lib/python3.10/dist-packages/multi_robot_interfaces/_multi_robot_interfaces_s.ep.rosidl_typesupport_c.c
-- Installing: /home/calafaker/Control-Formation/ws3/install/multi_robot_interfaces/local/lib/python3.10/dist-packages/multi_robot_interfaces/multi_robot_interfaces_s__rosidl_typesupport_fastrtps_c.cpython-310-x86_64-linux-gnu.so
-- Installing: /home/calafaker/Control-Formation/ws3/install/multi_robot_interfaces/local/lib/python3.10/dist-packages/multi_robot_interfaces/libmulti_robot_interfaces__rosidl_generator_py.so
-- Installing: /home/calafaker/Control-Formation/ws3/install/multi_robot_interfaces/local/lib/python3.10/dist-packages/multi_robot_interfaces/multi_robot_interfaces_s__rosidl_typesupport_c.cpython-310-x86_64-linux-gnu.so
-- Installing: /home/calafaker/Control-Formation/ws3/install/multi_robot_interfaces/local/lib/python3.10/dist-packages/multi_robot_interfaces/__init__.py
-- Installing: /home/calafaker/Control-Formation/ws3/install/multi_robot_interfaces/local/lib/python3.10/dist-packages/multi_robot_interfaces/multi_robot_interfaces_s__rosidl_typesupport_introspection_c.cpython-310-x86_64-linux-gnu.so
-- Installing: /home/calafaker/Control-Formation/ws3/install/multi_robot_interfaces/local/lib/python3.10/dist-packages/multi_robot_interfaces/_multi_robot_interfaces_s.ep.rosidl_typesupport_fastrtps_c.c
Listing '/home/calafaker/Control-Formation/ws3/install/multi_robot_interfaces/local/lib/python3.10/dist-packages/multi_robot_interfaces'...
Compiling '/home/calafaker/Control-Formation/ws3/install/multi_robot_interfaces/local/lib/python3.10/dist-packages/multi_robot_interfaces/__init__.py'...
Listing '/home/calafaker/Control-Formation/ws3/install/multi_robot_interfaces/local/lib/python3.10/dist-packages/multi_robot_interfaces/msg'...
Compiling '/home/calafaker/Control-Formation/ws3/install/multi_robot_interfaces/local/lib/python3.10/dist-packages/multi_robot_interfaces/msg/__init__.py'...
Compiling '/home/calafaker/Control-Formation/ws3/install/multi_robot_interfaces/local/lib/python3.10/dist-packages/multi_robot_interfaces/msg/_pva_constraints.py'...
Compiling '/home/calafaker/Control-Formation/ws3/install/multi_robot_interfaces/local/lib/python3.10/dist-packages/multi_robot_interfaces/msg/_robot_state.py'...
-- Installing: /home/calafaker/Control-Formation/ws3/install/multi_robot_interfaces/local/lib/python3.10/dist-packages/multi_robot_interfaces/multi_robot_interfaces_s__rosidl_typesupport_fastrtps_c.cpython-310-x86_64-linux-gnu.so
-- Set runtime path of "/home/calafaker/Control-Formation/ws3/install/multi_robot_interfaces/local/lib/python3.10/dist-packages/multi_robot_interfaces/multi_robot_interfaces_s__rosidl_typesupport_fastrtps_c.cpython-310-x86_64-linux-gnu.so" to ""
-- Installing: /home/calafaker/Control-Formation/ws3/install/multi_robot_interfaces/local/lib/python3.10/dist-packages/multi_robot_interfaces/multi_robot_interfaces_s__rosidl_typesupport_introspection_c.cpython-310-x86_64-linux-gnu.so
-- Set runtime path of "/home/calafaker/Control-Formation/ws3/install/multi_robot_interfaces/local/lib/python3.10/dist-packages/multi_robot_interfaces/multi_robot_interfaces_s__rosidl_typesupport_introspection_c.cpython-310-x86_64-linux-gnu.so" to ""
-- Installing: /home/calafaker/Control-Formation/ws3/install/multi_robot_interfaces/local/lib/python3.10/dist-packages/multi_robot_interfaces/multi_robot_interfaces_s__rosidl_typesupport_c.cpython-310-x86_64-linux-gnu.so
-- Set runtime path of "/home/calafaker/Control-Formation/ws3/install/multi_robot_interfaces/local/lib/python3.10/dist-packages/multi_robot_interfaces/multi_robot_interfaces_s__rosidl_typesupport_c.cpython-310-x86_64-linux-gnu.so" to ""
-- Installing: /home/calafaker/Control-Formation/ws3/install/multi_robot_interfaces/lib/libmulti_robot_interfaces__rosidl_generator_py.so
-- Set runtime path of "/home/calafaker/Control-Formation/ws3/install/multi_robot_interfaces/lib/libmulti_robot_interfaces__rosidl_generator_py.so" to ""
-- Up-to-date: /home/calafaker/Control-Formation/ws3/install/multi_robot_interfaces/share/multi_robot_interfaces/msg/RobotState.idl
-- Installing: /home/calafaker/Control-Formation/ws3/install/multi_robot_interfaces/share/multi_robot_interfaces/msg/PVAConstraints.idl
-- Up-to-date: /home/calafaker/Control-Formation/ws3/install/multi_robot_interfaces/share/multi_robot_interfaces/msg/RobotState.msg
-- Installing: /home/calafaker/Control-Formation/ws3/install/multi_robot_interfaces/share/multi_robot_interfaces/msg/PVAConstraints.msg
-- Up-to-date: /home/calafaker/Control-Formation/ws3/install/multi_robot_interfaces/share/ament_index/resource_index/package_run_dependencies/multi_robot_interfaces
-- Installing: /home/calafaker/Control-Formation/ws3/install/multi_robot_interfaces/share/ament_index/resource_index/parent_prefix_path/multi_robot_interfaces
-- Up-to-date: /home/calafaker/Control-Formation/ws3/install/multi_robot_interfaces/share/multi_robot_interfaces/environment/ament_prefix_path.sh
-- Installing: /home/calafaker/Control-Formation/ws3/install/multi_robot_interfaces/share/multi_robot_interfaces/environment/ament_prefix_path.dsv
-- Up-to-date: /home/calafaker/Control-Formation/ws3/install/multi_robot_interfaces/share/multi_robot_interfaces/environment/path.sh
-- Installing: /home/calafaker/Control-Formation/ws3/install/multi_robot_interfaces/share/multi_robot_interfaces/environment/path.dsv
-- Up-to-date: /home/calafaker/Control-Formation/ws3/install/multi_robot_interfaces/share/multi_robot_interfaces/local_setup.bash
-- Up-to-date: /home/calafaker/Control-Formation/ws3/install/multi_robot_interfaces/share/multi_robot_interfaces/local_setup.sh
-- Up-to-date: /home/calafaker/Control-Formation/ws3/install/multi_robot_interfaces/share/multi_robot_interfaces/local_setup.zsh
-- Installing: /home/calafaker/Control-Formation/ws3/install/multi_robot_interfaces/share/multi_robot_interfaces/local_setup.dsv
-- Installing: /home/calafaker/Control-Formation/ws3/install/multi_robot_interfaces/share/multi_robot_interfaces/package.dsv
-- Up-to-date: /home/calafaker/Control-Formation/ws3/install/multi_robot_interfaces/share/ament_index/resource_index/packages/multi_robot_interfaces
-- Up-to-date: /home/calafaker/Control-Formation/ws3/install/multi_robot_interfaces/share/multi_robot_interfaces/cmake/export_multi_robot_interfaces__rosidl_generator_cExport.cmake
-- Up-to-date: /home/calafaker/Control-Formation/ws3/install/multi_robot_interfaces/share/multi_robot_interfaces/cmake/export_multi_robot_interfaces__rosidl_generator_cExport-noconfig.cmake
-- Up-to-date: /home/calafaker/Control-Formation/ws3/install/multi_robot_interfaces/share/multi_robot_interfaces/cmake/export_multi_robot_interfaces__rosidl_typesupport_fastrtps_cExport.cmake
-- Up-to-date: /home/calafaker/Control-Formation/ws3/install/multi_robot_interfaces/share/multi_robot_interfaces/cmake/export_multi_robot_interfaces__rosidl_typesupport_fastrtps_cExport-noconfig.cmake
-- Up-to-date: /home/calafaker/Control-Formation/ws3/install/multi_robot_interfaces/share/multi_robot_interfaces/cmake/multi_robot_interfaces__rosidl_typesupport_introspection_cExport.cmake
-- Up-to-date: /home/calafaker/Control-Formation/ws3/install/multi_robot_interfaces/share/multi_robot_interfaces/cmake/multi_robot_interfaces__rosidl_typesupport_introspection_cExport-noconfig.cmake
-- Up-to-date: /home/calafaker/Control-Formation/ws3/install/multi_robot_interfaces/share/multi_robot_interfaces/cmake/multi_robot_interfaces__rosidl_typesupport_cExport.cmake
-- Up-to-date: /home/calafaker/Control-Formation/ws3/install/multi_robot_interfaces/share/multi_robot_interfaces/cmake/multi_robot_interfaces__rosidl_typesupport_cExport-noconfig.cmake
-- Up-to-date: /home/calafaker/Control-Formation/ws3/install/multi_robot_interfaces/share/multi_robot_interfaces/cmake/export_multi_robot_interfaces__rosidl_generator_cppExport.cmake
-- Up-to-date: /home/calafaker/Control-Formation/ws3/install/multi_robot_interfaces/share/multi_robot_interfaces/cmake/export_multi_robot_interfaces__rosidl_typesupport_fastrtps_cppExport.cmake
-- Up-to-date: /home/calafaker/Control-Formation/ws3/install/multi_robot_interfaces/share/multi_robot_interfaces/cmake/export_multi_robot_interfaces__rosidl_typesupport_fastrtps_cppExport-noconfig.cmake
-- Up-to-date: /home/calafaker/Control-Formation/ws3/install/multi_robot_interfaces/share/multi_robot_interfaces/cmake/multi_robot_interfaces__rosidl_typesupport_introspection_cppExport.cmake
-- Up-to-date: /home/calafaker/Control-Formation/ws3/install/multi_robot_interfaces/share/multi_robot_interfaces/cmake/multi_robot_interfaces__rosidl_typesupport_introspection_cppExport-noconfig.cmake
-- Up-to-date: /home/calafaker/Control-Formation/ws3/install/multi_robot_interfaces/share/multi_robot_interfaces/cmake/multi_robot_interfaces__rosidl_typesupport_cppExport.cmake
-- Up-to-date: /home/calafaker/Control-Formation/ws3/install/multi_robot_interfaces/share/multi_robot_interfaces/cmake/multi_robot_interfaces__rosidl_typesupport_cppExport-noconfig.cmake
-- Up-to-date: /home/calafaker/Control-Formation/ws3/install/multi_robot_interfaces/share/multi_robot_interfaces/cmake/export_multi_robot_interfaces__rosidl_generator_pyExport.cmake
-- Up-to-date: /home/calafaker/Control-Formation/ws3/install/multi_robot_interfaces/share/multi_robot_interfaces/cmake/export_multi_robot_interfaces__rosidl_generator_pyExport-noconfig.cmake
-- Installing: /home/calafaker/Control-Formation/ws3/install/multi_robot_interfaces/share/multi_robot_interfaces/cmake/rosidl_cmake-extras.cmake
-- Up-to-date: /home/calafaker/Control-Formation/ws3/install/multi_robot_interfaces/share/multi_robot_interfaces/cmake/ament_cmake_export_include_directories-extras.cmake
-- Up-to-date: /home/calafaker/Control-Formation/ws3/install/multi_robot_interfaces/share/multi_robot_interfaces/cmake/ament_cmake_export_libraries-extras.cmake
-- Up-to-date: /home/calafaker/Control-Formation/ws3/install/multi_robot_interfaces/share/multi_robot_interfaces/cmake/ament_cmake_export_targets-extras.cmake
-- Up-to-date: /home/calafaker/Control-Formation/ws3/install/multi_robot_interfaces/share/multi_robot_interfaces/cmake/rosidl_cmake_export_typesupport_targets-extras.cmake
-- Up-to-date: /home/calafaker/Control-Formation/ws3/install/multi_robot_interfaces/share/multi_robot_interfaces/cmake/ament_cmake_export_dependencies-extras.cmake
-- Up-to-date: /home/calafaker/Control-Formation/ws3/install/multi_robot_interfaces/share/multi_robot_interfaces/cmake/rosidl_cmake_export_typesupport_libraries-extras.cmake
-- Up-to-date: /home/calafaker/Control-Formation/ws3/install/multi_robot_interfaces/share/multi_robot_interfaces/cmake/multi_robot_interfacesConfig.cmake
-- Up-to-date: /home/calafaker/Control-Formation/ws3/install/multi_robot_interfaces/share/multi_robot_interfaces/cmake/multi_robot_interfacesConfig-version.cmake
-- Up-to-date: /home/calafaker/Control-Formation/ws3/install/multi_robot_interfaces/share/multi_robot_interfaces/package.xml
