[0.020s] Invoking command in '/home/calafaker/Control-Formation/ws3/build/multi_robot_interfaces': CMAKE_PREFIX_PATH=${CMAKE_PREFIX_PATH}:/home/calafaker/Control-Formation/ws3/install/simulador:/home/calafaker/Control-Formation/ws3/install/control_nodes:/home/calafaker/Control-Formation/ws/install/simulation_pkg:/home/calafaker/Control-Formation/ws/install/control_algorithms:/opt/ros/humble /usr/bin/cmake --build /home/calafaker/Control-Formation/ws3/build/multi_robot_interfaces -- -j16 -l16
[0.078s] -- Found ament_cmake: 1.3.12 (/opt/ros/humble/share/ament_cmake/cmake)
[0.195s] -- Found rosidl_default_generators: 1.2.0 (/opt/ros/humble/share/rosidl_default_generators/cmake)
[0.198s] -- Using all available rosidl_typesupport_c: rosidl_typesupport_fastrtps_c;rosidl_typesupport_introspection_c
[0.201s] -- Found rosidl_adapter: 3.1.7 (/opt/ros/humble/share/rosidl_adapter/cmake)
[0.366s] -- Using all available rosidl_typesupport_cpp: rosidl_typesupport_fastrtps_cpp;rosidl_typesupport_introspection_cpp
[0.584s] -- Found ament_cmake_ros: 0.10.0 (/opt/ros/humble/share/ament_cmake_ros/cmake)
[0.719s] -- Using all available rosidl_typesupport_c: rosidl_typesupport_fastrtps_c;rosidl_typesupport_introspection_c
[0.889s] -- Using all available rosidl_typesupport_cpp: rosidl_typesupport_fastrtps_cpp;rosidl_typesupport_introspection_cpp
[0.907s] -- Found python_cmake_module: 0.10.0 (/opt/ros/humble/share/python_cmake_module/cmake)
[0.931s] -- Using PYTHON_EXECUTABLE: /usr/bin/python3
[0.931s] -- Using PYTHON_INCLUDE_DIRS: /usr/include/python3.10
[0.931s] -- Using PYTHON_LIBRARIES: /usr/lib/x86_64-linux-gnu/libpython3.10.so
[0.952s] -- Configuring done
[0.993s] -- Generating done
[1.002s] -- Build files have been written to: /home/calafaker/Control-Formation/ws3/build/multi_robot_interfaces
[1.023s] [  2%] [34m[1mGenerating C code for ROS interfaces[0m
[1.033s] [  5%] [34m[1mGenerating C++ code for ROS interfaces[0m
[1.044s] [  5%] Built target ament_cmake_python_copy_multi_robot_interfaces
[1.291s] running egg_info
[1.292s] writing multi_robot_interfaces.egg-info/PKG-INFO
[1.292s] writing dependency_links to multi_robot_interfaces.egg-info/dependency_links.txt
[1.293s] writing top-level names to multi_robot_interfaces.egg-info/top_level.txt
[1.296s] reading manifest file 'multi_robot_interfaces.egg-info/SOURCES.txt'
[1.297s] writing manifest file 'multi_robot_interfaces.egg-info/SOURCES.txt'
[1.303s] [35m[1mConsolidate compiler generated dependencies of target multi_robot_interfaces__rosidl_generator_c[0m
[1.318s] [ 10%] [32mBuilding C object CMakeFiles/multi_robot_interfaces__rosidl_generator_c.dir/rosidl_generator_c/multi_robot_interfaces/msg/detail/robot_state__functions.c.o[0m
[1.318s] [ 10%] [32mBuilding C object CMakeFiles/multi_robot_interfaces__rosidl_generator_c.dir/rosidl_generator_c/multi_robot_interfaces/msg/detail/pva_constraints__functions.c.o[0m
[1.328s] [ 10%] Built target multi_robot_interfaces__cpp
[1.330s] [ 10%] Built target ament_cmake_python_build_multi_robot_interfaces_egg
[1.339s] [ 17%] [34m[1mGenerating C++ type support for eProsima Fast-RTPS[0m
[1.340s] [ 17%] [34m[1mGenerating C++ type support dispatch for ROS interfaces[0m
[1.340s] [ 17%] [34m[1mGenerating C++ introspection for ROS interfaces[0m
[1.445s] [ 20%] [32m[1mLinking C shared library libmulti_robot_interfaces__rosidl_generator_c.so[0m
[1.618s] [35m[1mConsolidate compiler generated dependencies of target multi_robot_interfaces__rosidl_typesupport_cpp[0m
[1.628s] [35m[1mConsolidate compiler generated dependencies of target multi_robot_interfaces__rosidl_typesupport_introspection_cpp[0m
[1.634s] [ 23%] [32mBuilding CXX object CMakeFiles/multi_robot_interfaces__rosidl_typesupport_cpp.dir/rosidl_typesupport_cpp/multi_robot_interfaces/msg/pva_constraints__type_support.cpp.o[0m
[1.634s] [ 25%] [32mBuilding CXX object CMakeFiles/multi_robot_interfaces__rosidl_typesupport_cpp.dir/rosidl_typesupport_cpp/multi_robot_interfaces/msg/robot_state__type_support.cpp.o[0m
[1.645s] [ 30%] [32mBuilding CXX object CMakeFiles/multi_robot_interfaces__rosidl_typesupport_introspection_cpp.dir/rosidl_typesupport_introspection_cpp/multi_robot_interfaces/msg/detail/pva_constraints__type_support.cpp.o[0m
[1.646s] [ 30%] [32mBuilding CXX object CMakeFiles/multi_robot_interfaces__rosidl_typesupport_introspection_cpp.dir/rosidl_typesupport_introspection_cpp/multi_robot_interfaces/msg/detail/robot_state__type_support.cpp.o[0m
[1.649s] [ 30%] Built target multi_robot_interfaces__rosidl_generator_c
[1.663s] [ 33%] [34m[1mGenerating C type support for eProsima Fast-RTPS[0m
[1.663s] [ 35%] [34m[1mGenerating C introspection for ROS interfaces[0m
[1.664s] [ 38%] [34m[1mGenerating C type support dispatch for ROS interfaces[0m
[1.676s] [35m[1mConsolidate compiler generated dependencies of target multi_robot_interfaces__rosidl_typesupport_fastrtps_cpp[0m
[1.696s] [ 41%] [32mBuilding CXX object CMakeFiles/multi_robot_interfaces__rosidl_typesupport_fastrtps_cpp.dir/rosidl_typesupport_fastrtps_cpp/multi_robot_interfaces/msg/detail/dds_fastrtps/robot_state__type_support.cpp.o[0m
[1.696s] [ 43%] [32mBuilding CXX object CMakeFiles/multi_robot_interfaces__rosidl_typesupport_fastrtps_cpp.dir/rosidl_typesupport_fastrtps_cpp/multi_robot_interfaces/msg/detail/dds_fastrtps/pva_constraints__type_support.cpp.o[0m
[2.083s] [35m[1mConsolidate compiler generated dependencies of target multi_robot_interfaces__rosidl_typesupport_c[0m
[2.097s] [ 46%] [32mBuilding CXX object CMakeFiles/multi_robot_interfaces__rosidl_typesupport_c.dir/rosidl_typesupport_c/multi_robot_interfaces/msg/pva_constraints__type_support.cpp.o[0m
[2.098s] [ 48%] [32mBuilding CXX object CMakeFiles/multi_robot_interfaces__rosidl_typesupport_c.dir/rosidl_typesupport_c/multi_robot_interfaces/msg/robot_state__type_support.cpp.o[0m
[2.125s] [35m[1mConsolidate compiler generated dependencies of target multi_robot_interfaces__rosidl_typesupport_introspection_c[0m
[2.144s] [ 51%] [32mBuilding C object CMakeFiles/multi_robot_interfaces__rosidl_typesupport_introspection_c.dir/rosidl_typesupport_introspection_c/multi_robot_interfaces/msg/detail/robot_state__type_support.c.o[0m
[2.145s] [ 53%] [32mBuilding C object CMakeFiles/multi_robot_interfaces__rosidl_typesupport_introspection_c.dir/rosidl_typesupport_introspection_c/multi_robot_interfaces/msg/detail/pva_constraints__type_support.c.o[0m
[2.154s] [35m[1mConsolidate compiler generated dependencies of target multi_robot_interfaces__rosidl_typesupport_fastrtps_c[0m
[2.157s] [ 56%] [32m[1mLinking CXX shared library libmulti_robot_interfaces__rosidl_typesupport_c.so[0m
[2.161s] [ 58%] [32m[1mLinking CXX shared library libmulti_robot_interfaces__rosidl_typesupport_cpp.so[0m
[2.173s] [ 64%] [32mBuilding CXX object CMakeFiles/multi_robot_interfaces__rosidl_typesupport_fastrtps_c.dir/rosidl_typesupport_fastrtps_c/multi_robot_interfaces/msg/detail/robot_state__type_support_c.cpp.o[0m
[2.173s] [ 64%] [32mBuilding CXX object CMakeFiles/multi_robot_interfaces__rosidl_typesupport_fastrtps_c.dir/rosidl_typesupport_fastrtps_c/multi_robot_interfaces/msg/detail/pva_constraints__type_support_c.cpp.o[0m
[2.201s] [ 66%] [32m[1mLinking C shared library libmulti_robot_interfaces__rosidl_typesupport_introspection_c.so[0m
[2.333s] [ 66%] Built target multi_robot_interfaces__rosidl_typesupport_c
[2.335s] [ 66%] Built target multi_robot_interfaces__rosidl_typesupport_cpp
[2.353s] [ 69%] [32m[1mLinking CXX shared library libmulti_robot_interfaces__rosidl_typesupport_introspection_cpp.so[0m
[2.393s] [ 69%] Built target multi_robot_interfaces__rosidl_typesupport_introspection_c
[2.402s] [ 71%] [32m[1mLinking CXX shared library libmulti_robot_interfaces__rosidl_typesupport_fastrtps_cpp.so[0m
[2.540s] [ 74%] [32m[1mLinking CXX shared library libmulti_robot_interfaces__rosidl_typesupport_fastrtps_c.so[0m
[2.540s] [ 74%] Built target multi_robot_interfaces__rosidl_typesupport_introspection_cpp
[2.586s] [ 74%] Built target multi_robot_interfaces__rosidl_typesupport_fastrtps_cpp
[2.706s] [ 74%] Built target multi_robot_interfaces__rosidl_typesupport_fastrtps_c
[2.721s] [ 74%] Built target multi_robot_interfaces
[2.736s] [ 76%] [34m[1mGenerating Python code for ROS interfaces[0m
[3.021s] [ 76%] Built target multi_robot_interfaces__py
[3.031s] [35m[1mConsolidate compiler generated dependencies of target multi_robot_interfaces__rosidl_generator_py[0m
[3.040s] [ 82%] [32mBuilding C object CMakeFiles/multi_robot_interfaces__rosidl_generator_py.dir/rosidl_generator_py/multi_robot_interfaces/msg/_robot_state_s.c.o[0m
[3.040s] [ 82%] [32mBuilding C object CMakeFiles/multi_robot_interfaces__rosidl_generator_py.dir/rosidl_generator_py/multi_robot_interfaces/msg/_pva_constraints_s.c.o[0m
[3.151s] [ 84%] [32m[1mLinking C shared library rosidl_generator_py/multi_robot_interfaces/libmulti_robot_interfaces__rosidl_generator_py.so[0m
[3.257s] [ 84%] Built target multi_robot_interfaces__rosidl_generator_py
[3.265s] [35m[1mConsolidate compiler generated dependencies of target multi_robot_interfaces__rosidl_typesupport_introspection_c__pyext[0m
[3.265s] [35m[1mConsolidate compiler generated dependencies of target multi_robot_interfaces__rosidl_typesupport_fastrtps_c__pyext[0m
[3.266s] [35m[1mConsolidate compiler generated dependencies of target multi_robot_interfaces__rosidl_typesupport_c__pyext[0m
[3.274s] [ 87%] [32mBuilding C object CMakeFiles/multi_robot_interfaces__rosidl_typesupport_c__pyext.dir/rosidl_generator_py/multi_robot_interfaces/_multi_robot_interfaces_s.ep.rosidl_typesupport_c.c.o[0m
[3.274s] [ 89%] [32mBuilding C object CMakeFiles/multi_robot_interfaces__rosidl_typesupport_introspection_c__pyext.dir/rosidl_generator_py/multi_robot_interfaces/_multi_robot_interfaces_s.ep.rosidl_typesupport_introspection_c.c.o[0m
[3.274s] [ 92%] [32mBuilding C object CMakeFiles/multi_robot_interfaces__rosidl_typesupport_fastrtps_c__pyext.dir/rosidl_generator_py/multi_robot_interfaces/_multi_robot_interfaces_s.ep.rosidl_typesupport_fastrtps_c.c.o[0m
[3.349s] [ 94%] [32m[1mLinking C shared library rosidl_generator_py/multi_robot_interfaces/multi_robot_interfaces_s__rosidl_typesupport_c.cpython-310-x86_64-linux-gnu.so[0m
[3.349s] [ 97%] [32m[1mLinking C shared library rosidl_generator_py/multi_robot_interfaces/multi_robot_interfaces_s__rosidl_typesupport_introspection_c.cpython-310-x86_64-linux-gnu.so[0m
[3.350s] [100%] [32m[1mLinking C shared library rosidl_generator_py/multi_robot_interfaces/multi_robot_interfaces_s__rosidl_typesupport_fastrtps_c.cpython-310-x86_64-linux-gnu.so[0m
[3.445s] [100%] Built target multi_robot_interfaces__rosidl_typesupport_introspection_c__pyext
[3.445s] [100%] Built target multi_robot_interfaces__rosidl_typesupport_fastrtps_c__pyext
[3.445s] [100%] Built target multi_robot_interfaces__rosidl_typesupport_c__pyext
[3.455s] Invoked command in '/home/calafaker/Control-Formation/ws3/build/multi_robot_interfaces' returned '0': CMAKE_PREFIX_PATH=${CMAKE_PREFIX_PATH}:/home/calafaker/Control-Formation/ws3/install/simulador:/home/calafaker/Control-Formation/ws3/install/control_nodes:/home/calafaker/Control-Formation/ws/install/simulation_pkg:/home/calafaker/Control-Formation/ws/install/control_algorithms:/opt/ros/humble /usr/bin/cmake --build /home/calafaker/Control-Formation/ws3/build/multi_robot_interfaces -- -j16 -l16
[3.457s] Invoking command in '/home/calafaker/Control-Formation/ws3/build/multi_robot_interfaces': CMAKE_PREFIX_PATH=${CMAKE_PREFIX_PATH}:/home/calafaker/Control-Formation/ws3/install/simulador:/home/calafaker/Control-Formation/ws3/install/control_nodes:/home/calafaker/Control-Formation/ws/install/simulation_pkg:/home/calafaker/Control-Formation/ws/install/control_algorithms:/opt/ros/humble /usr/bin/cmake --install /home/calafaker/Control-Formation/ws3/build/multi_robot_interfaces
[3.463s] -- Install configuration: ""
[3.463s] -- Installing: /home/calafaker/Control-Formation/ws3/install/multi_robot_interfaces/share/ament_index/resource_index/rosidl_interfaces/multi_robot_interfaces
[3.463s] -- Up-to-date: /home/calafaker/Control-Formation/ws3/install/multi_robot_interfaces/include/multi_robot_interfaces/multi_robot_interfaces
[3.464s] -- Up-to-date: /home/calafaker/Control-Formation/ws3/install/multi_robot_interfaces/include/multi_robot_interfaces/multi_robot_interfaces/msg
[3.464s] -- Up-to-date: /home/calafaker/Control-Formation/ws3/install/multi_robot_interfaces/include/multi_robot_interfaces/multi_robot_interfaces/msg/rosidl_generator_c__visibility_control.h
[3.464s] -- Installing: /home/calafaker/Control-Formation/ws3/install/multi_robot_interfaces/include/multi_robot_interfaces/multi_robot_interfaces/msg/robot_state.h
[3.464s] -- Installing: /home/calafaker/Control-Formation/ws3/install/multi_robot_interfaces/include/multi_robot_interfaces/multi_robot_interfaces/msg/pva_constraints.h
[3.464s] -- Up-to-date: /home/calafaker/Control-Formation/ws3/install/multi_robot_interfaces/include/multi_robot_interfaces/multi_robot_interfaces/msg/detail
[3.464s] -- Installing: /home/calafaker/Control-Formation/ws3/install/multi_robot_interfaces/include/multi_robot_interfaces/multi_robot_interfaces/msg/detail/pva_constraints__type_support.h
[3.465s] -- Installing: /home/calafaker/Control-Formation/ws3/install/multi_robot_interfaces/include/multi_robot_interfaces/multi_robot_interfaces/msg/detail/robot_state__struct.h
[3.465s] -- Installing: /home/calafaker/Control-Formation/ws3/install/multi_robot_interfaces/include/multi_robot_interfaces/multi_robot_interfaces/msg/detail/pva_constraints__functions.c
[3.465s] -- Installing: /home/calafaker/Control-Formation/ws3/install/multi_robot_interfaces/include/multi_robot_interfaces/multi_robot_interfaces/msg/detail/robot_state__functions.c
[3.465s] -- Installing: /home/calafaker/Control-Formation/ws3/install/multi_robot_interfaces/include/multi_robot_interfaces/multi_robot_interfaces/msg/detail/robot_state__functions.h
[3.465s] -- Installing: /home/calafaker/Control-Formation/ws3/install/multi_robot_interfaces/include/multi_robot_interfaces/multi_robot_interfaces/msg/detail/robot_state__type_support.h
[3.465s] -- Installing: /home/calafaker/Control-Formation/ws3/install/multi_robot_interfaces/include/multi_robot_interfaces/multi_robot_interfaces/msg/detail/pva_constraints__functions.h
[3.466s] -- Installing: /home/calafaker/Control-Formation/ws3/install/multi_robot_interfaces/include/multi_robot_interfaces/multi_robot_interfaces/msg/detail/pva_constraints__struct.h
[3.466s] -- Up-to-date: /home/calafaker/Control-Formation/ws3/install/multi_robot_interfaces/share/multi_robot_interfaces/environment/library_path.sh
[3.466s] -- Installing: /home/calafaker/Control-Formation/ws3/install/multi_robot_interfaces/share/multi_robot_interfaces/environment/library_path.dsv
[3.466s] -- Installing: /home/calafaker/Control-Formation/ws3/install/multi_robot_interfaces/lib/libmulti_robot_interfaces__rosidl_generator_c.so
[3.466s] -- Set runtime path of "/home/calafaker/Control-Formation/ws3/install/multi_robot_interfaces/lib/libmulti_robot_interfaces__rosidl_generator_c.so" to ""
[3.466s] -- Up-to-date: /home/calafaker/Control-Formation/ws3/install/multi_robot_interfaces/include/multi_robot_interfaces/multi_robot_interfaces
[3.466s] -- Up-to-date: /home/calafaker/Control-Formation/ws3/install/multi_robot_interfaces/include/multi_robot_interfaces/multi_robot_interfaces/msg
[3.467s] -- Up-to-date: /home/calafaker/Control-Formation/ws3/install/multi_robot_interfaces/include/multi_robot_interfaces/multi_robot_interfaces/msg/rosidl_typesupport_fastrtps_c__visibility_control.h
[3.467s] -- Up-to-date: /home/calafaker/Control-Formation/ws3/install/multi_robot_interfaces/include/multi_robot_interfaces/multi_robot_interfaces/msg/detail
[3.467s] -- Installing: /home/calafaker/Control-Formation/ws3/install/multi_robot_interfaces/include/multi_robot_interfaces/multi_robot_interfaces/msg/detail/robot_state__rosidl_typesupport_fastrtps_c.h
[3.467s] -- Installing: /home/calafaker/Control-Formation/ws3/install/multi_robot_interfaces/include/multi_robot_interfaces/multi_robot_interfaces/msg/detail/pva_constraints__rosidl_typesupport_fastrtps_c.h
[3.467s] -- Installing: /home/calafaker/Control-Formation/ws3/install/multi_robot_interfaces/lib/libmulti_robot_interfaces__rosidl_typesupport_fastrtps_c.so
[3.467s] -- Set runtime path of "/home/calafaker/Control-Formation/ws3/install/multi_robot_interfaces/lib/libmulti_robot_interfaces__rosidl_typesupport_fastrtps_c.so" to ""
[3.468s] -- Up-to-date: /home/calafaker/Control-Formation/ws3/install/multi_robot_interfaces/include/multi_robot_interfaces/multi_robot_interfaces
[3.468s] -- Up-to-date: /home/calafaker/Control-Formation/ws3/install/multi_robot_interfaces/include/multi_robot_interfaces/multi_robot_interfaces/msg
[3.468s] -- Up-to-date: /home/calafaker/Control-Formation/ws3/install/multi_robot_interfaces/include/multi_robot_interfaces/multi_robot_interfaces/msg/rosidl_typesupport_introspection_c__visibility_control.h
[3.468s] -- Up-to-date: /home/calafaker/Control-Formation/ws3/install/multi_robot_interfaces/include/multi_robot_interfaces/multi_robot_interfaces/msg/detail
[3.468s] -- Installing: /home/calafaker/Control-Formation/ws3/install/multi_robot_interfaces/include/multi_robot_interfaces/multi_robot_interfaces/msg/detail/pva_constraints__type_support.c
[3.468s] -- Installing: /home/calafaker/Control-Formation/ws3/install/multi_robot_interfaces/include/multi_robot_interfaces/multi_robot_interfaces/msg/detail/robot_state__type_support.c
[3.468s] -- Installing: /home/calafaker/Control-Formation/ws3/install/multi_robot_interfaces/include/multi_robot_interfaces/multi_robot_interfaces/msg/detail/robot_state__rosidl_typesupport_introspection_c.h
[3.468s] -- Installing: /home/calafaker/Control-Formation/ws3/install/multi_robot_interfaces/include/multi_robot_interfaces/multi_robot_interfaces/msg/detail/pva_constraints__rosidl_typesupport_introspection_c.h
[3.469s] -- Installing: /home/calafaker/Control-Formation/ws3/install/multi_robot_interfaces/lib/libmulti_robot_interfaces__rosidl_typesupport_introspection_c.so
[3.469s] -- Set runtime path of "/home/calafaker/Control-Formation/ws3/install/multi_robot_interfaces/lib/libmulti_robot_interfaces__rosidl_typesupport_introspection_c.so" to ""
[3.469s] -- Installing: /home/calafaker/Control-Formation/ws3/install/multi_robot_interfaces/lib/libmulti_robot_interfaces__rosidl_typesupport_c.so
[3.469s] -- Set runtime path of "/home/calafaker/Control-Formation/ws3/install/multi_robot_interfaces/lib/libmulti_robot_interfaces__rosidl_typesupport_c.so" to ""
[3.469s] -- Up-to-date: /home/calafaker/Control-Formation/ws3/install/multi_robot_interfaces/include/multi_robot_interfaces/multi_robot_interfaces
[3.469s] -- Up-to-date: /home/calafaker/Control-Formation/ws3/install/multi_robot_interfaces/include/multi_robot_interfaces/multi_robot_interfaces/msg
[3.470s] -- Up-to-date: /home/calafaker/Control-Formation/ws3/install/multi_robot_interfaces/include/multi_robot_interfaces/multi_robot_interfaces/msg/rosidl_generator_cpp__visibility_control.hpp
[3.470s] -- Installing: /home/calafaker/Control-Formation/ws3/install/multi_robot_interfaces/include/multi_robot_interfaces/multi_robot_interfaces/msg/pva_constraints.hpp
[3.470s] -- Installing: /home/calafaker/Control-Formation/ws3/install/multi_robot_interfaces/include/multi_robot_interfaces/multi_robot_interfaces/msg/robot_state.hpp
[3.470s] -- Up-to-date: /home/calafaker/Control-Formation/ws3/install/multi_robot_interfaces/include/multi_robot_interfaces/multi_robot_interfaces/msg/detail
[3.470s] -- Installing: /home/calafaker/Control-Formation/ws3/install/multi_robot_interfaces/include/multi_robot_interfaces/multi_robot_interfaces/msg/detail/robot_state__type_support.hpp
[3.470s] -- Installing: /home/calafaker/Control-Formation/ws3/install/multi_robot_interfaces/include/multi_robot_interfaces/multi_robot_interfaces/msg/detail/robot_state__builder.hpp
[3.470s] -- Installing: /home/calafaker/Control-Formation/ws3/install/multi_robot_interfaces/include/multi_robot_interfaces/multi_robot_interfaces/msg/detail/pva_constraints__struct.hpp
[3.470s] -- Installing: /home/calafaker/Control-Formation/ws3/install/multi_robot_interfaces/include/multi_robot_interfaces/multi_robot_interfaces/msg/detail/pva_constraints__traits.hpp
[3.470s] -- Installing: /home/calafaker/Control-Formation/ws3/install/multi_robot_interfaces/include/multi_robot_interfaces/multi_robot_interfaces/msg/detail/pva_constraints__builder.hpp
[3.470s] -- Installing: /home/calafaker/Control-Formation/ws3/install/multi_robot_interfaces/include/multi_robot_interfaces/multi_robot_interfaces/msg/detail/robot_state__struct.hpp
[3.471s] -- Installing: /home/calafaker/Control-Formation/ws3/install/multi_robot_interfaces/include/multi_robot_interfaces/multi_robot_interfaces/msg/detail/robot_state__traits.hpp
[3.471s] -- Installing: /home/calafaker/Control-Formation/ws3/install/multi_robot_interfaces/include/multi_robot_interfaces/multi_robot_interfaces/msg/detail/pva_constraints__type_support.hpp
[3.471s] -- Up-to-date: /home/calafaker/Control-Formation/ws3/install/multi_robot_interfaces/include/multi_robot_interfaces/multi_robot_interfaces
[3.471s] -- Up-to-date: /home/calafaker/Control-Formation/ws3/install/multi_robot_interfaces/include/multi_robot_interfaces/multi_robot_interfaces/msg
[3.471s] -- Up-to-date: /home/calafaker/Control-Formation/ws3/install/multi_robot_interfaces/include/multi_robot_interfaces/multi_robot_interfaces/msg/rosidl_typesupport_fastrtps_cpp__visibility_control.h
[3.471s] -- Up-to-date: /home/calafaker/Control-Formation/ws3/install/multi_robot_interfaces/include/multi_robot_interfaces/multi_robot_interfaces/msg/detail
[3.471s] -- Installing: /home/calafaker/Control-Formation/ws3/install/multi_robot_interfaces/include/multi_robot_interfaces/multi_robot_interfaces/msg/detail/pva_constraints__rosidl_typesupport_fastrtps_cpp.hpp
[3.471s] -- Installing: /home/calafaker/Control-Formation/ws3/install/multi_robot_interfaces/include/multi_robot_interfaces/multi_robot_interfaces/msg/detail/robot_state__rosidl_typesupport_fastrtps_cpp.hpp
[3.471s] -- Up-to-date: /home/calafaker/Control-Formation/ws3/install/multi_robot_interfaces/include/multi_robot_interfaces/multi_robot_interfaces/msg/detail/dds_fastrtps
[3.471s] -- Installing: /home/calafaker/Control-Formation/ws3/install/multi_robot_interfaces/lib/libmulti_robot_interfaces__rosidl_typesupport_fastrtps_cpp.so
[3.471s] -- Set runtime path of "/home/calafaker/Control-Formation/ws3/install/multi_robot_interfaces/lib/libmulti_robot_interfaces__rosidl_typesupport_fastrtps_cpp.so" to ""
[3.471s] -- Up-to-date: /home/calafaker/Control-Formation/ws3/install/multi_robot_interfaces/include/multi_robot_interfaces/multi_robot_interfaces
[3.471s] -- Up-to-date: /home/calafaker/Control-Formation/ws3/install/multi_robot_interfaces/include/multi_robot_interfaces/multi_robot_interfaces/msg
[3.472s] -- Up-to-date: /home/calafaker/Control-Formation/ws3/install/multi_robot_interfaces/include/multi_robot_interfaces/multi_robot_interfaces/msg/detail
[3.472s] -- Installing: /home/calafaker/Control-Formation/ws3/install/multi_robot_interfaces/include/multi_robot_interfaces/multi_robot_interfaces/msg/detail/pva_constraints__rosidl_typesupport_introspection_cpp.hpp
[3.472s] -- Installing: /home/calafaker/Control-Formation/ws3/install/multi_robot_interfaces/include/multi_robot_interfaces/multi_robot_interfaces/msg/detail/robot_state__rosidl_typesupport_introspection_cpp.hpp
[3.472s] -- Installing: /home/calafaker/Control-Formation/ws3/install/multi_robot_interfaces/include/multi_robot_interfaces/multi_robot_interfaces/msg/detail/robot_state__type_support.cpp
[3.472s] -- Installing: /home/calafaker/Control-Formation/ws3/install/multi_robot_interfaces/include/multi_robot_interfaces/multi_robot_interfaces/msg/detail/pva_constraints__type_support.cpp
[3.472s] -- Installing: /home/calafaker/Control-Formation/ws3/install/multi_robot_interfaces/lib/libmulti_robot_interfaces__rosidl_typesupport_introspection_cpp.so
[3.472s] -- Set runtime path of "/home/calafaker/Control-Formation/ws3/install/multi_robot_interfaces/lib/libmulti_robot_interfaces__rosidl_typesupport_introspection_cpp.so" to ""
[3.472s] -- Installing: /home/calafaker/Control-Formation/ws3/install/multi_robot_interfaces/lib/libmulti_robot_interfaces__rosidl_typesupport_cpp.so
[3.472s] -- Set runtime path of "/home/calafaker/Control-Formation/ws3/install/multi_robot_interfaces/lib/libmulti_robot_interfaces__rosidl_typesupport_cpp.so" to ""
[3.472s] -- Up-to-date: /home/calafaker/Control-Formation/ws3/install/multi_robot_interfaces/share/multi_robot_interfaces/environment/pythonpath.sh
[3.472s] -- Installing: /home/calafaker/Control-Formation/ws3/install/multi_robot_interfaces/share/multi_robot_interfaces/environment/pythonpath.dsv
[3.472s] -- Up-to-date: /home/calafaker/Control-Formation/ws3/install/multi_robot_interfaces/local/lib/python3.10/dist-packages/multi_robot_interfaces-0.0.0-py3.10.egg-info
[3.472s] -- Installing: /home/calafaker/Control-Formation/ws3/install/multi_robot_interfaces/local/lib/python3.10/dist-packages/multi_robot_interfaces-0.0.0-py3.10.egg-info/top_level.txt
[3.473s] -- Installing: /home/calafaker/Control-Formation/ws3/install/multi_robot_interfaces/local/lib/python3.10/dist-packages/multi_robot_interfaces-0.0.0-py3.10.egg-info/SOURCES.txt
[3.473s] -- Installing: /home/calafaker/Control-Formation/ws3/install/multi_robot_interfaces/local/lib/python3.10/dist-packages/multi_robot_interfaces-0.0.0-py3.10.egg-info/dependency_links.txt
[3.473s] -- Installing: /home/calafaker/Control-Formation/ws3/install/multi_robot_interfaces/local/lib/python3.10/dist-packages/multi_robot_interfaces-0.0.0-py3.10.egg-info/PKG-INFO
[3.473s] -- Up-to-date: /home/calafaker/Control-Formation/ws3/install/multi_robot_interfaces/local/lib/python3.10/dist-packages/multi_robot_interfaces
[3.473s] -- Up-to-date: /home/calafaker/Control-Formation/ws3/install/multi_robot_interfaces/local/lib/python3.10/dist-packages/multi_robot_interfaces/msg
[3.473s] -- Installing: /home/calafaker/Control-Formation/ws3/install/multi_robot_interfaces/local/lib/python3.10/dist-packages/multi_robot_interfaces/msg/_pva_constraints_s.c
[3.473s] -- Installing: /home/calafaker/Control-Formation/ws3/install/multi_robot_interfaces/local/lib/python3.10/dist-packages/multi_robot_interfaces/msg/_robot_state.py
[3.473s] -- Installing: /home/calafaker/Control-Formation/ws3/install/multi_robot_interfaces/local/lib/python3.10/dist-packages/multi_robot_interfaces/msg/__init__.py
[3.473s] -- Installing: /home/calafaker/Control-Formation/ws3/install/multi_robot_interfaces/local/lib/python3.10/dist-packages/multi_robot_interfaces/msg/_pva_constraints.py
[3.473s] -- Installing: /home/calafaker/Control-Formation/ws3/install/multi_robot_interfaces/local/lib/python3.10/dist-packages/multi_robot_interfaces/msg/_robot_state_s.c
[3.474s] -- Installing: /home/calafaker/Control-Formation/ws3/install/multi_robot_interfaces/local/lib/python3.10/dist-packages/multi_robot_interfaces/_multi_robot_interfaces_s.ep.rosidl_typesupport_introspection_c.c
[3.474s] -- Installing: /home/calafaker/Control-Formation/ws3/install/multi_robot_interfaces/local/lib/python3.10/dist-packages/multi_robot_interfaces/_multi_robot_interfaces_s.ep.rosidl_typesupport_c.c
[3.474s] -- Installing: /home/calafaker/Control-Formation/ws3/install/multi_robot_interfaces/local/lib/python3.10/dist-packages/multi_robot_interfaces/multi_robot_interfaces_s__rosidl_typesupport_fastrtps_c.cpython-310-x86_64-linux-gnu.so
[3.474s] -- Installing: /home/calafaker/Control-Formation/ws3/install/multi_robot_interfaces/local/lib/python3.10/dist-packages/multi_robot_interfaces/libmulti_robot_interfaces__rosidl_generator_py.so
[3.474s] -- Installing: /home/calafaker/Control-Formation/ws3/install/multi_robot_interfaces/local/lib/python3.10/dist-packages/multi_robot_interfaces/multi_robot_interfaces_s__rosidl_typesupport_c.cpython-310-x86_64-linux-gnu.so
[3.475s] -- Installing: /home/calafaker/Control-Formation/ws3/install/multi_robot_interfaces/local/lib/python3.10/dist-packages/multi_robot_interfaces/__init__.py
[3.475s] -- Installing: /home/calafaker/Control-Formation/ws3/install/multi_robot_interfaces/local/lib/python3.10/dist-packages/multi_robot_interfaces/multi_robot_interfaces_s__rosidl_typesupport_introspection_c.cpython-310-x86_64-linux-gnu.so
[3.475s] -- Installing: /home/calafaker/Control-Formation/ws3/install/multi_robot_interfaces/local/lib/python3.10/dist-packages/multi_robot_interfaces/_multi_robot_interfaces_s.ep.rosidl_typesupport_fastrtps_c.c
[3.512s] Listing '/home/calafaker/Control-Formation/ws3/install/multi_robot_interfaces/local/lib/python3.10/dist-packages/multi_robot_interfaces'...
[3.512s] Compiling '/home/calafaker/Control-Formation/ws3/install/multi_robot_interfaces/local/lib/python3.10/dist-packages/multi_robot_interfaces/__init__.py'...
[3.512s] Listing '/home/calafaker/Control-Formation/ws3/install/multi_robot_interfaces/local/lib/python3.10/dist-packages/multi_robot_interfaces/msg'...
[3.512s] Compiling '/home/calafaker/Control-Formation/ws3/install/multi_robot_interfaces/local/lib/python3.10/dist-packages/multi_robot_interfaces/msg/__init__.py'...
[3.512s] Compiling '/home/calafaker/Control-Formation/ws3/install/multi_robot_interfaces/local/lib/python3.10/dist-packages/multi_robot_interfaces/msg/_pva_constraints.py'...
[3.512s] Compiling '/home/calafaker/Control-Formation/ws3/install/multi_robot_interfaces/local/lib/python3.10/dist-packages/multi_robot_interfaces/msg/_robot_state.py'...
[3.516s] -- Installing: /home/calafaker/Control-Formation/ws3/install/multi_robot_interfaces/local/lib/python3.10/dist-packages/multi_robot_interfaces/multi_robot_interfaces_s__rosidl_typesupport_fastrtps_c.cpython-310-x86_64-linux-gnu.so
[3.516s] -- Set runtime path of "/home/calafaker/Control-Formation/ws3/install/multi_robot_interfaces/local/lib/python3.10/dist-packages/multi_robot_interfaces/multi_robot_interfaces_s__rosidl_typesupport_fastrtps_c.cpython-310-x86_64-linux-gnu.so" to ""
[3.516s] -- Installing: /home/calafaker/Control-Formation/ws3/install/multi_robot_interfaces/local/lib/python3.10/dist-packages/multi_robot_interfaces/multi_robot_interfaces_s__rosidl_typesupport_introspection_c.cpython-310-x86_64-linux-gnu.so
[3.516s] -- Set runtime path of "/home/calafaker/Control-Formation/ws3/install/multi_robot_interfaces/local/lib/python3.10/dist-packages/multi_robot_interfaces/multi_robot_interfaces_s__rosidl_typesupport_introspection_c.cpython-310-x86_64-linux-gnu.so" to ""
[3.516s] -- Installing: /home/calafaker/Control-Formation/ws3/install/multi_robot_interfaces/local/lib/python3.10/dist-packages/multi_robot_interfaces/multi_robot_interfaces_s__rosidl_typesupport_c.cpython-310-x86_64-linux-gnu.so
[3.517s] -- Set runtime path of "/home/calafaker/Control-Formation/ws3/install/multi_robot_interfaces/local/lib/python3.10/dist-packages/multi_robot_interfaces/multi_robot_interfaces_s__rosidl_typesupport_c.cpython-310-x86_64-linux-gnu.so" to ""
[3.517s] -- Installing: /home/calafaker/Control-Formation/ws3/install/multi_robot_interfaces/lib/libmulti_robot_interfaces__rosidl_generator_py.so
[3.517s] -- Set runtime path of "/home/calafaker/Control-Formation/ws3/install/multi_robot_interfaces/lib/libmulti_robot_interfaces__rosidl_generator_py.so" to ""
[3.517s] -- Up-to-date: /home/calafaker/Control-Formation/ws3/install/multi_robot_interfaces/share/multi_robot_interfaces/msg/RobotState.idl
[3.517s] -- Installing: /home/calafaker/Control-Formation/ws3/install/multi_robot_interfaces/share/multi_robot_interfaces/msg/PVAConstraints.idl
[3.517s] -- Up-to-date: /home/calafaker/Control-Formation/ws3/install/multi_robot_interfaces/share/multi_robot_interfaces/msg/RobotState.msg
[3.517s] -- Installing: /home/calafaker/Control-Formation/ws3/install/multi_robot_interfaces/share/multi_robot_interfaces/msg/PVAConstraints.msg
[3.518s] -- Up-to-date: /home/calafaker/Control-Formation/ws3/install/multi_robot_interfaces/share/ament_index/resource_index/package_run_dependencies/multi_robot_interfaces
[3.518s] -- Installing: /home/calafaker/Control-Formation/ws3/install/multi_robot_interfaces/share/ament_index/resource_index/parent_prefix_path/multi_robot_interfaces
[3.518s] -- Up-to-date: /home/calafaker/Control-Formation/ws3/install/multi_robot_interfaces/share/multi_robot_interfaces/environment/ament_prefix_path.sh
[3.518s] -- Installing: /home/calafaker/Control-Formation/ws3/install/multi_robot_interfaces/share/multi_robot_interfaces/environment/ament_prefix_path.dsv
[3.518s] -- Up-to-date: /home/calafaker/Control-Formation/ws3/install/multi_robot_interfaces/share/multi_robot_interfaces/environment/path.sh
[3.518s] -- Installing: /home/calafaker/Control-Formation/ws3/install/multi_robot_interfaces/share/multi_robot_interfaces/environment/path.dsv
[3.518s] -- Up-to-date: /home/calafaker/Control-Formation/ws3/install/multi_robot_interfaces/share/multi_robot_interfaces/local_setup.bash
[3.518s] -- Up-to-date: /home/calafaker/Control-Formation/ws3/install/multi_robot_interfaces/share/multi_robot_interfaces/local_setup.sh
[3.518s] -- Up-to-date: /home/calafaker/Control-Formation/ws3/install/multi_robot_interfaces/share/multi_robot_interfaces/local_setup.zsh
[3.518s] -- Installing: /home/calafaker/Control-Formation/ws3/install/multi_robot_interfaces/share/multi_robot_interfaces/local_setup.dsv
[3.519s] -- Installing: /home/calafaker/Control-Formation/ws3/install/multi_robot_interfaces/share/multi_robot_interfaces/package.dsv
[3.519s] -- Up-to-date: /home/calafaker/Control-Formation/ws3/install/multi_robot_interfaces/share/ament_index/resource_index/packages/multi_robot_interfaces
[3.519s] -- Up-to-date: /home/calafaker/Control-Formation/ws3/install/multi_robot_interfaces/share/multi_robot_interfaces/cmake/export_multi_robot_interfaces__rosidl_generator_cExport.cmake
[3.519s] -- Up-to-date: /home/calafaker/Control-Formation/ws3/install/multi_robot_interfaces/share/multi_robot_interfaces/cmake/export_multi_robot_interfaces__rosidl_generator_cExport-noconfig.cmake
[3.519s] -- Up-to-date: /home/calafaker/Control-Formation/ws3/install/multi_robot_interfaces/share/multi_robot_interfaces/cmake/export_multi_robot_interfaces__rosidl_typesupport_fastrtps_cExport.cmake
[3.519s] -- Up-to-date: /home/calafaker/Control-Formation/ws3/install/multi_robot_interfaces/share/multi_robot_interfaces/cmake/export_multi_robot_interfaces__rosidl_typesupport_fastrtps_cExport-noconfig.cmake
[3.520s] -- Up-to-date: /home/calafaker/Control-Formation/ws3/install/multi_robot_interfaces/share/multi_robot_interfaces/cmake/multi_robot_interfaces__rosidl_typesupport_introspection_cExport.cmake
[3.520s] -- Up-to-date: /home/calafaker/Control-Formation/ws3/install/multi_robot_interfaces/share/multi_robot_interfaces/cmake/multi_robot_interfaces__rosidl_typesupport_introspection_cExport-noconfig.cmake
[3.520s] -- Up-to-date: /home/calafaker/Control-Formation/ws3/install/multi_robot_interfaces/share/multi_robot_interfaces/cmake/multi_robot_interfaces__rosidl_typesupport_cExport.cmake
[3.520s] -- Up-to-date: /home/calafaker/Control-Formation/ws3/install/multi_robot_interfaces/share/multi_robot_interfaces/cmake/multi_robot_interfaces__rosidl_typesupport_cExport-noconfig.cmake
[3.520s] -- Up-to-date: /home/calafaker/Control-Formation/ws3/install/multi_robot_interfaces/share/multi_robot_interfaces/cmake/export_multi_robot_interfaces__rosidl_generator_cppExport.cmake
[3.520s] -- Up-to-date: /home/calafaker/Control-Formation/ws3/install/multi_robot_interfaces/share/multi_robot_interfaces/cmake/export_multi_robot_interfaces__rosidl_typesupport_fastrtps_cppExport.cmake
[3.520s] -- Up-to-date: /home/calafaker/Control-Formation/ws3/install/multi_robot_interfaces/share/multi_robot_interfaces/cmake/export_multi_robot_interfaces__rosidl_typesupport_fastrtps_cppExport-noconfig.cmake
[3.521s] -- Up-to-date: /home/calafaker/Control-Formation/ws3/install/multi_robot_interfaces/share/multi_robot_interfaces/cmake/multi_robot_interfaces__rosidl_typesupport_introspection_cppExport.cmake
[3.521s] -- Up-to-date: /home/calafaker/Control-Formation/ws3/install/multi_robot_interfaces/share/multi_robot_interfaces/cmake/multi_robot_interfaces__rosidl_typesupport_introspection_cppExport-noconfig.cmake
[3.521s] -- Up-to-date: /home/calafaker/Control-Formation/ws3/install/multi_robot_interfaces/share/multi_robot_interfaces/cmake/multi_robot_interfaces__rosidl_typesupport_cppExport.cmake
[3.521s] -- Up-to-date: /home/calafaker/Control-Formation/ws3/install/multi_robot_interfaces/share/multi_robot_interfaces/cmake/multi_robot_interfaces__rosidl_typesupport_cppExport-noconfig.cmake
[3.521s] -- Up-to-date: /home/calafaker/Control-Formation/ws3/install/multi_robot_interfaces/share/multi_robot_interfaces/cmake/export_multi_robot_interfaces__rosidl_generator_pyExport.cmake
[3.521s] -- Up-to-date: /home/calafaker/Control-Formation/ws3/install/multi_robot_interfaces/share/multi_robot_interfaces/cmake/export_multi_robot_interfaces__rosidl_generator_pyExport-noconfig.cmake
[3.521s] -- Installing: /home/calafaker/Control-Formation/ws3/install/multi_robot_interfaces/share/multi_robot_interfaces/cmake/rosidl_cmake-extras.cmake
[3.521s] -- Up-to-date: /home/calafaker/Control-Formation/ws3/install/multi_robot_interfaces/share/multi_robot_interfaces/cmake/ament_cmake_export_include_directories-extras.cmake
[3.521s] -- Up-to-date: /home/calafaker/Control-Formation/ws3/install/multi_robot_interfaces/share/multi_robot_interfaces/cmake/ament_cmake_export_libraries-extras.cmake
[3.522s] -- Up-to-date: /home/calafaker/Control-Formation/ws3/install/multi_robot_interfaces/share/multi_robot_interfaces/cmake/ament_cmake_export_targets-extras.cmake
[3.522s] -- Up-to-date: /home/calafaker/Control-Formation/ws3/install/multi_robot_interfaces/share/multi_robot_interfaces/cmake/rosidl_cmake_export_typesupport_targets-extras.cmake
[3.522s] -- Up-to-date: /home/calafaker/Control-Formation/ws3/install/multi_robot_interfaces/share/multi_robot_interfaces/cmake/ament_cmake_export_dependencies-extras.cmake
[3.522s] -- Up-to-date: /home/calafaker/Control-Formation/ws3/install/multi_robot_interfaces/share/multi_robot_interfaces/cmake/rosidl_cmake_export_typesupport_libraries-extras.cmake
[3.522s] -- Up-to-date: /home/calafaker/Control-Formation/ws3/install/multi_robot_interfaces/share/multi_robot_interfaces/cmake/multi_robot_interfacesConfig.cmake
[3.522s] -- Up-to-date: /home/calafaker/Control-Formation/ws3/install/multi_robot_interfaces/share/multi_robot_interfaces/cmake/multi_robot_interfacesConfig-version.cmake
[3.523s] -- Up-to-date: /home/calafaker/Control-Formation/ws3/install/multi_robot_interfaces/share/multi_robot_interfaces/package.xml
[3.524s] Invoked command in '/home/calafaker/Control-Formation/ws3/build/multi_robot_interfaces' returned '0': CMAKE_PREFIX_PATH=${CMAKE_PREFIX_PATH}:/home/calafaker/Control-Formation/ws3/install/simulador:/home/calafaker/Control-Formation/ws3/install/control_nodes:/home/calafaker/Control-Formation/ws/install/simulation_pkg:/home/calafaker/Control-Formation/ws/install/control_algorithms:/opt/ros/humble /usr/bin/cmake --install /home/calafaker/Control-Formation/ws3/build/multi_robot_interfaces
