[1.198s] Invoking command in '/home/calafaker/Control-Formation/ws3/src/simulador': PYTHONPATH=/home/calafaker/Control-Formation/ws3/build/simulador/prefix_override:/usr/lib/python3/dist-packages/colcon_core/task/python/colcon_distutils_commands:/home/calafaker/Control-Formation/ws3/install/simulador/lib/python3.10/site-packages:${PYTHONPATH} /usr/bin/python3 -W ignore:setup.py install is deprecated -W ignore:easy_install command is deprecated setup.py egg_info --egg-base ../../build/simulador build --build-base /home/calafaker/Control-Formation/ws3/build/simulador/build install --record /home/calafaker/Control-Formation/ws3/build/simulador/install.log --single-version-externally-managed install_data
[1.458s] running egg_info
[1.459s] writing ../../build/simulador/simulador.egg-info/PKG-INFO
[1.460s] writing dependency_links to ../../build/simulador/simulador.egg-info/dependency_links.txt
[1.460s] writing entry points to ../../build/simulador/simulador.egg-info/entry_points.txt
[1.460s] writing requirements to ../../build/simulador/simulador.egg-info/requires.txt
[1.460s] writing top-level names to ../../build/simulador/simulador.egg-info/top_level.txt
[1.463s] reading manifest file '../../build/simulador/simulador.egg-info/SOURCES.txt'
[1.466s] writing manifest file '../../build/simulador/simulador.egg-info/SOURCES.txt'
[1.466s] running build
[1.466s] running build_py
[1.468s] running install
[1.468s] running install_lib
[1.472s] running install_data
[1.473s] running install_egg_info
[1.477s] removing '/home/calafaker/Control-Formation/ws3/install/simulador/lib/python3.10/site-packages/simulador-0.0.0-py3.10.egg-info' (and everything under it)
[1.477s] Copying ../../build/simulador/simulador.egg-info to /home/calafaker/Control-Formation/ws3/install/simulador/lib/python3.10/site-packages/simulador-0.0.0-py3.10.egg-info
[1.479s] running install_scripts
[1.514s] Installing aire script to /home/calafaker/Control-Formation/ws3/install/simulador/lib/simulador
[1.514s] Installing pva_plotter script to /home/calafaker/Control-Formation/ws3/install/simulador/lib/simulador
[1.514s] Installing states_plotter script to /home/calafaker/Control-Formation/ws3/install/simulador/lib/simulador
[1.514s] Installing states_plotter_v2 script to /home/calafaker/Control-Formation/ws3/install/simulador/lib/simulador
[1.515s] writing list of installed files to '/home/calafaker/Control-Formation/ws3/build/simulador/install.log'
[1.575s] Invoked command in '/home/calafaker/Control-Formation/ws3/src/simulador' returned '0': PYTHONPATH=/home/calafaker/Control-Formation/ws3/build/simulador/prefix_override:/usr/lib/python3/dist-packages/colcon_core/task/python/colcon_distutils_commands:/home/calafaker/Control-Formation/ws3/install/simulador/lib/python3.10/site-packages:${PYTHONPATH} /usr/bin/python3 -W ignore:setup.py install is deprecated -W ignore:easy_install command is deprecated setup.py egg_info --egg-base ../../build/simulador build --build-base /home/calafaker/Control-Formation/ws3/build/simulador/build install --record /home/calafaker/Control-Formation/ws3/build/simulador/install.log --single-version-externally-managed install_data
