[0.648s] Invoking command in '/home/calafaker/Control-Formation/ws3/src/control_nodes': AMENT_PREFIX_PATH=/home/calafaker/Control-Formation/ws3/install/multi_robot_interfaces:${AMENT_PREFIX_PATH} CMAKE_PREFIX_PATH=/home/calafaker/Control-Formation/ws3/install/multi_robot_interfaces LD_LIBRARY_PATH=/home/calafaker/Control-Formation/ws3/install/multi_robot_interfaces/lib:${LD_LIBRARY_PATH} PYTHONPATH=/home/calafaker/Control-Formation/ws3/build/control_nodes/prefix_override:/usr/lib/python3/dist-packages/colcon_core/task/python/colcon_distutils_commands:/home/calafaker/Control-Formation/ws3/install/control_nodes/lib/python3.10/site-packages:/home/calafaker/Control-Formation/ws3/install/multi_robot_interfaces/local/lib/python3.10/dist-packages:${PYTHONPATH} /usr/bin/python3 -W ignore:setup.py install is deprecated -W ignore:easy_install command is deprecated setup.py egg_info --egg-base ../../build/control_nodes build --build-base /home/calafaker/Control-Formation/ws3/build/control_nodes/build install --record /home/calafaker/Control-Formation/ws3/build/control_nodes/install.log --single-version-externally-managed install_data
[0.796s] running egg_info
[0.796s] writing ../../build/control_nodes/control_nodes.egg-info/PKG-INFO
[0.796s] writing dependency_links to ../../build/control_nodes/control_nodes.egg-info/dependency_links.txt
[0.797s] writing entry points to ../../build/control_nodes/control_nodes.egg-info/entry_points.txt
[0.797s] writing requirements to ../../build/control_nodes/control_nodes.egg-info/requires.txt
[0.797s] writing top-level names to ../../build/control_nodes/control_nodes.egg-info/top_level.txt
[0.798s] reading manifest file '../../build/control_nodes/control_nodes.egg-info/SOURCES.txt'
[0.799s] writing manifest file '../../build/control_nodes/control_nodes.egg-info/SOURCES.txt'
[0.799s] running build
[0.799s] running build_py
[0.799s] running install
[0.799s] running install_lib
[0.801s] running install_data
[0.801s] running install_egg_info
[0.802s] removing '/home/calafaker/Control-Formation/ws3/install/control_nodes/lib/python3.10/site-packages/control_nodes-0.0.0-py3.10.egg-info' (and everything under it)
[0.803s] Copying ../../build/control_nodes/control_nodes.egg-info to /home/calafaker/Control-Formation/ws3/install/control_nodes/lib/python3.10/site-packages/control_nodes-0.0.0-py3.10.egg-info
[0.803s] running install_scripts
[0.819s] Installing aire script to /home/calafaker/Control-Formation/ws3/install/control_nodes/lib/control_nodes
[0.820s] Installing consenso_node script to /home/calafaker/Control-Formation/ws3/install/control_nodes/lib/control_nodes
[0.820s] Installing navigate_individual_pva script to /home/calafaker/Control-Formation/ws3/install/control_nodes/lib/control_nodes
[0.820s] Installing navigate_waypoints_pva script to /home/calafaker/Control-Formation/ws3/install/control_nodes/lib/control_nodes
[0.820s] writing list of installed files to '/home/calafaker/Control-Formation/ws3/build/control_nodes/install.log'
[0.836s] Invoked command in '/home/calafaker/Control-Formation/ws3/src/control_nodes' returned '0': AMENT_PREFIX_PATH=/home/calafaker/Control-Formation/ws3/install/multi_robot_interfaces:${AMENT_PREFIX_PATH} CMAKE_PREFIX_PATH=/home/calafaker/Control-Formation/ws3/install/multi_robot_interfaces LD_LIBRARY_PATH=/home/calafaker/Control-Formation/ws3/install/multi_robot_interfaces/lib:${LD_LIBRARY_PATH} PYTHONPATH=/home/calafaker/Control-Formation/ws3/build/control_nodes/prefix_override:/usr/lib/python3/dist-packages/colcon_core/task/python/colcon_distutils_commands:/home/calafaker/Control-Formation/ws3/install/control_nodes/lib/python3.10/site-packages:/home/calafaker/Control-Formation/ws3/install/multi_robot_interfaces/local/lib/python3.10/dist-packages:${PYTHONPATH} /usr/bin/python3 -W ignore:setup.py install is deprecated -W ignore:easy_install command is deprecated setup.py egg_info --egg-base ../../build/control_nodes build --build-base /home/calafaker/Control-Formation/ws3/build/control_nodes/build install --record /home/calafaker/Control-Formation/ws3/build/control_nodes/install.log --single-version-externally-managed install_data
