[0.425s] Invoking command in '/home/calafaker/Control-Formation/ws3/build/multi_robot_interfaces': CMAKE_PREFIX_PATH=${CMAKE_PREFIX_PATH}:/home/calafaker/Control-Formation/ws3/install/control_nodes:/home/calafaker/Control-Formation/ws3/src/install/control_nodes:/opt/ros/humble:/home/calafaker/Control-Formation/ws3/src/install/simulador:/home/calafaker/Control-Formation/ws3/src/install/control_algorithms:/home/calafaker/Control-Formation/ws3/install/simulation_pkg:/home/calafaker/Control-Formation/ws3/install/simulador:/home/calafaker/Control-Formation/ws3/install/control_algorithms /usr/bin/cmake /home/calafaker/Control-Formation/ws3/src/multi_robot_interfaces -DCMAKE_INSTALL_PREFIX=/home/calafaker/Control-Formation/ws3/install/multi_robot_interfaces
[0.571s] -- The C compiler identification is GNU 11.4.0
[1.197s] -- The CXX compiler identification is GNU 11.4.0
[1.679s] -- Detecting C compiler ABI info
[1.843s] -- Detecting C compiler ABI info - done
[1.849s] -- Check for working C compiler: /usr/bin/cc - skipped
[1.849s] -- Detecting C compile features
[1.849s] -- Detecting C compile features - done
[1.852s] -- Detecting CXX compiler ABI info
[2.022s] -- Detecting CXX compiler ABI info - done
[2.028s] -- Check for working CXX compiler: /usr/bin/c++ - skipped
[2.028s] -- Detecting CXX compile features
[2.028s] -- Detecting CXX compile features - done
[2.030s] -- Found ament_cmake: 1.3.12 (/opt/ros/humble/share/ament_cmake/cmake)
[2.170s] -- Found Python3: /usr/bin/python3 (found version "3.10.12") found components: Interpreter 
[2.255s] -- Found rosidl_default_generators: 1.2.0 (/opt/ros/humble/share/rosidl_default_generators/cmake)
[2.261s] -- Using all available rosidl_typesupport_c: rosidl_typesupport_fastrtps_c;rosidl_typesupport_introspection_c
[2.268s] -- Found rosidl_adapter: 3.1.7 (/opt/ros/humble/share/rosidl_adapter/cmake)
[2.465s] -- Using all available rosidl_typesupport_cpp: rosidl_typesupport_fastrtps_cpp;rosidl_typesupport_introspection_cpp
[2.765s] -- Found ament_cmake_ros: 0.10.0 (/opt/ros/humble/share/ament_cmake_ros/cmake)
[2.974s] -- Using all available rosidl_typesupport_c: rosidl_typesupport_fastrtps_c;rosidl_typesupport_introspection_c
[3.223s] -- Using all available rosidl_typesupport_cpp: rosidl_typesupport_fastrtps_cpp;rosidl_typesupport_introspection_cpp
[3.364s] -- Found PythonInterp: /usr/bin/python3 (found suitable version "3.10.12", minimum required is "3.6") 
[3.367s] -- Found python_cmake_module: 0.10.0 (/opt/ros/humble/share/python_cmake_module/cmake)
[3.741s] -- Found PythonLibs: /usr/lib/x86_64-linux-gnu/libpython3.10.so (found suitable version "3.10.12", minimum required is "3.5") 
[3.741s] -- Using PYTHON_EXECUTABLE: /usr/bin/python3
[3.741s] -- Using PYTHON_INCLUDE_DIRS: /usr/include/python3.10
[3.741s] -- Using PYTHON_LIBRARIES: /usr/lib/x86_64-linux-gnu/libpython3.10.so
[3.759s] -- Found PythonExtra: .so  
[3.835s] -- Configuring done
[3.865s] -- Generating done
[3.872s] -- Build files have been written to: /home/calafaker/Control-Formation/ws3/build/multi_robot_interfaces
[3.881s] Invoked command in '/home/calafaker/Control-Formation/ws3/build/multi_robot_interfaces' returned '0': CMAKE_PREFIX_PATH=${CMAKE_PREFIX_PATH}:/home/calafaker/Control-Formation/ws3/install/control_nodes:/home/calafaker/Control-Formation/ws3/src/install/control_nodes:/opt/ros/humble:/home/calafaker/Control-Formation/ws3/src/install/simulador:/home/calafaker/Control-Formation/ws3/src/install/control_algorithms:/home/calafaker/Control-Formation/ws3/install/simulation_pkg:/home/calafaker/Control-Formation/ws3/install/simulador:/home/calafaker/Control-Formation/ws3/install/control_algorithms /usr/bin/cmake /home/calafaker/Control-Formation/ws3/src/multi_robot_interfaces -DCMAKE_INSTALL_PREFIX=/home/calafaker/Control-Formation/ws3/install/multi_robot_interfaces
[3.883s] Invoking command in '/home/calafaker/Control-Formation/ws3/build/multi_robot_interfaces': CMAKE_PREFIX_PATH=${CMAKE_PREFIX_PATH}:/home/calafaker/Control-Formation/ws3/install/control_nodes:/home/calafaker/Control-Formation/ws3/src/install/control_nodes:/opt/ros/humble:/home/calafaker/Control-Formation/ws3/src/install/simulador:/home/calafaker/Control-Formation/ws3/src/install/control_algorithms:/home/calafaker/Control-Formation/ws3/install/simulation_pkg:/home/calafaker/Control-Formation/ws3/install/simulador:/home/calafaker/Control-Formation/ws3/install/control_algorithms /usr/bin/cmake --build /home/calafaker/Control-Formation/ws3/build/multi_robot_interfaces -- -j16 -l16
[3.913s] [  3%] [34m[1mGenerating C code for ROS interfaces[0m
[3.921s] [  6%] [34m[1mGenerating C++ code for ROS interfaces[0m
[3.926s] [  6%] Built target ament_cmake_python_copy_multi_robot_interfaces
[4.127s] [  6%] Built target multi_robot_interfaces__cpp
[4.128s] running egg_info
[4.129s] creating multi_robot_interfaces.egg-info
[4.129s] writing multi_robot_interfaces.egg-info/PKG-INFO
[4.129s] writing dependency_links to multi_robot_interfaces.egg-info/dependency_links.txt
[4.129s] writing top-level names to multi_robot_interfaces.egg-info/top_level.txt
[4.129s] writing manifest file 'multi_robot_interfaces.egg-info/SOURCES.txt'
[4.131s] reading manifest file 'multi_robot_interfaces.egg-info/SOURCES.txt'
[4.131s] writing manifest file 'multi_robot_interfaces.egg-info/SOURCES.txt'
[4.137s] [  9%] [34m[1mGenerating C++ type support for eProsima Fast-RTPS[0m
[4.137s] [ 12%] [34m[1mGenerating C++ type support dispatch for ROS interfaces[0m
[4.138s] [ 16%] [34m[1mGenerating C++ introspection for ROS interfaces[0m
[4.144s] [ 19%] [32mBuilding C object CMakeFiles/multi_robot_interfaces__rosidl_generator_c.dir/rosidl_generator_c/multi_robot_interfaces/msg/detail/robot_state__functions.c.o[0m
[4.159s] [ 19%] Built target ament_cmake_python_build_multi_robot_interfaces_egg
[4.219s] [ 22%] [32m[1mLinking C shared library libmulti_robot_interfaces__rosidl_generator_c.so[0m
[4.412s] [ 22%] Built target multi_robot_interfaces__rosidl_generator_c
[4.441s] [ 25%] [34m[1mGenerating C introspection for ROS interfaces[0m
[4.441s] [ 29%] [34m[1mGenerating C type support dispatch for ROS interfaces[0m
[4.441s] [ 32%] [34m[1mGenerating C type support for eProsima Fast-RTPS[0m
[4.478s] [ 35%] [32mBuilding CXX object CMakeFiles/multi_robot_interfaces__rosidl_typesupport_introspection_cpp.dir/rosidl_typesupport_introspection_cpp/multi_robot_interfaces/msg/detail/robot_state__type_support.cpp.o[0m
[4.478s] [ 38%] [32mBuilding CXX object CMakeFiles/multi_robot_interfaces__rosidl_typesupport_cpp.dir/rosidl_typesupport_cpp/multi_robot_interfaces/msg/robot_state__type_support.cpp.o[0m
[4.494s] [ 41%] [32mBuilding CXX object CMakeFiles/multi_robot_interfaces__rosidl_typesupport_fastrtps_cpp.dir/rosidl_typesupport_fastrtps_cpp/multi_robot_interfaces/msg/detail/dds_fastrtps/robot_state__type_support.cpp.o[0m
[4.886s] [ 45%] [32mBuilding CXX object CMakeFiles/multi_robot_interfaces__rosidl_typesupport_c.dir/rosidl_typesupport_c/multi_robot_interfaces/msg/robot_state__type_support.cpp.o[0m
[4.928s] [ 48%] [32mBuilding C object CMakeFiles/multi_robot_interfaces__rosidl_typesupport_introspection_c.dir/rosidl_typesupport_introspection_c/multi_robot_interfaces/msg/detail/robot_state__type_support.c.o[0m
[4.938s] [ 51%] [32m[1mLinking CXX shared library libmulti_robot_interfaces__rosidl_typesupport_c.so[0m
[4.943s] [ 54%] [32mBuilding CXX object CMakeFiles/multi_robot_interfaces__rosidl_typesupport_fastrtps_c.dir/rosidl_typesupport_fastrtps_c/multi_robot_interfaces/msg/detail/robot_state__type_support_c.cpp.o[0m
[4.994s] [ 58%] [32m[1mLinking C shared library libmulti_robot_interfaces__rosidl_typesupport_introspection_c.so[0m
[5.024s] [ 61%] [32m[1mLinking CXX shared library libmulti_robot_interfaces__rosidl_typesupport_cpp.so[0m
[5.195s] [ 61%] Built target multi_robot_interfaces__rosidl_typesupport_c
[5.219s] [ 64%] [32m[1mLinking CXX shared library libmulti_robot_interfaces__rosidl_typesupport_introspection_cpp.so[0m
[5.224s] [ 64%] Built target multi_robot_interfaces__rosidl_typesupport_introspection_c
[5.240s] [ 67%] [32m[1mLinking CXX shared library libmulti_robot_interfaces__rosidl_typesupport_fastrtps_cpp.so[0m
[5.266s] [ 67%] Built target multi_robot_interfaces__rosidl_typesupport_cpp
[5.453s] [ 67%] Built target multi_robot_interfaces__rosidl_typesupport_introspection_cpp
[5.468s] [ 70%] [32m[1mLinking CXX shared library libmulti_robot_interfaces__rosidl_typesupport_fastrtps_c.so[0m
[5.482s] [ 70%] Built target multi_robot_interfaces__rosidl_typesupport_fastrtps_cpp
[5.682s] [ 70%] Built target multi_robot_interfaces__rosidl_typesupport_fastrtps_c
[5.704s] [ 70%] Built target multi_robot_interfaces
[5.725s] [ 74%] [34m[1mGenerating Python code for ROS interfaces[0m
[5.989s] [ 74%] Built target multi_robot_interfaces__py
[6.007s] [ 77%] [32mBuilding C object CMakeFiles/multi_robot_interfaces__rosidl_generator_py.dir/rosidl_generator_py/multi_robot_interfaces/msg/_robot_state_s.c.o[0m
[6.119s] [ 80%] [32m[1mLinking C shared library rosidl_generator_py/multi_robot_interfaces/libmulti_robot_interfaces__rosidl_generator_py.so[0m
[6.236s] [ 80%] Built target multi_robot_interfaces__rosidl_generator_py
[6.254s] [ 83%] [32mBuilding C object CMakeFiles/multi_robot_interfaces__rosidl_typesupport_c__pyext.dir/rosidl_generator_py/multi_robot_interfaces/_multi_robot_interfaces_s.ep.rosidl_typesupport_c.c.o[0m
[6.255s] [ 87%] [32mBuilding C object CMakeFiles/multi_robot_interfaces__rosidl_typesupport_fastrtps_c__pyext.dir/rosidl_generator_py/multi_robot_interfaces/_multi_robot_interfaces_s.ep.rosidl_typesupport_fastrtps_c.c.o[0m
[6.255s] [ 90%] [32mBuilding C object CMakeFiles/multi_robot_interfaces__rosidl_typesupport_introspection_c__pyext.dir/rosidl_generator_py/multi_robot_interfaces/_multi_robot_interfaces_s.ep.rosidl_typesupport_introspection_c.c.o[0m
[6.329s] [ 93%] [32m[1mLinking C shared library rosidl_generator_py/multi_robot_interfaces/multi_robot_interfaces_s__rosidl_typesupport_c.cpython-310-x86_64-linux-gnu.so[0m
[6.337s] [ 96%] [32m[1mLinking C shared library rosidl_generator_py/multi_robot_interfaces/multi_robot_interfaces_s__rosidl_typesupport_introspection_c.cpython-310-x86_64-linux-gnu.so[0m
[6.339s] [100%] [32m[1mLinking C shared library rosidl_generator_py/multi_robot_interfaces/multi_robot_interfaces_s__rosidl_typesupport_fastrtps_c.cpython-310-x86_64-linux-gnu.so[0m
[6.428s] [100%] Built target multi_robot_interfaces__rosidl_typesupport_fastrtps_c__pyext
[6.428s] [100%] Built target multi_robot_interfaces__rosidl_typesupport_c__pyext
[6.428s] [100%] Built target multi_robot_interfaces__rosidl_typesupport_introspection_c__pyext
[6.440s] Invoked command in '/home/calafaker/Control-Formation/ws3/build/multi_robot_interfaces' returned '0': CMAKE_PREFIX_PATH=${CMAKE_PREFIX_PATH}:/home/calafaker/Control-Formation/ws3/install/control_nodes:/home/calafaker/Control-Formation/ws3/src/install/control_nodes:/opt/ros/humble:/home/calafaker/Control-Formation/ws3/src/install/simulador:/home/calafaker/Control-Formation/ws3/src/install/control_algorithms:/home/calafaker/Control-Formation/ws3/install/simulation_pkg:/home/calafaker/Control-Formation/ws3/install/simulador:/home/calafaker/Control-Formation/ws3/install/control_algorithms /usr/bin/cmake --build /home/calafaker/Control-Formation/ws3/build/multi_robot_interfaces -- -j16 -l16
[6.442s] Invoking command in '/home/calafaker/Control-Formation/ws3/build/multi_robot_interfaces': CMAKE_PREFIX_PATH=${CMAKE_PREFIX_PATH}:/home/calafaker/Control-Formation/ws3/install/control_nodes:/home/calafaker/Control-Formation/ws3/src/install/control_nodes:/opt/ros/humble:/home/calafaker/Control-Formation/ws3/src/install/simulador:/home/calafaker/Control-Formation/ws3/src/install/control_algorithms:/home/calafaker/Control-Formation/ws3/install/simulation_pkg:/home/calafaker/Control-Formation/ws3/install/simulador:/home/calafaker/Control-Formation/ws3/install/control_algorithms /usr/bin/cmake --install /home/calafaker/Control-Formation/ws3/build/multi_robot_interfaces
[6.449s] -- Install configuration: ""
[6.450s] -- Installing: /home/calafaker/Control-Formation/ws3/install/multi_robot_interfaces/share/ament_index/resource_index/rosidl_interfaces/multi_robot_interfaces
[6.450s] -- Installing: /home/calafaker/Control-Formation/ws3/install/multi_robot_interfaces/include/multi_robot_interfaces/multi_robot_interfaces
[6.451s] -- Installing: /home/calafaker/Control-Formation/ws3/install/multi_robot_interfaces/include/multi_robot_interfaces/multi_robot_interfaces/msg
[6.451s] -- Installing: /home/calafaker/Control-Formation/ws3/install/multi_robot_interfaces/include/multi_robot_interfaces/multi_robot_interfaces/msg/rosidl_generator_c__visibility_control.h
[6.451s] -- Installing: /home/calafaker/Control-Formation/ws3/install/multi_robot_interfaces/include/multi_robot_interfaces/multi_robot_interfaces/msg/robot_state.h
[6.451s] -- Installing: /home/calafaker/Control-Formation/ws3/install/multi_robot_interfaces/include/multi_robot_interfaces/multi_robot_interfaces/msg/detail
[6.451s] -- Installing: /home/calafaker/Control-Formation/ws3/install/multi_robot_interfaces/include/multi_robot_interfaces/multi_robot_interfaces/msg/detail/robot_state__struct.h
[6.451s] -- Installing: /home/calafaker/Control-Formation/ws3/install/multi_robot_interfaces/include/multi_robot_interfaces/multi_robot_interfaces/msg/detail/robot_state__functions.c
[6.452s] -- Installing: /home/calafaker/Control-Formation/ws3/install/multi_robot_interfaces/include/multi_robot_interfaces/multi_robot_interfaces/msg/detail/robot_state__functions.h
[6.452s] -- Installing: /home/calafaker/Control-Formation/ws3/install/multi_robot_interfaces/include/multi_robot_interfaces/multi_robot_interfaces/msg/detail/robot_state__type_support.h
[6.452s] -- Installing: /home/calafaker/Control-Formation/ws3/install/multi_robot_interfaces/share/multi_robot_interfaces/environment/library_path.sh
[6.452s] -- Installing: /home/calafaker/Control-Formation/ws3/install/multi_robot_interfaces/share/multi_robot_interfaces/environment/library_path.dsv
[6.452s] -- Installing: /home/calafaker/Control-Formation/ws3/install/multi_robot_interfaces/lib/libmulti_robot_interfaces__rosidl_generator_c.so
[6.453s] -- Set runtime path of "/home/calafaker/Control-Formation/ws3/install/multi_robot_interfaces/lib/libmulti_robot_interfaces__rosidl_generator_c.so" to ""
[6.453s] -- Up-to-date: /home/calafaker/Control-Formation/ws3/install/multi_robot_interfaces/include/multi_robot_interfaces/multi_robot_interfaces
[6.453s] -- Up-to-date: /home/calafaker/Control-Formation/ws3/install/multi_robot_interfaces/include/multi_robot_interfaces/multi_robot_interfaces/msg
[6.453s] -- Installing: /home/calafaker/Control-Formation/ws3/install/multi_robot_interfaces/include/multi_robot_interfaces/multi_robot_interfaces/msg/rosidl_typesupport_fastrtps_c__visibility_control.h
[6.453s] -- Up-to-date: /home/calafaker/Control-Formation/ws3/install/multi_robot_interfaces/include/multi_robot_interfaces/multi_robot_interfaces/msg/detail
[6.453s] -- Installing: /home/calafaker/Control-Formation/ws3/install/multi_robot_interfaces/include/multi_robot_interfaces/multi_robot_interfaces/msg/detail/robot_state__rosidl_typesupport_fastrtps_c.h
[6.454s] -- Installing: /home/calafaker/Control-Formation/ws3/install/multi_robot_interfaces/lib/libmulti_robot_interfaces__rosidl_typesupport_fastrtps_c.so
[6.454s] -- Set runtime path of "/home/calafaker/Control-Formation/ws3/install/multi_robot_interfaces/lib/libmulti_robot_interfaces__rosidl_typesupport_fastrtps_c.so" to ""
[6.454s] -- Up-to-date: /home/calafaker/Control-Formation/ws3/install/multi_robot_interfaces/include/multi_robot_interfaces/multi_robot_interfaces
[6.454s] -- Up-to-date: /home/calafaker/Control-Formation/ws3/install/multi_robot_interfaces/include/multi_robot_interfaces/multi_robot_interfaces/msg
[6.454s] -- Installing: /home/calafaker/Control-Formation/ws3/install/multi_robot_interfaces/include/multi_robot_interfaces/multi_robot_interfaces/msg/rosidl_typesupport_introspection_c__visibility_control.h
[6.454s] -- Up-to-date: /home/calafaker/Control-Formation/ws3/install/multi_robot_interfaces/include/multi_robot_interfaces/multi_robot_interfaces/msg/detail
[6.454s] -- Installing: /home/calafaker/Control-Formation/ws3/install/multi_robot_interfaces/include/multi_robot_interfaces/multi_robot_interfaces/msg/detail/robot_state__type_support.c
[6.454s] -- Installing: /home/calafaker/Control-Formation/ws3/install/multi_robot_interfaces/include/multi_robot_interfaces/multi_robot_interfaces/msg/detail/robot_state__rosidl_typesupport_introspection_c.h
[6.454s] -- Installing: /home/calafaker/Control-Formation/ws3/install/multi_robot_interfaces/lib/libmulti_robot_interfaces__rosidl_typesupport_introspection_c.so
[6.455s] -- Set runtime path of "/home/calafaker/Control-Formation/ws3/install/multi_robot_interfaces/lib/libmulti_robot_interfaces__rosidl_typesupport_introspection_c.so" to ""
[6.455s] -- Installing: /home/calafaker/Control-Formation/ws3/install/multi_robot_interfaces/lib/libmulti_robot_interfaces__rosidl_typesupport_c.so
[6.455s] -- Set runtime path of "/home/calafaker/Control-Formation/ws3/install/multi_robot_interfaces/lib/libmulti_robot_interfaces__rosidl_typesupport_c.so" to ""
[6.455s] -- Up-to-date: /home/calafaker/Control-Formation/ws3/install/multi_robot_interfaces/include/multi_robot_interfaces/multi_robot_interfaces
[6.455s] -- Up-to-date: /home/calafaker/Control-Formation/ws3/install/multi_robot_interfaces/include/multi_robot_interfaces/multi_robot_interfaces/msg
[6.455s] -- Installing: /home/calafaker/Control-Formation/ws3/install/multi_robot_interfaces/include/multi_robot_interfaces/multi_robot_interfaces/msg/rosidl_generator_cpp__visibility_control.hpp
[6.455s] -- Installing: /home/calafaker/Control-Formation/ws3/install/multi_robot_interfaces/include/multi_robot_interfaces/multi_robot_interfaces/msg/robot_state.hpp
[6.456s] -- Up-to-date: /home/calafaker/Control-Formation/ws3/install/multi_robot_interfaces/include/multi_robot_interfaces/multi_robot_interfaces/msg/detail
[6.456s] -- Installing: /home/calafaker/Control-Formation/ws3/install/multi_robot_interfaces/include/multi_robot_interfaces/multi_robot_interfaces/msg/detail/robot_state__type_support.hpp
[6.456s] -- Installing: /home/calafaker/Control-Formation/ws3/install/multi_robot_interfaces/include/multi_robot_interfaces/multi_robot_interfaces/msg/detail/robot_state__builder.hpp
[6.456s] -- Installing: /home/calafaker/Control-Formation/ws3/install/multi_robot_interfaces/include/multi_robot_interfaces/multi_robot_interfaces/msg/detail/robot_state__struct.hpp
[6.456s] -- Installing: /home/calafaker/Control-Formation/ws3/install/multi_robot_interfaces/include/multi_robot_interfaces/multi_robot_interfaces/msg/detail/robot_state__traits.hpp
[6.456s] -- Up-to-date: /home/calafaker/Control-Formation/ws3/install/multi_robot_interfaces/include/multi_robot_interfaces/multi_robot_interfaces
[6.456s] -- Up-to-date: /home/calafaker/Control-Formation/ws3/install/multi_robot_interfaces/include/multi_robot_interfaces/multi_robot_interfaces/msg
[6.457s] -- Installing: /home/calafaker/Control-Formation/ws3/install/multi_robot_interfaces/include/multi_robot_interfaces/multi_robot_interfaces/msg/rosidl_typesupport_fastrtps_cpp__visibility_control.h
[6.457s] -- Up-to-date: /home/calafaker/Control-Formation/ws3/install/multi_robot_interfaces/include/multi_robot_interfaces/multi_robot_interfaces/msg/detail
[6.457s] -- Installing: /home/calafaker/Control-Formation/ws3/install/multi_robot_interfaces/include/multi_robot_interfaces/multi_robot_interfaces/msg/detail/robot_state__rosidl_typesupport_fastrtps_cpp.hpp
[6.457s] -- Installing: /home/calafaker/Control-Formation/ws3/install/multi_robot_interfaces/include/multi_robot_interfaces/multi_robot_interfaces/msg/detail/dds_fastrtps
[6.457s] -- Installing: /home/calafaker/Control-Formation/ws3/install/multi_robot_interfaces/lib/libmulti_robot_interfaces__rosidl_typesupport_fastrtps_cpp.so
[6.457s] -- Set runtime path of "/home/calafaker/Control-Formation/ws3/install/multi_robot_interfaces/lib/libmulti_robot_interfaces__rosidl_typesupport_fastrtps_cpp.so" to ""
[6.457s] -- Up-to-date: /home/calafaker/Control-Formation/ws3/install/multi_robot_interfaces/include/multi_robot_interfaces/multi_robot_interfaces
[6.458s] -- Up-to-date: /home/calafaker/Control-Formation/ws3/install/multi_robot_interfaces/include/multi_robot_interfaces/multi_robot_interfaces/msg
[6.458s] -- Up-to-date: /home/calafaker/Control-Formation/ws3/install/multi_robot_interfaces/include/multi_robot_interfaces/multi_robot_interfaces/msg/detail
[6.458s] -- Installing: /home/calafaker/Control-Formation/ws3/install/multi_robot_interfaces/include/multi_robot_interfaces/multi_robot_interfaces/msg/detail/robot_state__rosidl_typesupport_introspection_cpp.hpp
[6.458s] -- Installing: /home/calafaker/Control-Formation/ws3/install/multi_robot_interfaces/include/multi_robot_interfaces/multi_robot_interfaces/msg/detail/robot_state__type_support.cpp
[6.458s] -- Installing: /home/calafaker/Control-Formation/ws3/install/multi_robot_interfaces/lib/libmulti_robot_interfaces__rosidl_typesupport_introspection_cpp.so
[6.458s] -- Set runtime path of "/home/calafaker/Control-Formation/ws3/install/multi_robot_interfaces/lib/libmulti_robot_interfaces__rosidl_typesupport_introspection_cpp.so" to ""
[6.458s] -- Installing: /home/calafaker/Control-Formation/ws3/install/multi_robot_interfaces/lib/libmulti_robot_interfaces__rosidl_typesupport_cpp.so
[6.458s] -- Set runtime path of "/home/calafaker/Control-Formation/ws3/install/multi_robot_interfaces/lib/libmulti_robot_interfaces__rosidl_typesupport_cpp.so" to ""
[6.458s] -- Installing: /home/calafaker/Control-Formation/ws3/install/multi_robot_interfaces/share/multi_robot_interfaces/environment/pythonpath.sh
[6.458s] -- Installing: /home/calafaker/Control-Formation/ws3/install/multi_robot_interfaces/share/multi_robot_interfaces/environment/pythonpath.dsv
[6.458s] -- Installing: /home/calafaker/Control-Formation/ws3/install/multi_robot_interfaces/local/lib/python3.10/dist-packages/multi_robot_interfaces-0.0.0-py3.10.egg-info
[6.459s] -- Installing: /home/calafaker/Control-Formation/ws3/install/multi_robot_interfaces/local/lib/python3.10/dist-packages/multi_robot_interfaces-0.0.0-py3.10.egg-info/top_level.txt
[6.459s] -- Installing: /home/calafaker/Control-Formation/ws3/install/multi_robot_interfaces/local/lib/python3.10/dist-packages/multi_robot_interfaces-0.0.0-py3.10.egg-info/SOURCES.txt
[6.459s] -- Installing: /home/calafaker/Control-Formation/ws3/install/multi_robot_interfaces/local/lib/python3.10/dist-packages/multi_robot_interfaces-0.0.0-py3.10.egg-info/dependency_links.txt
[6.459s] -- Installing: /home/calafaker/Control-Formation/ws3/install/multi_robot_interfaces/local/lib/python3.10/dist-packages/multi_robot_interfaces-0.0.0-py3.10.egg-info/PKG-INFO
[6.459s] -- Installing: /home/calafaker/Control-Formation/ws3/install/multi_robot_interfaces/local/lib/python3.10/dist-packages/multi_robot_interfaces
[6.459s] -- Installing: /home/calafaker/Control-Formation/ws3/install/multi_robot_interfaces/local/lib/python3.10/dist-packages/multi_robot_interfaces/msg
[6.459s] -- Installing: /home/calafaker/Control-Formation/ws3/install/multi_robot_interfaces/local/lib/python3.10/dist-packages/multi_robot_interfaces/msg/_robot_state.py
[6.459s] -- Installing: /home/calafaker/Control-Formation/ws3/install/multi_robot_interfaces/local/lib/python3.10/dist-packages/multi_robot_interfaces/msg/__init__.py
[6.460s] -- Installing: /home/calafaker/Control-Formation/ws3/install/multi_robot_interfaces/local/lib/python3.10/dist-packages/multi_robot_interfaces/msg/_robot_state_s.c
[6.460s] -- Installing: /home/calafaker/Control-Formation/ws3/install/multi_robot_interfaces/local/lib/python3.10/dist-packages/multi_robot_interfaces/_multi_robot_interfaces_s.ep.rosidl_typesupport_introspection_c.c
[6.460s] -- Installing: /home/calafaker/Control-Formation/ws3/install/multi_robot_interfaces/local/lib/python3.10/dist-packages/multi_robot_interfaces/_multi_robot_interfaces_s.ep.rosidl_typesupport_c.c
[6.460s] -- Installing: /home/calafaker/Control-Formation/ws3/install/multi_robot_interfaces/local/lib/python3.10/dist-packages/multi_robot_interfaces/multi_robot_interfaces_s__rosidl_typesupport_fastrtps_c.cpython-310-x86_64-linux-gnu.so
[6.460s] -- Installing: /home/calafaker/Control-Formation/ws3/install/multi_robot_interfaces/local/lib/python3.10/dist-packages/multi_robot_interfaces/libmulti_robot_interfaces__rosidl_generator_py.so
[6.460s] -- Installing: /home/calafaker/Control-Formation/ws3/install/multi_robot_interfaces/local/lib/python3.10/dist-packages/multi_robot_interfaces/multi_robot_interfaces_s__rosidl_typesupport_c.cpython-310-x86_64-linux-gnu.so
[6.460s] -- Installing: /home/calafaker/Control-Formation/ws3/install/multi_robot_interfaces/local/lib/python3.10/dist-packages/multi_robot_interfaces/__init__.py
[6.460s] -- Installing: /home/calafaker/Control-Formation/ws3/install/multi_robot_interfaces/local/lib/python3.10/dist-packages/multi_robot_interfaces/multi_robot_interfaces_s__rosidl_typesupport_introspection_c.cpython-310-x86_64-linux-gnu.so
[6.461s] -- Installing: /home/calafaker/Control-Formation/ws3/install/multi_robot_interfaces/local/lib/python3.10/dist-packages/multi_robot_interfaces/_multi_robot_interfaces_s.ep.rosidl_typesupport_fastrtps_c.c
[6.495s] Listing '/home/calafaker/Control-Formation/ws3/install/multi_robot_interfaces/local/lib/python3.10/dist-packages/multi_robot_interfaces'...
[6.495s] Compiling '/home/calafaker/Control-Formation/ws3/install/multi_robot_interfaces/local/lib/python3.10/dist-packages/multi_robot_interfaces/__init__.py'...
[6.495s] Listing '/home/calafaker/Control-Formation/ws3/install/multi_robot_interfaces/local/lib/python3.10/dist-packages/multi_robot_interfaces/msg'...
[6.495s] Compiling '/home/calafaker/Control-Formation/ws3/install/multi_robot_interfaces/local/lib/python3.10/dist-packages/multi_robot_interfaces/msg/__init__.py'...
[6.495s] Compiling '/home/calafaker/Control-Formation/ws3/install/multi_robot_interfaces/local/lib/python3.10/dist-packages/multi_robot_interfaces/msg/_robot_state.py'...
[6.499s] -- Installing: /home/calafaker/Control-Formation/ws3/install/multi_robot_interfaces/local/lib/python3.10/dist-packages/multi_robot_interfaces/multi_robot_interfaces_s__rosidl_typesupport_fastrtps_c.cpython-310-x86_64-linux-gnu.so
[6.499s] -- Set runtime path of "/home/calafaker/Control-Formation/ws3/install/multi_robot_interfaces/local/lib/python3.10/dist-packages/multi_robot_interfaces/multi_robot_interfaces_s__rosidl_typesupport_fastrtps_c.cpython-310-x86_64-linux-gnu.so" to ""
[6.500s] -- Installing: /home/calafaker/Control-Formation/ws3/install/multi_robot_interfaces/local/lib/python3.10/dist-packages/multi_robot_interfaces/multi_robot_interfaces_s__rosidl_typesupport_introspection_c.cpython-310-x86_64-linux-gnu.so
[6.500s] -- Set runtime path of "/home/calafaker/Control-Formation/ws3/install/multi_robot_interfaces/local/lib/python3.10/dist-packages/multi_robot_interfaces/multi_robot_interfaces_s__rosidl_typesupport_introspection_c.cpython-310-x86_64-linux-gnu.so" to ""
[6.500s] -- Installing: /home/calafaker/Control-Formation/ws3/install/multi_robot_interfaces/local/lib/python3.10/dist-packages/multi_robot_interfaces/multi_robot_interfaces_s__rosidl_typesupport_c.cpython-310-x86_64-linux-gnu.so
[6.500s] -- Set runtime path of "/home/calafaker/Control-Formation/ws3/install/multi_robot_interfaces/local/lib/python3.10/dist-packages/multi_robot_interfaces/multi_robot_interfaces_s__rosidl_typesupport_c.cpython-310-x86_64-linux-gnu.so" to ""
[6.500s] -- Installing: /home/calafaker/Control-Formation/ws3/install/multi_robot_interfaces/lib/libmulti_robot_interfaces__rosidl_generator_py.so
[6.500s] -- Set runtime path of "/home/calafaker/Control-Formation/ws3/install/multi_robot_interfaces/lib/libmulti_robot_interfaces__rosidl_generator_py.so" to ""
[6.501s] -- Installing: /home/calafaker/Control-Formation/ws3/install/multi_robot_interfaces/share/multi_robot_interfaces/msg/RobotState.idl
[6.501s] -- Installing: /home/calafaker/Control-Formation/ws3/install/multi_robot_interfaces/share/multi_robot_interfaces/msg/RobotState.msg
[6.501s] -- Installing: /home/calafaker/Control-Formation/ws3/install/multi_robot_interfaces/share/ament_index/resource_index/package_run_dependencies/multi_robot_interfaces
[6.501s] -- Installing: /home/calafaker/Control-Formation/ws3/install/multi_robot_interfaces/share/ament_index/resource_index/parent_prefix_path/multi_robot_interfaces
[6.502s] -- Installing: /home/calafaker/Control-Formation/ws3/install/multi_robot_interfaces/share/multi_robot_interfaces/environment/ament_prefix_path.sh
[6.502s] -- Installing: /home/calafaker/Control-Formation/ws3/install/multi_robot_interfaces/share/multi_robot_interfaces/environment/ament_prefix_path.dsv
[6.502s] -- Installing: /home/calafaker/Control-Formation/ws3/install/multi_robot_interfaces/share/multi_robot_interfaces/environment/path.sh
[6.502s] -- Installing: /home/calafaker/Control-Formation/ws3/install/multi_robot_interfaces/share/multi_robot_interfaces/environment/path.dsv
[6.502s] -- Installing: /home/calafaker/Control-Formation/ws3/install/multi_robot_interfaces/share/multi_robot_interfaces/local_setup.bash
[6.502s] -- Installing: /home/calafaker/Control-Formation/ws3/install/multi_robot_interfaces/share/multi_robot_interfaces/local_setup.sh
[6.502s] -- Installing: /home/calafaker/Control-Formation/ws3/install/multi_robot_interfaces/share/multi_robot_interfaces/local_setup.zsh
[6.502s] -- Installing: /home/calafaker/Control-Formation/ws3/install/multi_robot_interfaces/share/multi_robot_interfaces/local_setup.dsv
[6.503s] -- Installing: /home/calafaker/Control-Formation/ws3/install/multi_robot_interfaces/share/multi_robot_interfaces/package.dsv
[6.503s] -- Installing: /home/calafaker/Control-Formation/ws3/install/multi_robot_interfaces/share/ament_index/resource_index/packages/multi_robot_interfaces
[6.503s] -- Installing: /home/calafaker/Control-Formation/ws3/install/multi_robot_interfaces/share/multi_robot_interfaces/cmake/export_multi_robot_interfaces__rosidl_generator_cExport.cmake
[6.504s] -- Installing: /home/calafaker/Control-Formation/ws3/install/multi_robot_interfaces/share/multi_robot_interfaces/cmake/export_multi_robot_interfaces__rosidl_generator_cExport-noconfig.cmake
[6.504s] -- Installing: /home/calafaker/Control-Formation/ws3/install/multi_robot_interfaces/share/multi_robot_interfaces/cmake/export_multi_robot_interfaces__rosidl_typesupport_fastrtps_cExport.cmake
[6.504s] -- Installing: /home/calafaker/Control-Formation/ws3/install/multi_robot_interfaces/share/multi_robot_interfaces/cmake/export_multi_robot_interfaces__rosidl_typesupport_fastrtps_cExport-noconfig.cmake
[6.504s] -- Installing: /home/calafaker/Control-Formation/ws3/install/multi_robot_interfaces/share/multi_robot_interfaces/cmake/multi_robot_interfaces__rosidl_typesupport_introspection_cExport.cmake
[6.505s] -- Installing: /home/calafaker/Control-Formation/ws3/install/multi_robot_interfaces/share/multi_robot_interfaces/cmake/multi_robot_interfaces__rosidl_typesupport_introspection_cExport-noconfig.cmake
[6.505s] -- Installing: /home/calafaker/Control-Formation/ws3/install/multi_robot_interfaces/share/multi_robot_interfaces/cmake/multi_robot_interfaces__rosidl_typesupport_cExport.cmake
[6.505s] -- Installing: /home/calafaker/Control-Formation/ws3/install/multi_robot_interfaces/share/multi_robot_interfaces/cmake/multi_robot_interfaces__rosidl_typesupport_cExport-noconfig.cmake
[6.505s] -- Installing: /home/calafaker/Control-Formation/ws3/install/multi_robot_interfaces/share/multi_robot_interfaces/cmake/export_multi_robot_interfaces__rosidl_generator_cppExport.cmake
[6.505s] -- Installing: /home/calafaker/Control-Formation/ws3/install/multi_robot_interfaces/share/multi_robot_interfaces/cmake/export_multi_robot_interfaces__rosidl_typesupport_fastrtps_cppExport.cmake
[6.506s] -- Installing: /home/calafaker/Control-Formation/ws3/install/multi_robot_interfaces/share/multi_robot_interfaces/cmake/export_multi_robot_interfaces__rosidl_typesupport_fastrtps_cppExport-noconfig.cmake
[6.506s] -- Installing: /home/calafaker/Control-Formation/ws3/install/multi_robot_interfaces/share/multi_robot_interfaces/cmake/multi_robot_interfaces__rosidl_typesupport_introspection_cppExport.cmake
[6.506s] -- Installing: /home/calafaker/Control-Formation/ws3/install/multi_robot_interfaces/share/multi_robot_interfaces/cmake/multi_robot_interfaces__rosidl_typesupport_introspection_cppExport-noconfig.cmake
[6.506s] -- Installing: /home/calafaker/Control-Formation/ws3/install/multi_robot_interfaces/share/multi_robot_interfaces/cmake/multi_robot_interfaces__rosidl_typesupport_cppExport.cmake
[6.506s] -- Installing: /home/calafaker/Control-Formation/ws3/install/multi_robot_interfaces/share/multi_robot_interfaces/cmake/multi_robot_interfaces__rosidl_typesupport_cppExport-noconfig.cmake
[6.507s] -- Installing: /home/calafaker/Control-Formation/ws3/install/multi_robot_interfaces/share/multi_robot_interfaces/cmake/export_multi_robot_interfaces__rosidl_generator_pyExport.cmake
[6.507s] -- Installing: /home/calafaker/Control-Formation/ws3/install/multi_robot_interfaces/share/multi_robot_interfaces/cmake/export_multi_robot_interfaces__rosidl_generator_pyExport-noconfig.cmake
[6.507s] -- Installing: /home/calafaker/Control-Formation/ws3/install/multi_robot_interfaces/share/multi_robot_interfaces/cmake/rosidl_cmake-extras.cmake
[6.507s] -- Installing: /home/calafaker/Control-Formation/ws3/install/multi_robot_interfaces/share/multi_robot_interfaces/cmake/ament_cmake_export_include_directories-extras.cmake
[6.507s] -- Installing: /home/calafaker/Control-Formation/ws3/install/multi_robot_interfaces/share/multi_robot_interfaces/cmake/ament_cmake_export_libraries-extras.cmake
[6.507s] -- Installing: /home/calafaker/Control-Formation/ws3/install/multi_robot_interfaces/share/multi_robot_interfaces/cmake/ament_cmake_export_targets-extras.cmake
[6.508s] -- Installing: /home/calafaker/Control-Formation/ws3/install/multi_robot_interfaces/share/multi_robot_interfaces/cmake/rosidl_cmake_export_typesupport_targets-extras.cmake
[6.508s] -- Installing: /home/calafaker/Control-Formation/ws3/install/multi_robot_interfaces/share/multi_robot_interfaces/cmake/ament_cmake_export_dependencies-extras.cmake
[6.508s] -- Installing: /home/calafaker/Control-Formation/ws3/install/multi_robot_interfaces/share/multi_robot_interfaces/cmake/rosidl_cmake_export_typesupport_libraries-extras.cmake
[6.508s] -- Installing: /home/calafaker/Control-Formation/ws3/install/multi_robot_interfaces/share/multi_robot_interfaces/cmake/multi_robot_interfacesConfig.cmake
[6.509s] -- Installing: /home/calafaker/Control-Formation/ws3/install/multi_robot_interfaces/share/multi_robot_interfaces/cmake/multi_robot_interfacesConfig-version.cmake
[6.509s] -- Installing: /home/calafaker/Control-Formation/ws3/install/multi_robot_interfaces/share/multi_robot_interfaces/package.xml
[6.512s] Invoked command in '/home/calafaker/Control-Formation/ws3/build/multi_robot_interfaces' returned '0': CMAKE_PREFIX_PATH=${CMAKE_PREFIX_PATH}:/home/calafaker/Control-Formation/ws3/install/control_nodes:/home/calafaker/Control-Formation/ws3/src/install/control_nodes:/opt/ros/humble:/home/calafaker/Control-Formation/ws3/src/install/simulador:/home/calafaker/Control-Formation/ws3/src/install/control_algorithms:/home/calafaker/Control-Formation/ws3/install/simulation_pkg:/home/calafaker/Control-Formation/ws3/install/simulador:/home/calafaker/Control-Formation/ws3/install/control_algorithms /usr/bin/cmake --install /home/calafaker/Control-Formation/ws3/build/multi_robot_interfaces
