[0.562s] Invoking command in '/home/calafaker/Control-Formation/ws3/build/control_nodes': PYTHONPATH=/home/calafaker/Control-Formation/ws3/build/control_nodes/prefix_override:/usr/lib/python3/dist-packages/colcon_core/task/python/colcon_distutils_commands:/home/calafaker/Control-Formation/ws3/install/control_nodes/lib/python3.10/site-packages:${PYTHONPATH} /usr/bin/python3 -W ignore:setup.py install is deprecated -W ignore:easy_install command is deprecated setup.py develop --editable --build-directory /home/calafaker/Control-Formation/ws3/build/control_nodes/build --no-deps symlink_data
[0.725s] running develop
[0.811s] running egg_info
[0.811s] writing control_nodes.egg-info/PKG-INFO
[0.812s] writing dependency_links to control_nodes.egg-info/dependency_links.txt
[0.812s] writing entry points to control_nodes.egg-info/entry_points.txt
[0.812s] writing requirements to control_nodes.egg-info/requires.txt
[0.812s] writing top-level names to control_nodes.egg-info/top_level.txt
[0.813s] reading manifest file 'control_nodes.egg-info/SOURCES.txt'
[0.814s] writing manifest file 'control_nodes.egg-info/SOURCES.txt'
[0.814s] running build_ext
[0.814s] Creating /home/calafaker/Control-Formation/ws3/install/control_nodes/lib/python3.10/site-packages/control-nodes.egg-link (link to .)
[0.815s] Installing aire script to /home/calafaker/Control-Formation/ws3/install/control_nodes/lib/control_nodes
[0.816s] Installing consenso_node script to /home/calafaker/Control-Formation/ws3/install/control_nodes/lib/control_nodes
[0.816s] Installing navigate_individual_pva script to /home/calafaker/Control-Formation/ws3/install/control_nodes/lib/control_nodes
[0.816s] Installing navigate_waypoints_pva script to /home/calafaker/Control-Formation/ws3/install/control_nodes/lib/control_nodes
[0.816s] 
[0.816s] Installed /home/calafaker/Control-Formation/ws3/build/control_nodes
[0.816s] running symlink_data
[0.830s] Invoked command in '/home/calafaker/Control-Formation/ws3/build/control_nodes' returned '0': PYTHONPATH=/home/calafaker/Control-Formation/ws3/build/control_nodes/prefix_override:/usr/lib/python3/dist-packages/colcon_core/task/python/colcon_distutils_commands:/home/calafaker/Control-Formation/ws3/install/control_nodes/lib/python3.10/site-packages:${PYTHONPATH} /usr/bin/python3 -W ignore:setup.py install is deprecated -W ignore:easy_install command is deprecated setup.py develop --editable --build-directory /home/calafaker/Control-Formation/ws3/build/control_nodes/build --no-deps symlink_data
