[0.864s] Invoking command in '/home/calafaker/Control-Formation/ws3/src/simulador': PYTHONPATH=/home/calafaker/Control-Formation/ws3/build/simulador/prefix_override:/usr/lib/python3/dist-packages/colcon_core/task/python/colcon_distutils_commands:/home/calafaker/Control-Formation/ws3/install/simulador/lib/python3.10/site-packages:${PYTHONPATH} /usr/bin/python3 -W ignore:setup.py install is deprecated -W ignore:easy_install command is deprecated setup.py egg_info --egg-base ../../build/simulador build --build-base /home/calafaker/Control-Formation/ws3/build/simulador/build install --record /home/calafaker/Control-Formation/ws3/build/simulador/install.log --single-version-externally-managed install_data
[1.028s] running egg_info
[1.028s] writing ../../build/simulador/simulador.egg-info/PKG-INFO
[1.028s] writing dependency_links to ../../build/simulador/simulador.egg-info/dependency_links.txt
[1.028s] writing entry points to ../../build/simulador/simulador.egg-info/entry_points.txt
[1.028s] writing requirements to ../../build/simulador/simulador.egg-info/requires.txt
[1.028s] writing top-level names to ../../build/simulador/simulador.egg-info/top_level.txt
[1.031s] reading manifest file '../../build/simulador/simulador.egg-info/SOURCES.txt'
[1.032s] writing manifest file '../../build/simulador/simulador.egg-info/SOURCES.txt'
[1.032s] running build
[1.032s] running build_py
[1.032s] running install
[1.032s] running install_lib
[1.034s] running install_data
[1.034s] copying launch/vs_formacion_noble.launch.py -> /home/calafaker/Control-Formation/ws3/install/simulador/share/simulador/launch
[1.035s] running install_egg_info
[1.036s] removing '/home/calafaker/Control-Formation/ws3/install/simulador/lib/python3.10/site-packages/simulador-0.0.0-py3.10.egg-info' (and everything under it)
[1.037s] Copying ../../build/simulador/simulador.egg-info to /home/calafaker/Control-Formation/ws3/install/simulador/lib/python3.10/site-packages/simulador-0.0.0-py3.10.egg-info
[1.038s] running install_scripts
[1.056s] Installing aire script to /home/calafaker/Control-Formation/ws3/install/simulador/lib/simulador
[1.056s] Installing camera_zoom script to /home/calafaker/Control-Formation/ws3/install/simulador/lib/simulador
[1.057s] Installing gif_recorder script to /home/calafaker/Control-Formation/ws3/install/simulador/lib/simulador
[1.057s] Installing pva_plotter script to /home/calafaker/Control-Formation/ws3/install/simulador/lib/simulador
[1.057s] Installing sphere_demo script to /home/calafaker/Control-Formation/ws3/install/simulador/lib/simulador
[1.057s] Installing states_plotter_v2 script to /home/calafaker/Control-Formation/ws3/install/simulador/lib/simulador
[1.058s] Installing vs_node script to /home/calafaker/Control-Formation/ws3/install/simulador/lib/simulador
[1.059s] writing list of installed files to '/home/calafaker/Control-Formation/ws3/build/simulador/install.log'
[1.075s] Invoked command in '/home/calafaker/Control-Formation/ws3/src/simulador' returned '0': PYTHONPATH=/home/calafaker/Control-Formation/ws3/build/simulador/prefix_override:/usr/lib/python3/dist-packages/colcon_core/task/python/colcon_distutils_commands:/home/calafaker/Control-Formation/ws3/install/simulador/lib/python3.10/site-packages:${PYTHONPATH} /usr/bin/python3 -W ignore:setup.py install is deprecated -W ignore:easy_install command is deprecated setup.py egg_info --egg-base ../../build/simulador build --build-base /home/calafaker/Control-Formation/ws3/build/simulador/build install --record /home/calafaker/Control-Formation/ws3/build/simulador/install.log --single-version-externally-managed install_data
