[0.749s] Invoking command in '/home/calafaker/Control-Formation/ws3/src/control_nodes': PYTHONPATH=/home/calafaker/Control-Formation/ws3/build/control_nodes/prefix_override:/usr/lib/python3/dist-packages/colcon_core/task/python/colcon_distutils_commands:/home/calafaker/Control-Formation/ws3/install/control_nodes/lib/python3.10/site-packages:${PYTHONPATH} /usr/bin/python3 -W ignore:setup.py install is deprecated -W ignore:easy_install command is deprecated setup.py egg_info --egg-base ../../build/control_nodes build --build-base /home/calafaker/Control-Formation/ws3/build/control_nodes/build install --record /home/calafaker/Control-Formation/ws3/build/control_nodes/install.log --single-version-externally-managed install_data
[0.898s] running egg_info
[0.899s] writing ../../build/control_nodes/control_nodes.egg-info/PKG-INFO
[0.899s] writing dependency_links to ../../build/control_nodes/control_nodes.egg-info/dependency_links.txt
[0.899s] writing entry points to ../../build/control_nodes/control_nodes.egg-info/entry_points.txt
[0.899s] writing requirements to ../../build/control_nodes/control_nodes.egg-info/requires.txt
[0.899s] writing top-level names to ../../build/control_nodes/control_nodes.egg-info/top_level.txt
[0.900s] reading manifest file '../../build/control_nodes/control_nodes.egg-info/SOURCES.txt'
[0.902s] writing manifest file '../../build/control_nodes/control_nodes.egg-info/SOURCES.txt'
[0.902s] running build
[0.902s] running build_py
[0.902s] copying control_nodes/consenso_node.py -> /home/calafaker/Control-Formation/ws3/build/control_nodes/build/lib/control_nodes
[0.903s] copying control_nodes/algorithms/consensus_formation_2.py -> /home/calafaker/Control-Formation/ws3/build/control_nodes/build/lib/control_nodes/algorithms
[0.904s] copying control_nodes/algorithms/pva.py -> /home/calafaker/Control-Formation/ws3/build/control_nodes/build/lib/control_nodes/algorithms
[0.905s] running install
[0.905s] running install_lib
[0.907s] copying /home/calafaker/Control-Formation/ws3/build/control_nodes/build/lib/control_nodes/consenso_node.py -> /home/calafaker/Control-Formation/ws3/install/control_nodes/lib/python3.10/site-packages/control_nodes
[0.908s] copying /home/calafaker/Control-Formation/ws3/build/control_nodes/build/lib/control_nodes/algorithms/consensus_formation_2.py -> /home/calafaker/Control-Formation/ws3/install/control_nodes/lib/python3.10/site-packages/control_nodes/algorithms
[0.908s] copying /home/calafaker/Control-Formation/ws3/build/control_nodes/build/lib/control_nodes/algorithms/pva.py -> /home/calafaker/Control-Formation/ws3/install/control_nodes/lib/python3.10/site-packages/control_nodes/algorithms
[0.909s] byte-compiling /home/calafaker/Control-Formation/ws3/install/control_nodes/lib/python3.10/site-packages/control_nodes/consenso_node.py to consenso_node.cpython-310.pyc
[0.911s] byte-compiling /home/calafaker/Control-Formation/ws3/install/control_nodes/lib/python3.10/site-packages/control_nodes/algorithms/consensus_formation_2.py to consensus_formation_2.cpython-310.pyc
[0.911s] byte-compiling /home/calafaker/Control-Formation/ws3/install/control_nodes/lib/python3.10/site-packages/control_nodes/algorithms/pva.py to pva.cpython-310.pyc
[0.912s] running install_data
[0.912s] running install_egg_info
[0.913s] removing '/home/calafaker/Control-Formation/ws3/install/control_nodes/lib/python3.10/site-packages/control_nodes-0.0.0-py3.10.egg-info' (and everything under it)
[0.913s] Copying ../../build/control_nodes/control_nodes.egg-info to /home/calafaker/Control-Formation/ws3/install/control_nodes/lib/python3.10/site-packages/control_nodes-0.0.0-py3.10.egg-info
[0.915s] running install_scripts
[0.930s] Installing aire script to /home/calafaker/Control-Formation/ws3/install/control_nodes/lib/control_nodes
[0.930s] Installing consenso_node script to /home/calafaker/Control-Formation/ws3/install/control_nodes/lib/control_nodes
[0.930s] Installing navigate_individual_pva script to /home/calafaker/Control-Formation/ws3/install/control_nodes/lib/control_nodes
[0.931s] Installing navigate_waypoints_pva script to /home/calafaker/Control-Formation/ws3/install/control_nodes/lib/control_nodes
[0.931s] writing list of installed files to '/home/calafaker/Control-Formation/ws3/build/control_nodes/install.log'
[0.955s] Invoked command in '/home/calafaker/Control-Formation/ws3/src/control_nodes' returned '0': PYTHONPATH=/home/calafaker/Control-Formation/ws3/build/control_nodes/prefix_override:/usr/lib/python3/dist-packages/colcon_core/task/python/colcon_distutils_commands:/home/calafaker/Control-Formation/ws3/install/control_nodes/lib/python3.10/site-packages:${PYTHONPATH} /usr/bin/python3 -W ignore:setup.py install is deprecated -W ignore:easy_install command is deprecated setup.py egg_info --egg-base ../../build/control_nodes build --build-base /home/calafaker/Control-Formation/ws3/build/control_nodes/build install --record /home/calafaker/Control-Formation/ws3/build/control_nodes/install.log --single-version-externally-managed install_data
