[0.798s] Invoking command in '/home/calafaker/Control-Formation/ws3/src/control_nodes': PYTHONPATH=/home/calafaker/Control-Formation/ws3/build/control_nodes/prefix_override:/usr/lib/python3/dist-packages/colcon_core/task/python/colcon_distutils_commands:/home/calafaker/Control-Formation/ws3/install/control_nodes/lib/python3.10/site-packages:${PYTHONPATH} /usr/bin/python3 -W ignore:setup.py install is deprecated -W ignore:easy_install command is deprecated setup.py egg_info --egg-base ../../build/control_nodes build --build-base /home/calafaker/Control-Formation/ws3/build/control_nodes/build install --record /home/calafaker/Control-Formation/ws3/build/control_nodes/install.log --single-version-externally-managed install_data
[0.948s] running egg_info
[0.949s] writing ../../build/control_nodes/control_nodes.egg-info/PKG-INFO
[0.949s] writing dependency_links to ../../build/control_nodes/control_nodes.egg-info/dependency_links.txt
[0.949s] writing entry points to ../../build/control_nodes/control_nodes.egg-info/entry_points.txt
[0.949s] writing requirements to ../../build/control_nodes/control_nodes.egg-info/requires.txt
[0.950s] writing top-level names to ../../build/control_nodes/control_nodes.egg-info/top_level.txt
[0.952s] reading manifest file '../../build/control_nodes/control_nodes.egg-info/SOURCES.txt'
[0.953s] writing manifest file '../../build/control_nodes/control_nodes.egg-info/SOURCES.txt'
[0.953s] running build
[0.953s] running build_py
[0.953s] copying control_nodes/consenso_node.py -> /home/calafaker/Control-Formation/ws3/build/control_nodes/build/lib/control_nodes
[0.954s] copying control_nodes/algorithms/consensus_formation.py -> /home/calafaker/Control-Formation/ws3/build/control_nodes/build/lib/control_nodes/algorithms
[0.956s] running install
[0.956s] running install_lib
[0.958s] copying /home/calafaker/Control-Formation/ws3/build/control_nodes/build/lib/control_nodes/consenso_node.py -> /home/calafaker/Control-Formation/ws3/install/control_nodes/lib/python3.10/site-packages/control_nodes
[0.959s] copying /home/calafaker/Control-Formation/ws3/build/control_nodes/build/lib/control_nodes/algorithms/consensus_formation.py -> /home/calafaker/Control-Formation/ws3/install/control_nodes/lib/python3.10/site-packages/control_nodes/algorithms
[0.959s] byte-compiling /home/calafaker/Control-Formation/ws3/install/control_nodes/lib/python3.10/site-packages/control_nodes/consenso_node.py to consenso_node.cpython-310.pyc
[0.961s] byte-compiling /home/calafaker/Control-Formation/ws3/install/control_nodes/lib/python3.10/site-packages/control_nodes/algorithms/consensus_formation.py to consensus_formation.cpython-310.pyc
[0.963s] running install_data
[0.963s] running install_egg_info
[0.964s] removing '/home/calafaker/Control-Formation/ws3/install/control_nodes/lib/python3.10/site-packages/control_nodes-0.0.0-py3.10.egg-info' (and everything under it)
[0.965s] Copying ../../build/control_nodes/control_nodes.egg-info to /home/calafaker/Control-Formation/ws3/install/control_nodes/lib/python3.10/site-packages/control_nodes-0.0.0-py3.10.egg-info
[0.966s] running install_scripts
[0.981s] Installing aire script to /home/calafaker/Control-Formation/ws3/install/control_nodes/lib/control_nodes
[0.982s] Installing consenso_node script to /home/calafaker/Control-Formation/ws3/install/control_nodes/lib/control_nodes
[0.982s] Installing navigate_individual_pva script to /home/calafaker/Control-Formation/ws3/install/control_nodes/lib/control_nodes
[0.982s] Installing navigate_waypoints_pva script to /home/calafaker/Control-Formation/ws3/install/control_nodes/lib/control_nodes
[0.983s] writing list of installed files to '/home/calafaker/Control-Formation/ws3/build/control_nodes/install.log'
[1.005s] Invoked command in '/home/calafaker/Control-Formation/ws3/src/control_nodes' returned '0': PYTHONPATH=/home/calafaker/Control-Formation/ws3/build/control_nodes/prefix_override:/usr/lib/python3/dist-packages/colcon_core/task/python/colcon_distutils_commands:/home/calafaker/Control-Formation/ws3/install/control_nodes/lib/python3.10/site-packages:${PYTHONPATH} /usr/bin/python3 -W ignore:setup.py install is deprecated -W ignore:easy_install command is deprecated setup.py egg_info --egg-base ../../build/control_nodes build --build-base /home/calafaker/Control-Formation/ws3/build/control_nodes/build install --record /home/calafaker/Control-Formation/ws3/build/control_nodes/install.log --single-version-externally-managed install_data
