[0.851s] Invoking command in '/home/calafaker/Control-Formation/ws3/src/simulador': PYTHONPATH=/home/calafaker/Control-Formation/ws3/build/simulador/prefix_override:/usr/lib/python3/dist-packages/colcon_core/task/python/colcon_distutils_commands:/home/calafaker/Control-Formation/ws3/install/simulador/lib/python3.10/site-packages:${PYTHONPATH} /usr/bin/python3 -W ignore:setup.py install is deprecated -W ignore:easy_install command is deprecated setup.py egg_info --egg-base ../../build/simulador build --build-base /home/calafaker/Control-Formation/ws3/build/simulador/build install --record /home/calafaker/Control-Formation/ws3/build/simulador/install.log --single-version-externally-managed install_data
[1.022s] running egg_info
[1.023s] writing ../../build/simulador/simulador.egg-info/PKG-INFO
[1.023s] writing dependency_links to ../../build/simulador/simulador.egg-info/dependency_links.txt
[1.023s] writing entry points to ../../build/simulador/simulador.egg-info/entry_points.txt
[1.024s] writing requirements to ../../build/simulador/simulador.egg-info/requires.txt
[1.024s] writing top-level names to ../../build/simulador/simulador.egg-info/top_level.txt
[1.025s] reading manifest file '../../build/simulador/simulador.egg-info/SOURCES.txt'
[1.026s] writing manifest file '../../build/simulador/simulador.egg-info/SOURCES.txt'
[1.026s] running build
[1.026s] running build_py
[1.026s] copying simulador/AIRE.py -> /home/calafaker/Control-Formation/ws3/build/simulador/build/lib/simulador
[1.027s] running install
[1.027s] running install_lib
[1.028s] copying /home/calafaker/Control-Formation/ws3/build/simulador/build/lib/simulador/AIRE.py -> /home/calafaker/Control-Formation/ws3/install/simulador/lib/python3.10/site-packages/simulador
[1.029s] byte-compiling /home/calafaker/Control-Formation/ws3/install/simulador/lib/python3.10/site-packages/simulador/AIRE.py to AIRE.cpython-310.pyc
[1.030s] running install_data
[1.030s] copying launch/consenso_prom.launch.py -> /home/calafaker/Control-Formation/ws3/install/simulador/share/simulador/launch
[1.030s] running install_egg_info
[1.032s] removing '/home/calafaker/Control-Formation/ws3/install/simulador/lib/python3.10/site-packages/simulador-0.0.0-py3.10.egg-info' (and everything under it)
[1.033s] Copying ../../build/simulador/simulador.egg-info to /home/calafaker/Control-Formation/ws3/install/simulador/lib/python3.10/site-packages/simulador-0.0.0-py3.10.egg-info
[1.034s] running install_scripts
[1.051s] Installing aire script to /home/calafaker/Control-Formation/ws3/install/simulador/lib/simulador
[1.052s] Installing pva_plotter script to /home/calafaker/Control-Formation/ws3/install/simulador/lib/simulador
[1.052s] Installing states_plotter script to /home/calafaker/Control-Formation/ws3/install/simulador/lib/simulador
[1.052s] Installing states_plotter_v2 script to /home/calafaker/Control-Formation/ws3/install/simulador/lib/simulador
[1.052s] writing list of installed files to '/home/calafaker/Control-Formation/ws3/build/simulador/install.log'
[1.079s] Invoked command in '/home/calafaker/Control-Formation/ws3/src/simulador' returned '0': PYTHONPATH=/home/calafaker/Control-Formation/ws3/build/simulador/prefix_override:/usr/lib/python3/dist-packages/colcon_core/task/python/colcon_distutils_commands:/home/calafaker/Control-Formation/ws3/install/simulador/lib/python3.10/site-packages:${PYTHONPATH} /usr/bin/python3 -W ignore:setup.py install is deprecated -W ignore:easy_install command is deprecated setup.py egg_info --egg-base ../../build/simulador build --build-base /home/calafaker/Control-Formation/ws3/build/simulador/build install --record /home/calafaker/Control-Formation/ws3/build/simulador/install.log --single-version-externally-managed install_data
