[0.232s] DEBUG:colcon:Command line arguments: ['/usr/bin/colcon', 'build']
[0.232s] DEBUG:colcon:Parsed command line arguments: Namespace(log_base=None, log_level=None, verb_name='build', build_base='build', install_base='install', merge_install=False, symlink_install=False, test_result_base=None, continue_on_error=False, executor='parallel', parallel_workers=16, event_handlers=None, ignore_user_meta=False, metas=['./colcon.meta'], base_paths=['.'], packages_ignore=None, packages_ignore_regex=None, paths=None, packages_up_to=None, packages_up_to_regex=None, packages_above=None, packages_above_and_dependencies=None, packages_above_depth=None, packages_select_by_dep=None, packages_skip_by_dep=None, packages_skip_up_to=None, packages_select_build_failed=False, packages_skip_build_finished=False, packages_select_test_failures=False, packages_skip_test_passed=False, packages_select=None, packages_skip=None, packages_select_regex=None, packages_skip_regex=None, packages_start=None, packages_end=None, allow_overriding=[], cmake_args=None, cmake_target=None, cmake_target_skip_unavailable=False, cmake_clean_cache=False, cmake_clean_first=False, cmake_force_configure=False, ament_cmake_args=None, catkin_cmake_args=None, catkin_skip_building_tests=False, verb_parser=<colcon_defaults.argument_parser.defaults.DefaultArgumentsDecorator object at 0x7b160b13e3b0>, verb_extension=<colcon_core.verb.build.BuildVerb object at 0x7b160b13dea0>, main=<bound method BuildVerb.main of <colcon_core.verb.build.BuildVerb object at 0x7b160b13dea0>>)
[0.457s] Level 1:colcon.colcon_core.package_discovery:discover_packages(colcon_meta) check parameters
[0.457s] Level 1:colcon.colcon_core.package_discovery:discover_packages(recursive) check parameters
[0.457s] Level 1:colcon.colcon_core.package_discovery:discover_packages(ignore) check parameters
[0.457s] Level 1:colcon.colcon_core.package_discovery:discover_packages(path) check parameters
[0.457s] Level 1:colcon.colcon_core.package_discovery:discover_packages(colcon_meta) discover
[0.457s] Level 1:colcon.colcon_core.package_discovery:discover_packages(recursive) discover
[0.457s] INFO:colcon.colcon_core.package_discovery:Crawling recursively for packages in '/home/calafaker/Control-Formation/ws3'
[0.457s] Level 1:colcon.colcon_core.package_identification:_identify(.) by extensions ['ignore', 'ignore_ament_install']
[0.457s] Level 1:colcon.colcon_core.package_identification:_identify(.) by extension 'ignore'
[0.458s] Level 1:colcon.colcon_core.package_identification:_identify(.) by extension 'ignore_ament_install'
[0.458s] Level 1:colcon.colcon_core.package_identification:_identify(.) by extensions ['colcon_pkg']
[0.458s] Level 1:colcon.colcon_core.package_identification:_identify(.) by extension 'colcon_pkg'
[0.458s] Level 1:colcon.colcon_core.package_identification:_identify(.) by extensions ['colcon_meta']
[0.458s] Level 1:colcon.colcon_core.package_identification:_identify(.) by extension 'colcon_meta'
[0.458s] Level 1:colcon.colcon_core.package_identification:_identify(.) by extensions ['ros']
[0.458s] Level 1:colcon.colcon_core.package_identification:_identify(.) by extension 'ros'
[0.469s] Level 1:colcon.colcon_core.package_identification:_identify(.) by extensions ['cmake', 'python']
[0.469s] Level 1:colcon.colcon_core.package_identification:_identify(.) by extension 'cmake'
[0.469s] Level 1:colcon.colcon_core.package_identification:_identify(.) by extension 'python'
[0.469s] Level 1:colcon.colcon_core.package_identification:_identify(.) by extensions ['python_setup_py']
[0.469s] Level 1:colcon.colcon_core.package_identification:_identify(.) by extension 'python_setup_py'
[0.470s] Level 1:colcon.colcon_core.package_identification:_identify(build) by extensions ['ignore', 'ignore_ament_install']
[0.470s] Level 1:colcon.colcon_core.package_identification:_identify(build) by extension 'ignore'
[0.470s] Level 1:colcon.colcon_core.package_identification:_identify(build) ignored
[0.470s] Level 1:colcon.colcon_core.package_identification:_identify(install) by extensions ['ignore', 'ignore_ament_install']
[0.470s] Level 1:colcon.colcon_core.package_identification:_identify(install) by extension 'ignore'
[0.470s] Level 1:colcon.colcon_core.package_identification:_identify(install) ignored
[0.470s] Level 1:colcon.colcon_core.package_identification:_identify(log) by extensions ['ignore', 'ignore_ament_install']
[0.470s] Level 1:colcon.colcon_core.package_identification:_identify(log) by extension 'ignore'
[0.470s] Level 1:colcon.colcon_core.package_identification:_identify(log) ignored
[0.470s] Level 1:colcon.colcon_core.package_identification:_identify(src) by extensions ['ignore', 'ignore_ament_install']
[0.470s] Level 1:colcon.colcon_core.package_identification:_identify(src) by extension 'ignore'
[0.470s] Level 1:colcon.colcon_core.package_identification:_identify(src) by extension 'ignore_ament_install'
[0.470s] Level 1:colcon.colcon_core.package_identification:_identify(src) by extensions ['colcon_pkg']
[0.470s] Level 1:colcon.colcon_core.package_identification:_identify(src) by extension 'colcon_pkg'
[0.470s] Level 1:colcon.colcon_core.package_identification:_identify(src) by extensions ['colcon_meta']
[0.470s] Level 1:colcon.colcon_core.package_identification:_identify(src) by extension 'colcon_meta'
[0.470s] Level 1:colcon.colcon_core.package_identification:_identify(src) by extensions ['ros']
[0.470s] Level 1:colcon.colcon_core.package_identification:_identify(src) by extension 'ros'
[0.471s] Level 1:colcon.colcon_core.package_identification:_identify(src) by extensions ['cmake', 'python']
[0.471s] Level 1:colcon.colcon_core.package_identification:_identify(src) by extension 'cmake'
[0.471s] Level 1:colcon.colcon_core.package_identification:_identify(src) by extension 'python'
[0.471s] Level 1:colcon.colcon_core.package_identification:_identify(src) by extensions ['python_setup_py']
[0.471s] Level 1:colcon.colcon_core.package_identification:_identify(src) by extension 'python_setup_py'
[0.471s] Level 1:colcon.colcon_core.package_identification:_identify(src/articubot_one) by extensions ['ignore', 'ignore_ament_install']
[0.471s] Level 1:colcon.colcon_core.package_identification:_identify(src/articubot_one) by extension 'ignore'
[0.471s] Level 1:colcon.colcon_core.package_identification:_identify(src/articubot_one) by extension 'ignore_ament_install'
[0.471s] Level 1:colcon.colcon_core.package_identification:_identify(src/articubot_one) by extensions ['colcon_pkg']
[0.471s] Level 1:colcon.colcon_core.package_identification:_identify(src/articubot_one) by extension 'colcon_pkg'
[0.471s] Level 1:colcon.colcon_core.package_identification:_identify(src/articubot_one) by extensions ['colcon_meta']
[0.471s] Level 1:colcon.colcon_core.package_identification:_identify(src/articubot_one) by extension 'colcon_meta'
[0.471s] Level 1:colcon.colcon_core.package_identification:_identify(src/articubot_one) by extensions ['ros']
[0.471s] Level 1:colcon.colcon_core.package_identification:_identify(src/articubot_one) by extension 'ros'
[0.474s] DEBUG:colcon.colcon_core.package_identification:Package 'src/articubot_one' with type 'ros.ament_cmake' and name 'articubot_one'
[0.474s] Level 1:colcon.colcon_core.package_identification:_identify(src/control_algorithms) by extensions ['ignore', 'ignore_ament_install']
[0.474s] Level 1:colcon.colcon_core.package_identification:_identify(src/control_algorithms) by extension 'ignore'
[0.474s] Level 1:colcon.colcon_core.package_identification:_identify(src/control_algorithms) by extension 'ignore_ament_install'
[0.474s] Level 1:colcon.colcon_core.package_identification:_identify(src/control_algorithms) by extensions ['colcon_pkg']
[0.474s] Level 1:colcon.colcon_core.package_identification:_identify(src/control_algorithms) by extension 'colcon_pkg'
[0.474s] Level 1:colcon.colcon_core.package_identification:_identify(src/control_algorithms) by extensions ['colcon_meta']
[0.474s] Level 1:colcon.colcon_core.package_identification:_identify(src/control_algorithms) by extension 'colcon_meta'
[0.474s] Level 1:colcon.colcon_core.package_identification:_identify(src/control_algorithms) by extensions ['ros']
[0.474s] Level 1:colcon.colcon_core.package_identification:_identify(src/control_algorithms) by extension 'ros'
[0.475s] DEBUG:colcon.colcon_core.package_identification:Package 'src/control_algorithms' with type 'ros.ament_python' and name 'control_algorithms'
[0.475s] Level 1:colcon.colcon_core.package_identification:_identify(src/control_nodes) by extensions ['ignore', 'ignore_ament_install']
[0.475s] Level 1:colcon.colcon_core.package_identification:_identify(src/control_nodes) by extension 'ignore'
[0.475s] Level 1:colcon.colcon_core.package_identification:_identify(src/control_nodes) by extension 'ignore_ament_install'
[0.475s] Level 1:colcon.colcon_core.package_identification:_identify(src/control_nodes) by extensions ['colcon_pkg']
[0.475s] Level 1:colcon.colcon_core.package_identification:_identify(src/control_nodes) by extension 'colcon_pkg'
[0.475s] Level 1:colcon.colcon_core.package_identification:_identify(src/control_nodes) by extensions ['colcon_meta']
[0.475s] Level 1:colcon.colcon_core.package_identification:_identify(src/control_nodes) by extension 'colcon_meta'
[0.475s] Level 1:colcon.colcon_core.package_identification:_identify(src/control_nodes) by extensions ['ros']
[0.475s] Level 1:colcon.colcon_core.package_identification:_identify(src/control_nodes) by extension 'ros'
[0.476s] DEBUG:colcon.colcon_core.package_identification:Package 'src/control_nodes' with type 'ros.ament_python' and name 'control_nodes'
[0.476s] Level 1:colcon.colcon_core.package_identification:_identify(src/multi_robot_interfaces) by extensions ['ignore', 'ignore_ament_install']
[0.476s] Level 1:colcon.colcon_core.package_identification:_identify(src/multi_robot_interfaces) by extension 'ignore'
[0.476s] Level 1:colcon.colcon_core.package_identification:_identify(src/multi_robot_interfaces) by extension 'ignore_ament_install'
[0.476s] Level 1:colcon.colcon_core.package_identification:_identify(src/multi_robot_interfaces) by extensions ['colcon_pkg']
[0.476s] Level 1:colcon.colcon_core.package_identification:_identify(src/multi_robot_interfaces) by extension 'colcon_pkg'
[0.476s] Level 1:colcon.colcon_core.package_identification:_identify(src/multi_robot_interfaces) by extensions ['colcon_meta']
[0.476s] Level 1:colcon.colcon_core.package_identification:_identify(src/multi_robot_interfaces) by extension 'colcon_meta'
[0.476s] Level 1:colcon.colcon_core.package_identification:_identify(src/multi_robot_interfaces) by extensions ['ros']
[0.476s] Level 1:colcon.colcon_core.package_identification:_identify(src/multi_robot_interfaces) by extension 'ros'
[0.477s] DEBUG:colcon.colcon_core.package_identification:Package 'src/multi_robot_interfaces' with type 'ros.ament_cmake' and name 'multi_robot_interfaces'
[0.477s] Level 1:colcon.colcon_core.package_identification:_identify(src/simulador) by extensions ['ignore', 'ignore_ament_install']
[0.477s] Level 1:colcon.colcon_core.package_identification:_identify(src/simulador) by extension 'ignore'
[0.477s] Level 1:colcon.colcon_core.package_identification:_identify(src/simulador) by extension 'ignore_ament_install'
[0.477s] Level 1:colcon.colcon_core.package_identification:_identify(src/simulador) by extensions ['colcon_pkg']
[0.477s] Level 1:colcon.colcon_core.package_identification:_identify(src/simulador) by extension 'colcon_pkg'
[0.477s] Level 1:colcon.colcon_core.package_identification:_identify(src/simulador) by extensions ['colcon_meta']
[0.477s] Level 1:colcon.colcon_core.package_identification:_identify(src/simulador) by extension 'colcon_meta'
[0.477s] Level 1:colcon.colcon_core.package_identification:_identify(src/simulador) by extensions ['ros']
[0.477s] Level 1:colcon.colcon_core.package_identification:_identify(src/simulador) by extension 'ros'
[0.478s] DEBUG:colcon.colcon_core.package_identification:Package 'src/simulador' with type 'ros.ament_python' and name 'simulador'
[0.478s] Level 1:colcon.colcon_core.package_discovery:discover_packages(recursive) using defaults
[0.478s] Level 1:colcon.colcon_core.package_discovery:discover_packages(ignore) discover
[0.478s] Level 1:colcon.colcon_core.package_discovery:discover_packages(ignore) using defaults
[0.478s] Level 1:colcon.colcon_core.package_discovery:discover_packages(path) discover
[0.478s] Level 1:colcon.colcon_core.package_discovery:discover_packages(path) using defaults
[0.509s] Level 1:colcon.colcon_core.package_discovery:discover_packages(prefix_path) check parameters
[0.509s] Level 1:colcon.colcon_core.package_discovery:discover_packages(prefix_path) discover
[0.511s] WARNING:colcon.colcon_core.prefix_path.colcon:The path '/home/calafaker/Control-Formation/ws3/src/install' in the environment variable COLCON_PREFIX_PATH doesn't exist
[0.511s] WARNING:colcon.colcon_ros.prefix_path.ament:The path '/home/calafaker/Control-Formation/ws3/src/install/control_nodes' in the environment variable AMENT_PREFIX_PATH doesn't exist
[0.511s] WARNING:colcon.colcon_ros.prefix_path.ament:The path '/home/calafaker/Control-Formation/ws3/src/install/simulador' in the environment variable AMENT_PREFIX_PATH doesn't exist
[0.511s] WARNING:colcon.colcon_ros.prefix_path.ament:The path '/home/calafaker/Control-Formation/ws3/src/install/control_algorithms' in the environment variable AMENT_PREFIX_PATH doesn't exist
[0.511s] WARNING:colcon.colcon_ros.prefix_path.ament:The path '/home/calafaker/Control-Formation/ws3/src/install/articubot_one' in the environment variable AMENT_PREFIX_PATH doesn't exist
[0.511s] WARNING:colcon.colcon_ros.prefix_path.ament:The path '/home/calafaker/Control-Formation/ws3/install/simulation_pkg' in the environment variable AMENT_PREFIX_PATH doesn't exist
[0.512s] WARNING:colcon.colcon_ros.prefix_path.catkin:The path '/home/calafaker/Control-Formation/ws3/src/install/articubot_one' in the environment variable CMAKE_PREFIX_PATH doesn't exist
[0.513s] DEBUG:colcon.colcon_installed_package_information.package_discovery:Found 5 installed packages in /home/calafaker/Control-Formation/ws3/install
[0.514s] DEBUG:colcon.colcon_installed_package_information.package_discovery:Found 282 installed packages in /opt/ros/humble
[0.515s] Level 1:colcon.colcon_core.package_discovery:discover_packages(prefix_path) using defaults
[0.574s] Level 5:colcon.colcon_core.verb:set package 'articubot_one' build argument 'cmake_args' from command line to 'None'
[0.574s] Level 5:colcon.colcon_core.verb:set package 'articubot_one' build argument 'cmake_target' from command line to 'None'
[0.574s] Level 5:colcon.colcon_core.verb:set package 'articubot_one' build argument 'cmake_target_skip_unavailable' from command line to 'False'
[0.574s] Level 5:colcon.colcon_core.verb:set package 'articubot_one' build argument 'cmake_clean_cache' from command line to 'False'
[0.574s] Level 5:colcon.colcon_core.verb:set package 'articubot_one' build argument 'cmake_clean_first' from command line to 'False'
[0.574s] Level 5:colcon.colcon_core.verb:set package 'articubot_one' build argument 'cmake_force_configure' from command line to 'False'
[0.574s] Level 5:colcon.colcon_core.verb:set package 'articubot_one' build argument 'ament_cmake_args' from command line to 'None'
[0.574s] Level 5:colcon.colcon_core.verb:set package 'articubot_one' build argument 'catkin_cmake_args' from command line to 'None'
[0.574s] Level 5:colcon.colcon_core.verb:set package 'articubot_one' build argument 'catkin_skip_building_tests' from command line to 'False'
[0.574s] DEBUG:colcon.colcon_core.verb:Building package 'articubot_one' with the following arguments: {'ament_cmake_args': None, 'build_base': '/home/calafaker/Control-Formation/ws3/build/articubot_one', 'catkin_cmake_args': None, 'catkin_skip_building_tests': False, 'cmake_args': None, 'cmake_clean_cache': False, 'cmake_clean_first': False, 'cmake_force_configure': False, 'cmake_target': None, 'cmake_target_skip_unavailable': False, 'install_base': '/home/calafaker/Control-Formation/ws3/install/articubot_one', 'merge_install': False, 'path': '/home/calafaker/Control-Formation/ws3/src/articubot_one', 'symlink_install': False, 'test_result_base': None}
[0.574s] Level 5:colcon.colcon_core.verb:set package 'control_algorithms' build argument 'cmake_args' from command line to 'None'
[0.574s] Level 5:colcon.colcon_core.verb:set package 'control_algorithms' build argument 'cmake_target' from command line to 'None'
[0.574s] Level 5:colcon.colcon_core.verb:set package 'control_algorithms' build argument 'cmake_target_skip_unavailable' from command line to 'False'
[0.574s] Level 5:colcon.colcon_core.verb:set package 'control_algorithms' build argument 'cmake_clean_cache' from command line to 'False'
[0.574s] Level 5:colcon.colcon_core.verb:set package 'control_algorithms' build argument 'cmake_clean_first' from command line to 'False'
[0.574s] Level 5:colcon.colcon_core.verb:set package 'control_algorithms' build argument 'cmake_force_configure' from command line to 'False'
[0.574s] Level 5:colcon.colcon_core.verb:set package 'control_algorithms' build argument 'ament_cmake_args' from command line to 'None'
[0.574s] Level 5:colcon.colcon_core.verb:set package 'control_algorithms' build argument 'catkin_cmake_args' from command line to 'None'
[0.574s] Level 5:colcon.colcon_core.verb:set package 'control_algorithms' build argument 'catkin_skip_building_tests' from command line to 'False'
[0.574s] DEBUG:colcon.colcon_core.verb:Building package 'control_algorithms' with the following arguments: {'ament_cmake_args': None, 'build_base': '/home/calafaker/Control-Formation/ws3/build/control_algorithms', 'catkin_cmake_args': None, 'catkin_skip_building_tests': False, 'cmake_args': None, 'cmake_clean_cache': False, 'cmake_clean_first': False, 'cmake_force_configure': False, 'cmake_target': None, 'cmake_target_skip_unavailable': False, 'install_base': '/home/calafaker/Control-Formation/ws3/install/control_algorithms', 'merge_install': False, 'path': '/home/calafaker/Control-Formation/ws3/src/control_algorithms', 'symlink_install': False, 'test_result_base': None}
[0.574s] Level 5:colcon.colcon_core.verb:set package 'multi_robot_interfaces' build argument 'cmake_args' from command line to 'None'
[0.575s] Level 5:colcon.colcon_core.verb:set package 'multi_robot_interfaces' build argument 'cmake_target' from command line to 'None'
[0.575s] Level 5:colcon.colcon_core.verb:set package 'multi_robot_interfaces' build argument 'cmake_target_skip_unavailable' from command line to 'False'
[0.575s] Level 5:colcon.colcon_core.verb:set package 'multi_robot_interfaces' build argument 'cmake_clean_cache' from command line to 'False'
[0.575s] Level 5:colcon.colcon_core.verb:set package 'multi_robot_interfaces' build argument 'cmake_clean_first' from command line to 'False'
[0.575s] Level 5:colcon.colcon_core.verb:set package 'multi_robot_interfaces' build argument 'cmake_force_configure' from command line to 'False'
[0.575s] Level 5:colcon.colcon_core.verb:set package 'multi_robot_interfaces' build argument 'ament_cmake_args' from command line to 'None'
[0.575s] Level 5:colcon.colcon_core.verb:set package 'multi_robot_interfaces' build argument 'catkin_cmake_args' from command line to 'None'
[0.575s] Level 5:colcon.colcon_core.verb:set package 'multi_robot_interfaces' build argument 'catkin_skip_building_tests' from command line to 'False'
[0.575s] DEBUG:colcon.colcon_core.verb:Building package 'multi_robot_interfaces' with the following arguments: {'ament_cmake_args': None, 'build_base': '/home/calafaker/Control-Formation/ws3/build/multi_robot_interfaces', 'catkin_cmake_args': None, 'catkin_skip_building_tests': False, 'cmake_args': None, 'cmake_clean_cache': False, 'cmake_clean_first': False, 'cmake_force_configure': False, 'cmake_target': None, 'cmake_target_skip_unavailable': False, 'install_base': '/home/calafaker/Control-Formation/ws3/install/multi_robot_interfaces', 'merge_install': False, 'path': '/home/calafaker/Control-Formation/ws3/src/multi_robot_interfaces', 'symlink_install': False, 'test_result_base': None}
[0.575s] Level 5:colcon.colcon_core.verb:set package 'simulador' build argument 'cmake_args' from command line to 'None'
[0.575s] Level 5:colcon.colcon_core.verb:set package 'simulador' build argument 'cmake_target' from command line to 'None'
[0.575s] Level 5:colcon.colcon_core.verb:set package 'simulador' build argument 'cmake_target_skip_unavailable' from command line to 'False'
[0.575s] Level 5:colcon.colcon_core.verb:set package 'simulador' build argument 'cmake_clean_cache' from command line to 'False'
[0.575s] Level 5:colcon.colcon_core.verb:set package 'simulador' build argument 'cmake_clean_first' from command line to 'False'
[0.575s] Level 5:colcon.colcon_core.verb:set package 'simulador' build argument 'cmake_force_configure' from command line to 'False'
[0.575s] Level 5:colcon.colcon_core.verb:set package 'simulador' build argument 'ament_cmake_args' from command line to 'None'
[0.575s] Level 5:colcon.colcon_core.verb:set package 'simulador' build argument 'catkin_cmake_args' from command line to 'None'
[0.575s] Level 5:colcon.colcon_core.verb:set package 'simulador' build argument 'catkin_skip_building_tests' from command line to 'False'
[0.575s] DEBUG:colcon.colcon_core.verb:Building package 'simulador' with the following arguments: {'ament_cmake_args': None, 'build_base': '/home/calafaker/Control-Formation/ws3/build/simulador', 'catkin_cmake_args': None, 'catkin_skip_building_tests': False, 'cmake_args': None, 'cmake_clean_cache': False, 'cmake_clean_first': False, 'cmake_force_configure': False, 'cmake_target': None, 'cmake_target_skip_unavailable': False, 'install_base': '/home/calafaker/Control-Formation/ws3/install/simulador', 'merge_install': False, 'path': '/home/calafaker/Control-Formation/ws3/src/simulador', 'symlink_install': False, 'test_result_base': None}
[0.575s] Level 5:colcon.colcon_core.verb:set package 'control_nodes' build argument 'cmake_args' from command line to 'None'
[0.575s] Level 5:colcon.colcon_core.verb:set package 'control_nodes' build argument 'cmake_target' from command line to 'None'
[0.575s] Level 5:colcon.colcon_core.verb:set package 'control_nodes' build argument 'cmake_target_skip_unavailable' from command line to 'False'
[0.575s] Level 5:colcon.colcon_core.verb:set package 'control_nodes' build argument 'cmake_clean_cache' from command line to 'False'
[0.575s] Level 5:colcon.colcon_core.verb:set package 'control_nodes' build argument 'cmake_clean_first' from command line to 'False'
[0.575s] Level 5:colcon.colcon_core.verb:set package 'control_nodes' build argument 'cmake_force_configure' from command line to 'False'
[0.575s] Level 5:colcon.colcon_core.verb:set package 'control_nodes' build argument 'ament_cmake_args' from command line to 'None'
[0.575s] Level 5:colcon.colcon_core.verb:set package 'control_nodes' build argument 'catkin_cmake_args' from command line to 'None'
[0.575s] Level 5:colcon.colcon_core.verb:set package 'control_nodes' build argument 'catkin_skip_building_tests' from command line to 'False'
[0.575s] DEBUG:colcon.colcon_core.verb:Building package 'control_nodes' with the following arguments: {'ament_cmake_args': None, 'build_base': '/home/calafaker/Control-Formation/ws3/build/control_nodes', 'catkin_cmake_args': None, 'catkin_skip_building_tests': False, 'cmake_args': None, 'cmake_clean_cache': False, 'cmake_clean_first': False, 'cmake_force_configure': False, 'cmake_target': None, 'cmake_target_skip_unavailable': False, 'install_base': '/home/calafaker/Control-Formation/ws3/install/control_nodes', 'merge_install': False, 'path': '/home/calafaker/Control-Formation/ws3/src/control_nodes', 'symlink_install': False, 'test_result_base': None}
[0.575s] INFO:colcon.colcon_core.executor:Executing jobs using 'parallel' executor
[0.576s] DEBUG:colcon.colcon_parallel_executor.executor.parallel:run_until_complete
[0.577s] INFO:colcon.colcon_ros.task.ament_cmake.build:Building ROS package in '/home/calafaker/Control-Formation/ws3/src/multi_robot_interfaces' with build type 'ament_cmake'
[0.577s] INFO:colcon.colcon_cmake.task.cmake.build:Building CMake package in '/home/calafaker/Control-Formation/ws3/src/multi_robot_interfaces'
[0.583s] INFO:colcon.colcon_core.plugin_system:Skipping extension 'colcon_core.shell.bat': Not used on non-Windows systems
[0.583s] INFO:colcon.colcon_core.shell:Skip shell extension 'powershell' for command environment: Not usable outside of PowerShell
[0.583s] DEBUG:colcon.colcon_core.shell:Skip shell extension 'dsv' for command environment
[0.586s] INFO:colcon.colcon_ros.task.ament_cmake.build:Building ROS package in '/home/calafaker/Control-Formation/ws3/src/articubot_one' with build type 'ament_cmake'
[0.586s] INFO:colcon.colcon_cmake.task.cmake.build:Building CMake package in '/home/calafaker/Control-Formation/ws3/src/articubot_one'
[0.586s] INFO:colcon.colcon_core.shell:Skip shell extension 'powershell' for command environment: Not usable outside of PowerShell
[0.586s] DEBUG:colcon.colcon_core.shell:Skip shell extension 'dsv' for command environment
[0.589s] INFO:colcon.colcon_ros.task.ament_python.build:Building ROS package in '/home/calafaker/Control-Formation/ws3/src/control_algorithms' with build type 'ament_python'
[0.589s] Level 1:colcon.colcon_core.shell:create_environment_hook('control_algorithms', 'ament_prefix_path')
[0.589s] INFO:colcon.colcon_core.shell:Creating environment hook '/home/calafaker/Control-Formation/ws3/install/control_algorithms/share/control_algorithms/hook/ament_prefix_path.ps1'
[0.590s] INFO:colcon.colcon_core.shell:Creating environment descriptor '/home/calafaker/Control-Formation/ws3/install/control_algorithms/share/control_algorithms/hook/ament_prefix_path.dsv'
[0.590s] INFO:colcon.colcon_core.shell:Creating environment hook '/home/calafaker/Control-Formation/ws3/install/control_algorithms/share/control_algorithms/hook/ament_prefix_path.sh'
[0.591s] INFO:colcon.colcon_core.shell:Skip shell extension 'powershell' for command environment: Not usable outside of PowerShell
[0.591s] DEBUG:colcon.colcon_core.shell:Skip shell extension 'dsv' for command environment
[0.593s] INFO:colcon.colcon_ros.task.ament_python.build:Building ROS package in '/home/calafaker/Control-Formation/ws3/src/simulador' with build type 'ament_python'
[0.593s] Level 1:colcon.colcon_core.shell:create_environment_hook('simulador', 'ament_prefix_path')
[0.594s] INFO:colcon.colcon_core.shell:Creating environment hook '/home/calafaker/Control-Formation/ws3/install/simulador/share/simulador/hook/ament_prefix_path.ps1'
[0.594s] INFO:colcon.colcon_core.shell:Creating environment descriptor '/home/calafaker/Control-Formation/ws3/install/simulador/share/simulador/hook/ament_prefix_path.dsv'
[0.595s] INFO:colcon.colcon_core.shell:Creating environment hook '/home/calafaker/Control-Formation/ws3/install/simulador/share/simulador/hook/ament_prefix_path.sh'
[0.595s] INFO:colcon.colcon_core.shell:Skip shell extension 'powershell' for command environment: Not usable outside of PowerShell
[0.595s] DEBUG:colcon.colcon_core.shell:Skip shell extension 'dsv' for command environment
[0.601s] DEBUG:colcon.colcon_core.event_handler.log_command:Invoking command in '/home/calafaker/Control-Formation/ws3/build/multi_robot_interfaces': CMAKE_PREFIX_PATH=${CMAKE_PREFIX_PATH}:/home/calafaker/Control-Formation/ws3/install/control_nodes:/home/calafaker/Control-Formation/ws3/src/install/control_nodes:/opt/ros/humble:/home/calafaker/Control-Formation/ws3/src/install/simulador:/home/calafaker/Control-Formation/ws3/src/install/control_algorithms:/home/calafaker/Control-Formation/ws3/install/simulation_pkg:/home/calafaker/Control-Formation/ws3/install/simulador:/home/calafaker/Control-Formation/ws3/install/control_algorithms /usr/bin/cmake --build /home/calafaker/Control-Formation/ws3/build/multi_robot_interfaces -- -j16 -l16
[0.606s] DEBUG:colcon.colcon_core.event_handler.log_command:Invoking command in '/home/calafaker/Control-Formation/ws3/build/articubot_one': CMAKE_PREFIX_PATH=${CMAKE_PREFIX_PATH}:/home/calafaker/Control-Formation/ws3/install/control_nodes:/home/calafaker/Control-Formation/ws3/src/install/control_nodes:/opt/ros/humble:/home/calafaker/Control-Formation/ws3/src/install/simulador:/home/calafaker/Control-Formation/ws3/src/install/control_algorithms:/home/calafaker/Control-Formation/ws3/install/simulation_pkg:/home/calafaker/Control-Formation/ws3/install/simulador:/home/calafaker/Control-Formation/ws3/install/control_algorithms /usr/bin/cmake --build /home/calafaker/Control-Formation/ws3/build/articubot_one -- -j16 -l16
[0.803s] INFO:colcon.colcon_core.task.python.build:Building Python package in '/home/calafaker/Control-Formation/ws3/src/control_algorithms'
[0.803s] INFO:colcon.colcon_core.shell:Skip shell extension 'powershell' for command environment: Not usable outside of PowerShell
[0.803s] DEBUG:colcon.colcon_core.shell:Skip shell extension 'dsv' for command environment
[0.981s] INFO:colcon.colcon_core.task.python.build:Building Python package in '/home/calafaker/Control-Formation/ws3/src/simulador'
[0.981s] INFO:colcon.colcon_core.shell:Skip shell extension 'powershell' for command environment: Not usable outside of PowerShell
[0.982s] DEBUG:colcon.colcon_core.shell:Skip shell extension 'dsv' for command environment
[0.989s] DEBUG:colcon.colcon_core.event_handler.log_command:Invoked command in '/home/calafaker/Control-Formation/ws3/build/articubot_one' returned '0': CMAKE_PREFIX_PATH=${CMAKE_PREFIX_PATH}:/home/calafaker/Control-Formation/ws3/install/control_nodes:/home/calafaker/Control-Formation/ws3/src/install/control_nodes:/opt/ros/humble:/home/calafaker/Control-Formation/ws3/src/install/simulador:/home/calafaker/Control-Formation/ws3/src/install/control_algorithms:/home/calafaker/Control-Formation/ws3/install/simulation_pkg:/home/calafaker/Control-Formation/ws3/install/simulador:/home/calafaker/Control-Formation/ws3/install/control_algorithms /usr/bin/cmake --build /home/calafaker/Control-Formation/ws3/build/articubot_one -- -j16 -l16
[0.997s] DEBUG:colcon.colcon_core.event_handler.log_command:Invoking command in '/home/calafaker/Control-Formation/ws3/build/articubot_one': CMAKE_PREFIX_PATH=${CMAKE_PREFIX_PATH}:/home/calafaker/Control-Formation/ws3/install/control_nodes:/home/calafaker/Control-Formation/ws3/src/install/control_nodes:/opt/ros/humble:/home/calafaker/Control-Formation/ws3/src/install/simulador:/home/calafaker/Control-Formation/ws3/src/install/control_algorithms:/home/calafaker/Control-Formation/ws3/install/simulation_pkg:/home/calafaker/Control-Formation/ws3/install/simulador:/home/calafaker/Control-Formation/ws3/install/control_algorithms /usr/bin/cmake --install /home/calafaker/Control-Formation/ws3/build/articubot_one
[1.001s] DEBUG:colcon.colcon_core.event_handler.log_command:Invoked command in '/home/calafaker/Control-Formation/ws3/build/multi_robot_interfaces' returned '0': CMAKE_PREFIX_PATH=${CMAKE_PREFIX_PATH}:/home/calafaker/Control-Formation/ws3/install/control_nodes:/home/calafaker/Control-Formation/ws3/src/install/control_nodes:/opt/ros/humble:/home/calafaker/Control-Formation/ws3/src/install/simulador:/home/calafaker/Control-Formation/ws3/src/install/control_algorithms:/home/calafaker/Control-Formation/ws3/install/simulation_pkg:/home/calafaker/Control-Formation/ws3/install/simulador:/home/calafaker/Control-Formation/ws3/install/control_algorithms /usr/bin/cmake --build /home/calafaker/Control-Formation/ws3/build/multi_robot_interfaces -- -j16 -l16
[1.003s] DEBUG:colcon.colcon_core.event_handler.log_command:Invoking command in '/home/calafaker/Control-Formation/ws3/build/multi_robot_interfaces': CMAKE_PREFIX_PATH=${CMAKE_PREFIX_PATH}:/home/calafaker/Control-Formation/ws3/install/control_nodes:/home/calafaker/Control-Formation/ws3/src/install/control_nodes:/opt/ros/humble:/home/calafaker/Control-Formation/ws3/src/install/simulador:/home/calafaker/Control-Formation/ws3/src/install/control_algorithms:/home/calafaker/Control-Formation/ws3/install/simulation_pkg:/home/calafaker/Control-Formation/ws3/install/simulador:/home/calafaker/Control-Formation/ws3/install/control_algorithms /usr/bin/cmake --install /home/calafaker/Control-Formation/ws3/build/multi_robot_interfaces
[1.008s] Level 1:colcon.colcon_core.environment:create_environment_scripts_only(articubot_one)
[1.009s] DEBUG:colcon.colcon_core.event_handler.log_command:Invoked command in '/home/calafaker/Control-Formation/ws3/build/articubot_one' returned '0': CMAKE_PREFIX_PATH=${CMAKE_PREFIX_PATH}:/home/calafaker/Control-Formation/ws3/install/control_nodes:/home/calafaker/Control-Formation/ws3/src/install/control_nodes:/opt/ros/humble:/home/calafaker/Control-Formation/ws3/src/install/simulador:/home/calafaker/Control-Formation/ws3/src/install/control_algorithms:/home/calafaker/Control-Formation/ws3/install/simulation_pkg:/home/calafaker/Control-Formation/ws3/install/simulador:/home/calafaker/Control-Formation/ws3/install/control_algorithms /usr/bin/cmake --install /home/calafaker/Control-Formation/ws3/build/articubot_one
[1.023s] Level 1:colcon.colcon_core.environment:checking '/home/calafaker/Control-Formation/ws3/install/articubot_one' for CMake module files
[1.023s] Level 1:colcon.colcon_core.environment:checking '/home/calafaker/Control-Formation/ws3/install/articubot_one' for CMake config files
[1.024s] Level 1:colcon.colcon_core.shell:create_environment_hook('articubot_one', 'cmake_prefix_path')
[1.024s] INFO:colcon.colcon_core.shell:Creating environment hook '/home/calafaker/Control-Formation/ws3/install/articubot_one/share/articubot_one/hook/cmake_prefix_path.ps1'
[1.024s] INFO:colcon.colcon_core.shell:Creating environment descriptor '/home/calafaker/Control-Formation/ws3/install/articubot_one/share/articubot_one/hook/cmake_prefix_path.dsv'
[1.025s] INFO:colcon.colcon_core.shell:Creating environment hook '/home/calafaker/Control-Formation/ws3/install/articubot_one/share/articubot_one/hook/cmake_prefix_path.sh'
[1.025s] Level 1:colcon.colcon_core.environment:checking '/home/calafaker/Control-Formation/ws3/install/articubot_one/bin'
[1.025s] Level 1:colcon.colcon_core.environment:checking '/home/calafaker/Control-Formation/ws3/install/articubot_one/lib/pkgconfig/articubot_one.pc'
[1.025s] Level 1:colcon.colcon_core.environment:checking '/home/calafaker/Control-Formation/ws3/install/articubot_one/lib/python3.10/site-packages'
[1.025s] Level 1:colcon.colcon_core.environment:checking '/home/calafaker/Control-Formation/ws3/install/articubot_one/bin'
[1.026s] INFO:colcon.colcon_core.shell:Creating package script '/home/calafaker/Control-Formation/ws3/install/articubot_one/share/articubot_one/package.ps1'
[1.027s] INFO:colcon.colcon_core.shell:Creating package descriptor '/home/calafaker/Control-Formation/ws3/install/articubot_one/share/articubot_one/package.dsv'
[1.027s] INFO:colcon.colcon_core.shell:Creating package script '/home/calafaker/Control-Formation/ws3/install/articubot_one/share/articubot_one/package.sh'
[1.028s] INFO:colcon.colcon_core.shell:Creating package script '/home/calafaker/Control-Formation/ws3/install/articubot_one/share/articubot_one/package.bash'
[1.028s] INFO:colcon.colcon_core.shell:Creating package script '/home/calafaker/Control-Formation/ws3/install/articubot_one/share/articubot_one/package.zsh'
[1.029s] Level 1:colcon.colcon_core.environment:create_file_with_runtime_dependencies(/home/calafaker/Control-Formation/ws3/install/articubot_one/share/colcon-core/packages/articubot_one)
[1.029s] Level 1:colcon.colcon_core.environment:create_environment_scripts_only(articubot_one)
[1.030s] Level 1:colcon.colcon_core.environment:checking '/home/calafaker/Control-Formation/ws3/install/articubot_one' for CMake module files
[1.030s] Level 1:colcon.colcon_core.environment:checking '/home/calafaker/Control-Formation/ws3/install/articubot_one' for CMake config files
[1.030s] Level 1:colcon.colcon_core.shell:create_environment_hook('articubot_one', 'cmake_prefix_path')
[1.030s] INFO:colcon.colcon_core.shell:Creating environment hook '/home/calafaker/Control-Formation/ws3/install/articubot_one/share/articubot_one/hook/cmake_prefix_path.ps1'
[1.030s] INFO:colcon.colcon_core.shell:Creating environment descriptor '/home/calafaker/Control-Formation/ws3/install/articubot_one/share/articubot_one/hook/cmake_prefix_path.dsv'
[1.031s] INFO:colcon.colcon_core.shell:Creating environment hook '/home/calafaker/Control-Formation/ws3/install/articubot_one/share/articubot_one/hook/cmake_prefix_path.sh'
[1.031s] Level 1:colcon.colcon_core.environment:checking '/home/calafaker/Control-Formation/ws3/install/articubot_one/bin'
[1.031s] Level 1:colcon.colcon_core.environment:checking '/home/calafaker/Control-Formation/ws3/install/articubot_one/lib/pkgconfig/articubot_one.pc'
[1.031s] Level 1:colcon.colcon_core.environment:checking '/home/calafaker/Control-Formation/ws3/install/articubot_one/lib/python3.10/site-packages'
[1.031s] Level 1:colcon.colcon_core.environment:checking '/home/calafaker/Control-Formation/ws3/install/articubot_one/bin'
[1.032s] INFO:colcon.colcon_core.shell:Creating package script '/home/calafaker/Control-Formation/ws3/install/articubot_one/share/articubot_one/package.ps1'
[1.032s] INFO:colcon.colcon_core.shell:Creating package descriptor '/home/calafaker/Control-Formation/ws3/install/articubot_one/share/articubot_one/package.dsv'
[1.032s] INFO:colcon.colcon_core.shell:Creating package script '/home/calafaker/Control-Formation/ws3/install/articubot_one/share/articubot_one/package.sh'
[1.033s] INFO:colcon.colcon_core.shell:Creating package script '/home/calafaker/Control-Formation/ws3/install/articubot_one/share/articubot_one/package.bash'
[1.033s] INFO:colcon.colcon_core.shell:Creating package script '/home/calafaker/Control-Formation/ws3/install/articubot_one/share/articubot_one/package.zsh'
[1.033s] Level 1:colcon.colcon_core.environment:create_file_with_runtime_dependencies(/home/calafaker/Control-Formation/ws3/install/articubot_one/share/colcon-core/packages/articubot_one)
[1.063s] Level 1:colcon.colcon_core.environment:create_environment_scripts_only(multi_robot_interfaces)
[1.064s] Level 1:colcon.colcon_core.environment:checking '/home/calafaker/Control-Formation/ws3/install/multi_robot_interfaces' for CMake module files
[1.064s] DEBUG:colcon.colcon_core.event_handler.log_command:Invoked command in '/home/calafaker/Control-Formation/ws3/build/multi_robot_interfaces' returned '0': CMAKE_PREFIX_PATH=${CMAKE_PREFIX_PATH}:/home/calafaker/Control-Formation/ws3/install/control_nodes:/home/calafaker/Control-Formation/ws3/src/install/control_nodes:/opt/ros/humble:/home/calafaker/Control-Formation/ws3/src/install/simulador:/home/calafaker/Control-Formation/ws3/src/install/control_algorithms:/home/calafaker/Control-Formation/ws3/install/simulation_pkg:/home/calafaker/Control-Formation/ws3/install/simulador:/home/calafaker/Control-Formation/ws3/install/control_algorithms /usr/bin/cmake --install /home/calafaker/Control-Formation/ws3/build/multi_robot_interfaces
[1.065s] Level 1:colcon.colcon_core.environment:checking '/home/calafaker/Control-Formation/ws3/install/multi_robot_interfaces' for CMake config files
[1.065s] Level 1:colcon.colcon_core.shell:create_environment_hook('multi_robot_interfaces', 'cmake_prefix_path')
[1.065s] INFO:colcon.colcon_core.shell:Creating environment hook '/home/calafaker/Control-Formation/ws3/install/multi_robot_interfaces/share/multi_robot_interfaces/hook/cmake_prefix_path.ps1'
[1.066s] INFO:colcon.colcon_core.shell:Creating environment descriptor '/home/calafaker/Control-Formation/ws3/install/multi_robot_interfaces/share/multi_robot_interfaces/hook/cmake_prefix_path.dsv'
[1.066s] INFO:colcon.colcon_core.shell:Creating environment hook '/home/calafaker/Control-Formation/ws3/install/multi_robot_interfaces/share/multi_robot_interfaces/hook/cmake_prefix_path.sh'
[1.066s] Level 1:colcon.colcon_core.environment:checking '/home/calafaker/Control-Formation/ws3/install/multi_robot_interfaces/lib'
[1.067s] Level 1:colcon.colcon_core.shell:create_environment_hook('multi_robot_interfaces', 'ld_library_path_lib')
[1.067s] INFO:colcon.colcon_core.shell:Creating environment hook '/home/calafaker/Control-Formation/ws3/install/multi_robot_interfaces/share/multi_robot_interfaces/hook/ld_library_path_lib.ps1'
[1.067s] INFO:colcon.colcon_core.shell:Creating environment descriptor '/home/calafaker/Control-Formation/ws3/install/multi_robot_interfaces/share/multi_robot_interfaces/hook/ld_library_path_lib.dsv'
[1.067s] INFO:colcon.colcon_core.shell:Creating environment hook '/home/calafaker/Control-Formation/ws3/install/multi_robot_interfaces/share/multi_robot_interfaces/hook/ld_library_path_lib.sh'
[1.068s] Level 1:colcon.colcon_core.environment:checking '/home/calafaker/Control-Formation/ws3/install/multi_robot_interfaces/bin'
[1.068s] Level 1:colcon.colcon_core.environment:checking '/home/calafaker/Control-Formation/ws3/install/multi_robot_interfaces/lib/pkgconfig/multi_robot_interfaces.pc'
[1.068s] Level 1:colcon.colcon_core.environment:checking '/home/calafaker/Control-Formation/ws3/install/multi_robot_interfaces/lib/python3.10/site-packages'
[1.068s] Level 1:colcon.colcon_core.environment:checking '/home/calafaker/Control-Formation/ws3/install/multi_robot_interfaces/bin'
[1.068s] INFO:colcon.colcon_core.shell:Creating package script '/home/calafaker/Control-Formation/ws3/install/multi_robot_interfaces/share/multi_robot_interfaces/package.ps1'
[1.068s] INFO:colcon.colcon_core.shell:Creating package descriptor '/home/calafaker/Control-Formation/ws3/install/multi_robot_interfaces/share/multi_robot_interfaces/package.dsv'
[1.069s] INFO:colcon.colcon_core.shell:Creating package script '/home/calafaker/Control-Formation/ws3/install/multi_robot_interfaces/share/multi_robot_interfaces/package.sh'
[1.069s] INFO:colcon.colcon_core.shell:Creating package script '/home/calafaker/Control-Formation/ws3/install/multi_robot_interfaces/share/multi_robot_interfaces/package.bash'
[1.069s] INFO:colcon.colcon_core.shell:Creating package script '/home/calafaker/Control-Formation/ws3/install/multi_robot_interfaces/share/multi_robot_interfaces/package.zsh'
[1.070s] Level 1:colcon.colcon_core.environment:create_file_with_runtime_dependencies(/home/calafaker/Control-Formation/ws3/install/multi_robot_interfaces/share/colcon-core/packages/multi_robot_interfaces)
[1.070s] Level 1:colcon.colcon_core.environment:create_environment_scripts_only(multi_robot_interfaces)
[1.070s] Level 1:colcon.colcon_core.environment:checking '/home/calafaker/Control-Formation/ws3/install/multi_robot_interfaces' for CMake module files
[1.071s] Level 1:colcon.colcon_core.environment:checking '/home/calafaker/Control-Formation/ws3/install/multi_robot_interfaces' for CMake config files
[1.071s] Level 1:colcon.colcon_core.shell:create_environment_hook('multi_robot_interfaces', 'cmake_prefix_path')
[1.071s] INFO:colcon.colcon_core.shell:Creating environment hook '/home/calafaker/Control-Formation/ws3/install/multi_robot_interfaces/share/multi_robot_interfaces/hook/cmake_prefix_path.ps1'
[1.071s] INFO:colcon.colcon_core.shell:Creating environment descriptor '/home/calafaker/Control-Formation/ws3/install/multi_robot_interfaces/share/multi_robot_interfaces/hook/cmake_prefix_path.dsv'
[1.071s] INFO:colcon.colcon_core.shell:Creating environment hook '/home/calafaker/Control-Formation/ws3/install/multi_robot_interfaces/share/multi_robot_interfaces/hook/cmake_prefix_path.sh'
[1.072s] Level 1:colcon.colcon_core.environment:checking '/home/calafaker/Control-Formation/ws3/install/multi_robot_interfaces/lib'
[1.072s] Level 1:colcon.colcon_core.shell:create_environment_hook('multi_robot_interfaces', 'ld_library_path_lib')
[1.072s] INFO:colcon.colcon_core.shell:Creating environment hook '/home/calafaker/Control-Formation/ws3/install/multi_robot_interfaces/share/multi_robot_interfaces/hook/ld_library_path_lib.ps1'
[1.072s] INFO:colcon.colcon_core.shell:Creating environment descriptor '/home/calafaker/Control-Formation/ws3/install/multi_robot_interfaces/share/multi_robot_interfaces/hook/ld_library_path_lib.dsv'
[1.072s] INFO:colcon.colcon_core.shell:Creating environment hook '/home/calafaker/Control-Formation/ws3/install/multi_robot_interfaces/share/multi_robot_interfaces/hook/ld_library_path_lib.sh'
[1.073s] Level 1:colcon.colcon_core.environment:checking '/home/calafaker/Control-Formation/ws3/install/multi_robot_interfaces/bin'
[1.073s] Level 1:colcon.colcon_core.environment:checking '/home/calafaker/Control-Formation/ws3/install/multi_robot_interfaces/lib/pkgconfig/multi_robot_interfaces.pc'
[1.073s] Level 1:colcon.colcon_core.environment:checking '/home/calafaker/Control-Formation/ws3/install/multi_robot_interfaces/lib/python3.10/site-packages'
[1.073s] Level 1:colcon.colcon_core.environment:checking '/home/calafaker/Control-Formation/ws3/install/multi_robot_interfaces/bin'
[1.073s] INFO:colcon.colcon_core.shell:Creating package script '/home/calafaker/Control-Formation/ws3/install/multi_robot_interfaces/share/multi_robot_interfaces/package.ps1'
[1.074s] INFO:colcon.colcon_core.shell:Creating package descriptor '/home/calafaker/Control-Formation/ws3/install/multi_robot_interfaces/share/multi_robot_interfaces/package.dsv'
[1.074s] INFO:colcon.colcon_core.shell:Creating package script '/home/calafaker/Control-Formation/ws3/install/multi_robot_interfaces/share/multi_robot_interfaces/package.sh'
[1.074s] INFO:colcon.colcon_core.shell:Creating package script '/home/calafaker/Control-Formation/ws3/install/multi_robot_interfaces/share/multi_robot_interfaces/package.bash'
[1.074s] INFO:colcon.colcon_core.shell:Creating package script '/home/calafaker/Control-Formation/ws3/install/multi_robot_interfaces/share/multi_robot_interfaces/package.zsh'
[1.075s] Level 1:colcon.colcon_core.environment:create_file_with_runtime_dependencies(/home/calafaker/Control-Formation/ws3/install/multi_robot_interfaces/share/colcon-core/packages/multi_robot_interfaces)
[1.075s] INFO:colcon.colcon_ros.task.ament_python.build:Building ROS package in '/home/calafaker/Control-Formation/ws3/src/control_nodes' with build type 'ament_python'
[1.075s] Level 1:colcon.colcon_core.shell:create_environment_hook('control_nodes', 'ament_prefix_path')
[1.076s] INFO:colcon.colcon_core.shell:Creating environment hook '/home/calafaker/Control-Formation/ws3/install/control_nodes/share/control_nodes/hook/ament_prefix_path.ps1'
[1.076s] INFO:colcon.colcon_core.shell:Creating environment descriptor '/home/calafaker/Control-Formation/ws3/install/control_nodes/share/control_nodes/hook/ament_prefix_path.dsv'
[1.077s] INFO:colcon.colcon_core.shell:Creating environment hook '/home/calafaker/Control-Formation/ws3/install/control_nodes/share/control_nodes/hook/ament_prefix_path.sh'
[1.077s] INFO:colcon.colcon_core.shell:Skip shell extension 'powershell' for command environment: Not usable outside of PowerShell
[1.077s] DEBUG:colcon.colcon_core.shell:Skip shell extension 'dsv' for command environment
[1.353s] INFO:colcon.colcon_core.task.python.build:Building Python package in '/home/calafaker/Control-Formation/ws3/src/control_nodes'
[1.354s] INFO:colcon.colcon_core.shell:Skip shell extension 'powershell' for command environment: Not usable outside of PowerShell
[1.354s] DEBUG:colcon.colcon_core.shell:Skip shell extension 'dsv' for command environment
[1.361s] DEBUG:colcon.colcon_core.event_handler.log_command:Invoking command in '/home/calafaker/Control-Formation/ws3/src/simulador': PYTHONPATH=/home/calafaker/Control-Formation/ws3/build/simulador/prefix_override:/usr/lib/python3/dist-packages/colcon_core/task/python/colcon_distutils_commands:/home/calafaker/Control-Formation/ws3/install/simulador/lib/python3.10/site-packages:${PYTHONPATH} /usr/bin/python3 -W ignore:setup.py install is deprecated -W ignore:easy_install command is deprecated setup.py egg_info --egg-base ../../build/simulador build --build-base /home/calafaker/Control-Formation/ws3/build/simulador/build install --record /home/calafaker/Control-Formation/ws3/build/simulador/install.log --single-version-externally-managed install_data
[1.362s] DEBUG:colcon.colcon_core.event_handler.log_command:Invoking command in '/home/calafaker/Control-Formation/ws3/src/control_algorithms': PYTHONPATH=/home/calafaker/Control-Formation/ws3/build/control_algorithms/prefix_override:/usr/lib/python3/dist-packages/colcon_core/task/python/colcon_distutils_commands:/home/calafaker/Control-Formation/ws3/install/control_algorithms/lib/python3.10/site-packages:${PYTHONPATH} /usr/bin/python3 -W ignore:setup.py install is deprecated -W ignore:easy_install command is deprecated setup.py egg_info --egg-base ../../build/control_algorithms build --build-base /home/calafaker/Control-Formation/ws3/build/control_algorithms/build install --record /home/calafaker/Control-Formation/ws3/build/control_algorithms/install.log --single-version-externally-managed install_data
[1.560s] Level 1:colcon.colcon_core.environment:checking '/home/calafaker/Control-Formation/ws3/install/simulador' for CMake module files
[1.560s] DEBUG:colcon.colcon_core.event_handler.log_command:Invoked command in '/home/calafaker/Control-Formation/ws3/src/simulador' returned '0': PYTHONPATH=/home/calafaker/Control-Formation/ws3/build/simulador/prefix_override:/usr/lib/python3/dist-packages/colcon_core/task/python/colcon_distutils_commands:/home/calafaker/Control-Formation/ws3/install/simulador/lib/python3.10/site-packages:${PYTHONPATH} /usr/bin/python3 -W ignore:setup.py install is deprecated -W ignore:easy_install command is deprecated setup.py egg_info --egg-base ../../build/simulador build --build-base /home/calafaker/Control-Formation/ws3/build/simulador/build install --record /home/calafaker/Control-Formation/ws3/build/simulador/install.log --single-version-externally-managed install_data
[1.561s] Level 1:colcon.colcon_core.environment:checking '/home/calafaker/Control-Formation/ws3/install/simulador' for CMake config files
[1.564s] Level 1:colcon.colcon_core.environment:checking '/home/calafaker/Control-Formation/ws3/install/simulador/lib'
[1.564s] Level 1:colcon.colcon_core.environment:checking '/home/calafaker/Control-Formation/ws3/install/simulador/bin'
[1.564s] Level 1:colcon.colcon_core.environment:checking '/home/calafaker/Control-Formation/ws3/install/simulador/lib/pkgconfig/simulador.pc'
[1.564s] Level 1:colcon.colcon_core.environment:checking '/home/calafaker/Control-Formation/ws3/install/simulador/lib/python3.10/site-packages'
[1.564s] Level 1:colcon.colcon_core.shell:create_environment_hook('simulador', 'pythonpath')
[1.564s] INFO:colcon.colcon_core.shell:Creating environment hook '/home/calafaker/Control-Formation/ws3/install/simulador/share/simulador/hook/pythonpath.ps1'
[1.565s] INFO:colcon.colcon_core.shell:Creating environment descriptor '/home/calafaker/Control-Formation/ws3/install/simulador/share/simulador/hook/pythonpath.dsv'
[1.565s] INFO:colcon.colcon_core.shell:Creating environment hook '/home/calafaker/Control-Formation/ws3/install/simulador/share/simulador/hook/pythonpath.sh'
[1.565s] Level 1:colcon.colcon_core.environment:checking '/home/calafaker/Control-Formation/ws3/install/simulador/bin'
[1.565s] Level 1:colcon.colcon_core.environment:create_environment_scripts_only(simulador)
[1.566s] INFO:colcon.colcon_core.shell:Creating package script '/home/calafaker/Control-Formation/ws3/install/simulador/share/simulador/package.ps1'
[1.566s] INFO:colcon.colcon_core.shell:Creating package descriptor '/home/calafaker/Control-Formation/ws3/install/simulador/share/simulador/package.dsv'
[1.566s] INFO:colcon.colcon_core.shell:Creating package script '/home/calafaker/Control-Formation/ws3/install/simulador/share/simulador/package.sh'
[1.567s] INFO:colcon.colcon_core.shell:Creating package script '/home/calafaker/Control-Formation/ws3/install/simulador/share/simulador/package.bash'
[1.567s] INFO:colcon.colcon_core.shell:Creating package script '/home/calafaker/Control-Formation/ws3/install/simulador/share/simulador/package.zsh'
[1.567s] Level 1:colcon.colcon_core.environment:create_file_with_runtime_dependencies(/home/calafaker/Control-Formation/ws3/install/simulador/share/colcon-core/packages/simulador)
[1.569s] Level 1:colcon.colcon_core.environment:checking '/home/calafaker/Control-Formation/ws3/install/control_algorithms' for CMake module files
[1.569s] DEBUG:colcon.colcon_core.event_handler.log_command:Invoked command in '/home/calafaker/Control-Formation/ws3/src/control_algorithms' returned '0': PYTHONPATH=/home/calafaker/Control-Formation/ws3/build/control_algorithms/prefix_override:/usr/lib/python3/dist-packages/colcon_core/task/python/colcon_distutils_commands:/home/calafaker/Control-Formation/ws3/install/control_algorithms/lib/python3.10/site-packages:${PYTHONPATH} /usr/bin/python3 -W ignore:setup.py install is deprecated -W ignore:easy_install command is deprecated setup.py egg_info --egg-base ../../build/control_algorithms build --build-base /home/calafaker/Control-Formation/ws3/build/control_algorithms/build install --record /home/calafaker/Control-Formation/ws3/build/control_algorithms/install.log --single-version-externally-managed install_data
[1.570s] Level 1:colcon.colcon_core.environment:checking '/home/calafaker/Control-Formation/ws3/install/control_algorithms' for CMake config files
[1.571s] Level 1:colcon.colcon_core.environment:checking '/home/calafaker/Control-Formation/ws3/install/control_algorithms/lib'
[1.571s] Level 1:colcon.colcon_core.environment:checking '/home/calafaker/Control-Formation/ws3/install/control_algorithms/bin'
[1.572s] Level 1:colcon.colcon_core.environment:checking '/home/calafaker/Control-Formation/ws3/install/control_algorithms/lib/pkgconfig/control_algorithms.pc'
[1.572s] Level 1:colcon.colcon_core.environment:checking '/home/calafaker/Control-Formation/ws3/install/control_algorithms/lib/python3.10/site-packages'
[1.572s] Level 1:colcon.colcon_core.shell:create_environment_hook('control_algorithms', 'pythonpath')
[1.572s] INFO:colcon.colcon_core.shell:Creating environment hook '/home/calafaker/Control-Formation/ws3/install/control_algorithms/share/control_algorithms/hook/pythonpath.ps1'
[1.572s] INFO:colcon.colcon_core.shell:Creating environment descriptor '/home/calafaker/Control-Formation/ws3/install/control_algorithms/share/control_algorithms/hook/pythonpath.dsv'
[1.572s] INFO:colcon.colcon_core.shell:Creating environment hook '/home/calafaker/Control-Formation/ws3/install/control_algorithms/share/control_algorithms/hook/pythonpath.sh'
[1.573s] Level 1:colcon.colcon_core.environment:checking '/home/calafaker/Control-Formation/ws3/install/control_algorithms/bin'
[1.573s] Level 1:colcon.colcon_core.environment:create_environment_scripts_only(control_algorithms)
[1.573s] INFO:colcon.colcon_core.shell:Creating package script '/home/calafaker/Control-Formation/ws3/install/control_algorithms/share/control_algorithms/package.ps1'
[1.573s] INFO:colcon.colcon_core.shell:Creating package descriptor '/home/calafaker/Control-Formation/ws3/install/control_algorithms/share/control_algorithms/package.dsv'
[1.574s] INFO:colcon.colcon_core.shell:Creating package script '/home/calafaker/Control-Formation/ws3/install/control_algorithms/share/control_algorithms/package.sh'
[1.574s] INFO:colcon.colcon_core.shell:Creating package script '/home/calafaker/Control-Formation/ws3/install/control_algorithms/share/control_algorithms/package.bash'
[1.574s] INFO:colcon.colcon_core.shell:Creating package script '/home/calafaker/Control-Formation/ws3/install/control_algorithms/share/control_algorithms/package.zsh'
[1.574s] Level 1:colcon.colcon_core.environment:create_file_with_runtime_dependencies(/home/calafaker/Control-Formation/ws3/install/control_algorithms/share/colcon-core/packages/control_algorithms)
[1.676s] DEBUG:colcon.colcon_core.event_handler.log_command:Invoking command in '/home/calafaker/Control-Formation/ws3/src/control_nodes': PYTHONPATH=/home/calafaker/Control-Formation/ws3/build/control_nodes/prefix_override:/usr/lib/python3/dist-packages/colcon_core/task/python/colcon_distutils_commands:/home/calafaker/Control-Formation/ws3/install/control_nodes/lib/python3.10/site-packages:${PYTHONPATH} /usr/bin/python3 -W ignore:setup.py install is deprecated -W ignore:easy_install command is deprecated setup.py egg_info --egg-base ../../build/control_nodes build --build-base /home/calafaker/Control-Formation/ws3/build/control_nodes/build install --record /home/calafaker/Control-Formation/ws3/build/control_nodes/install.log --single-version-externally-managed install_data
[1.870s] Level 1:colcon.colcon_core.environment:checking '/home/calafaker/Control-Formation/ws3/install/control_nodes' for CMake module files
[1.870s] DEBUG:colcon.colcon_core.event_handler.log_command:Invoked command in '/home/calafaker/Control-Formation/ws3/src/control_nodes' returned '0': PYTHONPATH=/home/calafaker/Control-Formation/ws3/build/control_nodes/prefix_override:/usr/lib/python3/dist-packages/colcon_core/task/python/colcon_distutils_commands:/home/calafaker/Control-Formation/ws3/install/control_nodes/lib/python3.10/site-packages:${PYTHONPATH} /usr/bin/python3 -W ignore:setup.py install is deprecated -W ignore:easy_install command is deprecated setup.py egg_info --egg-base ../../build/control_nodes build --build-base /home/calafaker/Control-Formation/ws3/build/control_nodes/build install --record /home/calafaker/Control-Formation/ws3/build/control_nodes/install.log --single-version-externally-managed install_data
[1.871s] Level 1:colcon.colcon_core.environment:checking '/home/calafaker/Control-Formation/ws3/install/control_nodes' for CMake config files
[1.873s] Level 1:colcon.colcon_core.environment:checking '/home/calafaker/Control-Formation/ws3/install/control_nodes/lib'
[1.873s] Level 1:colcon.colcon_core.environment:checking '/home/calafaker/Control-Formation/ws3/install/control_nodes/bin'
[1.873s] Level 1:colcon.colcon_core.environment:checking '/home/calafaker/Control-Formation/ws3/install/control_nodes/lib/pkgconfig/control_nodes.pc'
[1.874s] Level 1:colcon.colcon_core.environment:checking '/home/calafaker/Control-Formation/ws3/install/control_nodes/lib/python3.10/site-packages'
[1.874s] Level 1:colcon.colcon_core.shell:create_environment_hook('control_nodes', 'pythonpath')
[1.874s] INFO:colcon.colcon_core.shell:Creating environment hook '/home/calafaker/Control-Formation/ws3/install/control_nodes/share/control_nodes/hook/pythonpath.ps1'
[1.874s] INFO:colcon.colcon_core.shell:Creating environment descriptor '/home/calafaker/Control-Formation/ws3/install/control_nodes/share/control_nodes/hook/pythonpath.dsv'
[1.874s] INFO:colcon.colcon_core.shell:Creating environment hook '/home/calafaker/Control-Formation/ws3/install/control_nodes/share/control_nodes/hook/pythonpath.sh'
[1.875s] Level 1:colcon.colcon_core.environment:checking '/home/calafaker/Control-Formation/ws3/install/control_nodes/bin'
[1.875s] Level 1:colcon.colcon_core.environment:create_environment_scripts_only(control_nodes)
[1.875s] INFO:colcon.colcon_core.shell:Creating package script '/home/calafaker/Control-Formation/ws3/install/control_nodes/share/control_nodes/package.ps1'
[1.875s] INFO:colcon.colcon_core.shell:Creating package descriptor '/home/calafaker/Control-Formation/ws3/install/control_nodes/share/control_nodes/package.dsv'
[1.876s] INFO:colcon.colcon_core.shell:Creating package script '/home/calafaker/Control-Formation/ws3/install/control_nodes/share/control_nodes/package.sh'
[1.876s] INFO:colcon.colcon_core.shell:Creating package script '/home/calafaker/Control-Formation/ws3/install/control_nodes/share/control_nodes/package.bash'
[1.876s] INFO:colcon.colcon_core.shell:Creating package script '/home/calafaker/Control-Formation/ws3/install/control_nodes/share/control_nodes/package.zsh'
[1.877s] Level 1:colcon.colcon_core.environment:create_file_with_runtime_dependencies(/home/calafaker/Control-Formation/ws3/install/control_nodes/share/colcon-core/packages/control_nodes)
[1.877s] DEBUG:colcon.colcon_parallel_executor.executor.parallel:closing loop
[1.877s] DEBUG:colcon.colcon_parallel_executor.executor.parallel:loop closed
[1.878s] DEBUG:colcon.colcon_parallel_executor.executor.parallel:run_until_complete finished with '0'
[1.878s] DEBUG:colcon.colcon_core.event_reactor:joining thread
[1.921s] INFO:colcon.colcon_core.plugin_system:Skipping extension 'colcon_notification.desktop_notification.notify_send': Could not find 'notify-send'
[1.921s] INFO:colcon.colcon_core.plugin_system:Skipping extension 'colcon_notification.desktop_notification.terminal_notifier': Not used on non-Darwin systems
[1.921s] INFO:colcon.colcon_core.plugin_system:Skipping extension 'colcon_notification.desktop_notification.win32': Not used on non-Windows systems
[1.921s] INFO:colcon.colcon_notification.desktop_notification:Sending desktop notification using 'notify2'
[1.923s] DEBUG:colcon.colcon_notification.desktop_notification.notify2:Failed to initialize notify2: org.freedesktop.DBus.Error.ServiceUnknown: The name org.freedesktop.Notifications was not provided by any .service files
[1.923s] DEBUG:colcon.colcon_core.event_reactor:joined thread
[1.923s] INFO:colcon.colcon_core.shell:Creating prefix script '/home/calafaker/Control-Formation/ws3/install/local_setup.ps1'
[1.924s] INFO:colcon.colcon_core.shell:Creating prefix util module '/home/calafaker/Control-Formation/ws3/install/_local_setup_util_ps1.py'
[1.926s] INFO:colcon.colcon_core.shell:Creating prefix chain script '/home/calafaker/Control-Formation/ws3/install/setup.ps1'
[1.927s] INFO:colcon.colcon_core.shell:Creating prefix script '/home/calafaker/Control-Formation/ws3/install/local_setup.sh'
[1.927s] INFO:colcon.colcon_core.shell:Creating prefix util module '/home/calafaker/Control-Formation/ws3/install/_local_setup_util_sh.py'
[1.927s] INFO:colcon.colcon_core.shell:Creating prefix chain script '/home/calafaker/Control-Formation/ws3/install/setup.sh'
[1.928s] INFO:colcon.colcon_core.shell:Creating prefix script '/home/calafaker/Control-Formation/ws3/install/local_setup.bash'
[1.929s] INFO:colcon.colcon_core.shell:Creating prefix chain script '/home/calafaker/Control-Formation/ws3/install/setup.bash'
[1.930s] INFO:colcon.colcon_core.shell:Creating prefix script '/home/calafaker/Control-Formation/ws3/install/local_setup.zsh'
[1.930s] INFO:colcon.colcon_core.shell:Creating prefix chain script '/home/calafaker/Control-Formation/ws3/install/setup.zsh'
