running egg_info
creating ../../build/control_algorithms/control_algorithms.egg-info
writing ../../build/control_algorithms/control_algorithms.egg-info/PKG-INFO
writing dependency_links to ../../build/control_algorithms/control_algorithms.egg-info/dependency_links.txt
writing entry points to ../../build/control_algorithms/control_algorithms.egg-info/entry_points.txt
writing requirements to ../../build/control_algorithms/control_algorithms.egg-info/requires.txt
writing top-level names to ../../build/control_algorithms/control_algorithms.egg-info/top_level.txt
writing manifest file '../../build/control_algorithms/control_algorithms.egg-info/SOURCES.txt'
reading manifest file '../../build/control_algorithms/control_algorithms.egg-info/SOURCES.txt'
writing manifest file '../../build/control_algorithms/control_algorithms.egg-info/SOURCES.txt'
running build
running build_py
creating /home/calafaker/Control-Formation/ws3/build/control_algorithms/build
creating /home/calafaker/Control-Formation/ws3/build/control_algorithms/build/lib
creating /home/calafaker/Control-Formation/ws3/build/control_algorithms/build/lib/control_algorithms
copying control_algorithms/multi_controller.py -> /home/calafaker/Control-Formation/ws3/build/control_algorithms/build/lib/control_algorithms
copying control_algorithms/__init__.py -> /home/calafaker/Control-Formation/ws3/build/control_algorithms/build/lib/control_algorithms
running install
running install_lib
creating /home/calafaker/Control-Formation/ws3/install/control_algorithms/lib/python3.10/site-packages/control_algorithms
copying /home/calafaker/Control-Formation/ws3/build/control_algorithms/build/lib/control_algorithms/multi_controller.py -> /home/calafaker/Control-Formation/ws3/install/control_algorithms/lib/python3.10/site-packages/control_algorithms
copying /home/calafaker/Control-Formation/ws3/build/control_algorithms/build/lib/control_algorithms/__init__.py -> /home/calafaker/Control-Formation/ws3/install/control_algorithms/lib/python3.10/site-packages/control_algorithms
byte-compiling /home/calafaker/Control-Formation/ws3/install/control_algorithms/lib/python3.10/site-packages/control_algorithms/multi_controller.py to multi_controller.cpython-310.pyc
byte-compiling /home/calafaker/Control-Formation/ws3/install/control_algorithms/lib/python3.10/site-packages/control_algorithms/__init__.py to __init__.cpython-310.pyc
running install_data
creating /home/calafaker/Control-Formation/ws3/install/control_algorithms/share/ament_index
creating /home/calafaker/Control-Formation/ws3/install/control_algorithms/share/ament_index/resource_index
creating /home/calafaker/Control-Formation/ws3/install/control_algorithms/share/ament_index/resource_index/packages
copying resource/control_algorithms -> /home/calafaker/Control-Formation/ws3/install/control_algorithms/share/ament_index/resource_index/packages
copying package.xml -> /home/calafaker/Control-Formation/ws3/install/control_algorithms/share/control_algorithms
creating /home/calafaker/Control-Formation/ws3/install/control_algorithms/share/control_algorithms/launch
copying launch/multi_control.launch.py -> /home/calafaker/Control-Formation/ws3/install/control_algorithms/share/control_algorithms/launch
running install_egg_info
Copying ../../build/control_algorithms/control_algorithms.egg-info to /home/calafaker/Control-Formation/ws3/install/control_algorithms/lib/python3.10/site-packages/control_algorithms-0.0.0-py3.10.egg-info
running install_scripts
Installing multi_controller script to /home/calafaker/Control-Formation/ws3/install/control_algorithms/lib/control_algorithms
writing list of installed files to '/home/calafaker/Control-Formation/ws3/build/control_algorithms/install.log'
