[1.142s] Invoking command in '/home/calafaker/Control-Formation/ws3/src/control_algorithms': PYTHONPATH=/home/calafaker/Control-Formation/ws3/build/control_algorithms/prefix_override:/usr/lib/python3/dist-packages/colcon_core/task/python/colcon_distutils_commands:/home/calafaker/Control-Formation/ws3/install/control_algorithms/lib/python3.10/site-packages:${PYTHONPATH} /usr/bin/python3 -W ignore:setup.py install is deprecated -W ignore:easy_install command is deprecated setup.py egg_info --egg-base ../../build/control_algorithms build --build-base /home/calafaker/Control-Formation/ws3/build/control_algorithms/build install --record /home/calafaker/Control-Formation/ws3/build/control_algorithms/install.log --single-version-externally-managed install_data
[1.390s] running egg_info
[1.391s] creating ../../build/control_algorithms/control_algorithms.egg-info
[1.392s] writing ../../build/control_algorithms/control_algorithms.egg-info/PKG-INFO
[1.392s] writing dependency_links to ../../build/control_algorithms/control_algorithms.egg-info/dependency_links.txt
[1.392s] writing entry points to ../../build/control_algorithms/control_algorithms.egg-info/entry_points.txt
[1.392s] writing requirements to ../../build/control_algorithms/control_algorithms.egg-info/requires.txt
[1.393s] writing top-level names to ../../build/control_algorithms/control_algorithms.egg-info/top_level.txt
[1.393s] writing manifest file '../../build/control_algorithms/control_algorithms.egg-info/SOURCES.txt'
[1.395s] reading manifest file '../../build/control_algorithms/control_algorithms.egg-info/SOURCES.txt'
[1.396s] writing manifest file '../../build/control_algorithms/control_algorithms.egg-info/SOURCES.txt'
[1.397s] running build
[1.397s] running build_py
[1.397s] creating /home/calafaker/Control-Formation/ws3/build/control_algorithms/build
[1.397s] creating /home/calafaker/Control-Formation/ws3/build/control_algorithms/build/lib
[1.398s] creating /home/calafaker/Control-Formation/ws3/build/control_algorithms/build/lib/control_algorithms
[1.399s] copying control_algorithms/multi_controller.py -> /home/calafaker/Control-Formation/ws3/build/control_algorithms/build/lib/control_algorithms
[1.399s] copying control_algorithms/__init__.py -> /home/calafaker/Control-Formation/ws3/build/control_algorithms/build/lib/control_algorithms
[1.399s] running install
[1.399s] running install_lib
[1.402s] creating /home/calafaker/Control-Formation/ws3/install/control_algorithms/lib/python3.10/site-packages/control_algorithms
[1.402s] copying /home/calafaker/Control-Formation/ws3/build/control_algorithms/build/lib/control_algorithms/multi_controller.py -> /home/calafaker/Control-Formation/ws3/install/control_algorithms/lib/python3.10/site-packages/control_algorithms
[1.402s] copying /home/calafaker/Control-Formation/ws3/build/control_algorithms/build/lib/control_algorithms/__init__.py -> /home/calafaker/Control-Formation/ws3/install/control_algorithms/lib/python3.10/site-packages/control_algorithms
[1.403s] byte-compiling /home/calafaker/Control-Formation/ws3/install/control_algorithms/lib/python3.10/site-packages/control_algorithms/multi_controller.py to multi_controller.cpython-310.pyc
[1.403s] byte-compiling /home/calafaker/Control-Formation/ws3/install/control_algorithms/lib/python3.10/site-packages/control_algorithms/__init__.py to __init__.cpython-310.pyc
[1.405s] running install_data
[1.406s] creating /home/calafaker/Control-Formation/ws3/install/control_algorithms/share/ament_index
[1.407s] creating /home/calafaker/Control-Formation/ws3/install/control_algorithms/share/ament_index/resource_index
[1.407s] creating /home/calafaker/Control-Formation/ws3/install/control_algorithms/share/ament_index/resource_index/packages
[1.409s] copying resource/control_algorithms -> /home/calafaker/Control-Formation/ws3/install/control_algorithms/share/ament_index/resource_index/packages
[1.409s] copying package.xml -> /home/calafaker/Control-Formation/ws3/install/control_algorithms/share/control_algorithms
[1.409s] creating /home/calafaker/Control-Formation/ws3/install/control_algorithms/share/control_algorithms/launch
[1.410s] copying launch/multi_control.launch.py -> /home/calafaker/Control-Formation/ws3/install/control_algorithms/share/control_algorithms/launch
[1.410s] running install_egg_info
[1.411s] Copying ../../build/control_algorithms/control_algorithms.egg-info to /home/calafaker/Control-Formation/ws3/install/control_algorithms/lib/python3.10/site-packages/control_algorithms-0.0.0-py3.10.egg-info
[1.411s] running install_scripts
[1.431s] Installing multi_controller script to /home/calafaker/Control-Formation/ws3/install/control_algorithms/lib/control_algorithms
[1.432s] writing list of installed files to '/home/calafaker/Control-Formation/ws3/build/control_algorithms/install.log'
[1.460s] Invoked command in '/home/calafaker/Control-Formation/ws3/src/control_algorithms' returned '0': PYTHONPATH=/home/calafaker/Control-Formation/ws3/build/control_algorithms/prefix_override:/usr/lib/python3/dist-packages/colcon_core/task/python/colcon_distutils_commands:/home/calafaker/Control-Formation/ws3/install/control_algorithms/lib/python3.10/site-packages:${PYTHONPATH} /usr/bin/python3 -W ignore:setup.py install is deprecated -W ignore:easy_install command is deprecated setup.py egg_info --egg-base ../../build/control_algorithms build --build-base /home/calafaker/Control-Formation/ws3/build/control_algorithms/build install --record /home/calafaker/Control-Formation/ws3/build/control_algorithms/install.log --single-version-externally-managed install_data
