[0.010s] Invoking command in '/home/calafaker/Control-Formation/ws2/src/build/articubot_one': CMAKE_PREFIX_PATH=${CMAKE_PREFIX_PATH}:/opt/ros/humble /usr/bin/cmake /home/calafaker/Control-Formation/ws2/src/articubot_one -DAMENT_CMAKE_SYMLINK_INSTALL=1 -DCMAKE_INSTALL_PREFIX=/home/calafaker/Control-Formation/ws2/src/install/articubot_one
[0.126s] -- The C compiler identification is GNU 11.4.0
[0.572s] -- The CXX compiler identification is GNU 11.4.0
[1.028s] -- Detecting C compiler ABI info
[1.159s] -- Detecting C compiler ABI info - done
[1.164s] -- Check for working C compiler: /usr/bin/cc - skipped
[1.164s] -- Detecting C compile features
[1.164s] -- Detecting C compile features - done
[1.166s] -- Detecting CXX compiler ABI info
[1.297s] -- Detecting CXX compiler ABI info - done
[1.301s] -- Check for working CXX compiler: /usr/bin/c++ - skipped
[1.302s] -- Detecting CXX compile features
[1.302s] -- Detecting CXX compile features - done
[1.303s] -- Found ament_cmake: 1.3.12 (/opt/ros/humble/share/ament_cmake/cmake)
[1.402s] -- Found Python3: /usr/bin/python3 (found version "3.10.12") found components: Interpreter 
[1.445s] -- Override CMake install command with custom implementation using symlinks instead of copying resources
[1.459s] -- Found ament_lint_auto: 0.12.14 (/opt/ros/humble/share/ament_lint_auto/cmake)
[1.512s] -- Added test 'copyright' to check source files copyright and LICENSE
[1.514s] -- Added test 'flake8' to check Python code syntax and style conventions
[1.514s] -- Added test 'lint_cmake' to check CMake code style
[1.515s] -- Added test 'pep257' to check Python code against some of the docstring style conventions in PEP 257
[1.516s] -- Added test 'xmllint' to check XML markup files
[1.517s] -- Configuring done
[1.520s] -- Generating done
[1.521s] -- Build files have been written to: /home/calafaker/Control-Formation/ws2/src/build/articubot_one
[1.524s] Invoked command in '/home/calafaker/Control-Formation/ws2/src/build/articubot_one' returned '0': CMAKE_PREFIX_PATH=${CMAKE_PREFIX_PATH}:/opt/ros/humble /usr/bin/cmake /home/calafaker/Control-Formation/ws2/src/articubot_one -DAMENT_CMAKE_SYMLINK_INSTALL=1 -DCMAKE_INSTALL_PREFIX=/home/calafaker/Control-Formation/ws2/src/install/articubot_one
[1.526s] Invoking command in '/home/calafaker/Control-Formation/ws2/src/build/articubot_one': CMAKE_PREFIX_PATH=${CMAKE_PREFIX_PATH}:/opt/ros/humble /usr/bin/cmake --build /home/calafaker/Control-Formation/ws2/src/build/articubot_one -- -j16 -l16
[1.552s] Invoked command in '/home/calafaker/Control-Formation/ws2/src/build/articubot_one' returned '0': CMAKE_PREFIX_PATH=${CMAKE_PREFIX_PATH}:/opt/ros/humble /usr/bin/cmake --build /home/calafaker/Control-Formation/ws2/src/build/articubot_one -- -j16 -l16
[1.559s] Invoking command in '/home/calafaker/Control-Formation/ws2/src/build/articubot_one': CMAKE_PREFIX_PATH=${CMAKE_PREFIX_PATH}:/opt/ros/humble /usr/bin/cmake --install /home/calafaker/Control-Formation/ws2/src/build/articubot_one
[1.564s] -- Install configuration: ""
[1.564s] -- Execute custom install script
[1.565s] -- Symlinking: /home/calafaker/Control-Formation/ws2/src/install/articubot_one/share/articubot_one/launch/launch_sim.launch.py
[1.572s] -- Symlinking: /home/calafaker/Control-Formation/ws2/src/install/articubot_one/share/articubot_one/launch/multi_robot.launch.py
[1.578s] -- Symlinking: /home/calafaker/Control-Formation/ws2/src/install/articubot_one/share/articubot_one/launch/rsp.launch.py
[1.584s] -- Symlinking: /home/calafaker/Control-Formation/ws2/src/install/articubot_one/share/articubot_one/description/gazebo_control.xacro
[1.589s] -- Symlinking: /home/calafaker/Control-Formation/ws2/src/install/articubot_one/share/articubot_one/description/inertial_macros.xacro
[1.596s] -- Symlinking: /home/calafaker/Control-Formation/ws2/src/install/articubot_one/share/articubot_one/description/lidar.xacro
[1.602s] -- Symlinking: /home/calafaker/Control-Formation/ws2/src/install/articubot_one/share/articubot_one/description/robot.urdf.xacro
[1.609s] -- Symlinking: /home/calafaker/Control-Formation/ws2/src/install/articubot_one/share/articubot_one/description/robot_core.xacro
[1.617s] -- Symlinking: /home/calafaker/Control-Formation/ws2/src/install/articubot_one/share/ament_index/resource_index/package_run_dependencies/articubot_one
[1.626s] -- Symlinking: /home/calafaker/Control-Formation/ws2/src/install/articubot_one/share/ament_index/resource_index/parent_prefix_path/articubot_one
[1.633s] -- Symlinking: /home/calafaker/Control-Formation/ws2/src/install/articubot_one/share/articubot_one/environment/ament_prefix_path.sh
[1.640s] -- Symlinking: /home/calafaker/Control-Formation/ws2/src/install/articubot_one/share/articubot_one/environment/ament_prefix_path.dsv
[1.646s] -- Symlinking: /home/calafaker/Control-Formation/ws2/src/install/articubot_one/share/articubot_one/environment/path.sh
[1.652s] -- Symlinking: /home/calafaker/Control-Formation/ws2/src/install/articubot_one/share/articubot_one/environment/path.dsv
[1.658s] -- Symlinking: /home/calafaker/Control-Formation/ws2/src/install/articubot_one/share/articubot_one/local_setup.bash
[1.665s] -- Symlinking: /home/calafaker/Control-Formation/ws2/src/install/articubot_one/share/articubot_one/local_setup.sh
[1.672s] -- Symlinking: /home/calafaker/Control-Formation/ws2/src/install/articubot_one/share/articubot_one/local_setup.zsh
[1.679s] -- Symlinking: /home/calafaker/Control-Formation/ws2/src/install/articubot_one/share/articubot_one/local_setup.dsv
[1.685s] -- Symlinking: /home/calafaker/Control-Formation/ws2/src/install/articubot_one/share/articubot_one/package.dsv
[1.692s] -- Symlinking: /home/calafaker/Control-Formation/ws2/src/install/articubot_one/share/ament_index/resource_index/packages/articubot_one
[1.700s] -- Symlinking: /home/calafaker/Control-Formation/ws2/src/install/articubot_one/share/articubot_one/cmake/articubot_oneConfig.cmake
[1.706s] -- Symlinking: /home/calafaker/Control-Formation/ws2/src/install/articubot_one/share/articubot_one/cmake/articubot_oneConfig-version.cmake
[1.713s] -- Symlinking: /home/calafaker/Control-Formation/ws2/src/install/articubot_one/share/articubot_one/package.xml
[1.723s] Invoked command in '/home/calafaker/Control-Formation/ws2/src/build/articubot_one' returned '0': CMAKE_PREFIX_PATH=${CMAKE_PREFIX_PATH}:/opt/ros/humble /usr/bin/cmake --install /home/calafaker/Control-Formation/ws2/src/build/articubot_one
