[0.795s] Invoking command in '/home/calafaker/Control-Formation/ws3/src/control_nodes': PYTHONPATH=/home/calafaker/Control-Formation/ws3/build/control_nodes/prefix_override:/usr/lib/python3/dist-packages/colcon_core/task/python/colcon_distutils_commands:/home/calafaker/Control-Formation/ws3/install/control_nodes/lib/python3.10/site-packages:${PYTHONPATH} /usr/bin/python3 -W ignore:setup.py install is deprecated -W ignore:easy_install command is deprecated setup.py egg_info --egg-base ../../build/control_nodes build --build-base /home/calafaker/Control-Formation/ws3/build/control_nodes/build install --record /home/calafaker/Control-Formation/ws3/build/control_nodes/install.log --single-version-externally-managed install_data
[0.972s] running egg_info
[0.973s] writing ../../build/control_nodes/control_nodes.egg-info/PKG-INFO
[0.973s] writing dependency_links to ../../build/control_nodes/control_nodes.egg-info/dependency_links.txt
[0.973s] writing entry points to ../../build/control_nodes/control_nodes.egg-info/entry_points.txt
[0.973s] writing requirements to ../../build/control_nodes/control_nodes.egg-info/requires.txt
[0.973s] writing top-level names to ../../build/control_nodes/control_nodes.egg-info/top_level.txt
[0.975s] reading manifest file '../../build/control_nodes/control_nodes.egg-info/SOURCES.txt'
[0.976s] writing manifest file '../../build/control_nodes/control_nodes.egg-info/SOURCES.txt'
[0.976s] running build
[0.977s] running build_py
[0.977s] copying control_nodes/navigate_individual_pva.py -> /home/calafaker/Control-Formation/ws3/build/control_nodes/build/lib/control_nodes
[0.977s] copying control_nodes/algorithms/control_law.py -> /home/calafaker/Control-Formation/ws3/build/control_nodes/build/lib/control_nodes/algorithms
[0.977s] copying control_nodes/algorithms/pva.py -> /home/calafaker/Control-Formation/ws3/build/control_nodes/build/lib/control_nodes/algorithms
[0.978s] running install
[0.978s] running install_lib
[0.979s] copying /home/calafaker/Control-Formation/ws3/build/control_nodes/build/lib/control_nodes/navigate_individual_pva.py -> /home/calafaker/Control-Formation/ws3/install/control_nodes/lib/python3.10/site-packages/control_nodes
[0.979s] copying /home/calafaker/Control-Formation/ws3/build/control_nodes/build/lib/control_nodes/algorithms/control_law.py -> /home/calafaker/Control-Formation/ws3/install/control_nodes/lib/python3.10/site-packages/control_nodes/algorithms
[0.979s] copying /home/calafaker/Control-Formation/ws3/build/control_nodes/build/lib/control_nodes/algorithms/pva.py -> /home/calafaker/Control-Formation/ws3/install/control_nodes/lib/python3.10/site-packages/control_nodes/algorithms
[0.980s] byte-compiling /home/calafaker/Control-Formation/ws3/install/control_nodes/lib/python3.10/site-packages/control_nodes/navigate_individual_pva.py to navigate_individual_pva.cpython-310.pyc
[0.982s] byte-compiling /home/calafaker/Control-Formation/ws3/install/control_nodes/lib/python3.10/site-packages/control_nodes/algorithms/control_law.py to control_law.cpython-310.pyc
[0.982s] byte-compiling /home/calafaker/Control-Formation/ws3/install/control_nodes/lib/python3.10/site-packages/control_nodes/algorithms/pva.py to pva.cpython-310.pyc
[0.983s] running install_data
[0.983s] running install_egg_info
[0.985s] removing '/home/calafaker/Control-Formation/ws3/install/control_nodes/lib/python3.10/site-packages/control_nodes-0.0.0-py3.10.egg-info' (and everything under it)
[0.985s] Copying ../../build/control_nodes/control_nodes.egg-info to /home/calafaker/Control-Formation/ws3/install/control_nodes/lib/python3.10/site-packages/control_nodes-0.0.0-py3.10.egg-info
[0.987s] running install_scripts
[1.000s] Installing consenso_prom_err_R script to /home/calafaker/Control-Formation/ws3/install/control_nodes/lib/control_nodes
[1.001s] Installing consenso_prom_err_notR script to /home/calafaker/Control-Formation/ws3/install/control_nodes/lib/control_nodes
[1.001s] Installing distributed_controller script to /home/calafaker/Control-Formation/ws3/install/control_nodes/lib/control_nodes
[1.001s] Installing navigate_individual script to /home/calafaker/Control-Formation/ws3/install/control_nodes/lib/control_nodes
[1.001s] Installing navigate_individual_pva script to /home/calafaker/Control-Formation/ws3/install/control_nodes/lib/control_nodes
[1.001s] writing list of installed files to '/home/calafaker/Control-Formation/ws3/build/control_nodes/install.log'
[1.025s] Invoked command in '/home/calafaker/Control-Formation/ws3/src/control_nodes' returned '0': PYTHONPATH=/home/calafaker/Control-Formation/ws3/build/control_nodes/prefix_override:/usr/lib/python3/dist-packages/colcon_core/task/python/colcon_distutils_commands:/home/calafaker/Control-Formation/ws3/install/control_nodes/lib/python3.10/site-packages:${PYTHONPATH} /usr/bin/python3 -W ignore:setup.py install is deprecated -W ignore:easy_install command is deprecated setup.py egg_info --egg-base ../../build/control_nodes build --build-base /home/calafaker/Control-Formation/ws3/build/control_nodes/build install --record /home/calafaker/Control-Formation/ws3/build/control_nodes/install.log --single-version-externally-managed install_data
