[0.773s] Invoking command in '/home/calafaker/Control-Formation/ws3/src/control_algorithms': PYTHONPATH=/home/calafaker/Control-Formation/ws3/build/control_algorithms/prefix_override:/usr/lib/python3/dist-packages/colcon_core/task/python/colcon_distutils_commands:/home/calafaker/Control-Formation/ws3/install/control_algorithms/lib/python3.10/site-packages:${PYTHONPATH} /usr/bin/python3 -W ignore:setup.py install is deprecated -W ignore:easy_install command is deprecated setup.py egg_info --egg-base ../../build/control_algorithms build --build-base /home/calafaker/Control-Formation/ws3/build/control_algorithms/build install --record /home/calafaker/Control-Formation/ws3/build/control_algorithms/install.log --single-version-externally-managed install_data
[0.932s] running egg_info
[0.933s] writing ../../build/control_algorithms/control_algorithms.egg-info/PKG-INFO
[0.933s] writing dependency_links to ../../build/control_algorithms/control_algorithms.egg-info/dependency_links.txt
[0.933s] writing entry points to ../../build/control_algorithms/control_algorithms.egg-info/entry_points.txt
[0.933s] writing requirements to ../../build/control_algorithms/control_algorithms.egg-info/requires.txt
[0.933s] writing top-level names to ../../build/control_algorithms/control_algorithms.egg-info/top_level.txt
[0.935s] reading manifest file '../../build/control_algorithms/control_algorithms.egg-info/SOURCES.txt'
[0.936s] writing manifest file '../../build/control_algorithms/control_algorithms.egg-info/SOURCES.txt'
[0.936s] running build
[0.936s] running build_py
[0.936s] running install
[0.936s] running install_lib
[0.938s] running install_data
[0.938s] running install_egg_info
[0.939s] removing '/home/calafaker/Control-Formation/ws3/install/control_algorithms/lib/python3.10/site-packages/control_algorithms-0.0.0-py3.10.egg-info' (and everything under it)
[0.940s] Copying ../../build/control_algorithms/control_algorithms.egg-info to /home/calafaker/Control-Formation/ws3/install/control_algorithms/lib/python3.10/site-packages/control_algorithms-0.0.0-py3.10.egg-info
[0.941s] running install_scripts
[0.956s] Installing multi_controller script to /home/calafaker/Control-Formation/ws3/install/control_algorithms/lib/control_algorithms
[0.956s] writing list of installed files to '/home/calafaker/Control-Formation/ws3/build/control_algorithms/install.log'
[0.980s] Invoked command in '/home/calafaker/Control-Formation/ws3/src/control_algorithms' returned '0': PYTHONPATH=/home/calafaker/Control-Formation/ws3/build/control_algorithms/prefix_override:/usr/lib/python3/dist-packages/colcon_core/task/python/colcon_distutils_commands:/home/calafaker/Control-Formation/ws3/install/control_algorithms/lib/python3.10/site-packages:${PYTHONPATH} /usr/bin/python3 -W ignore:setup.py install is deprecated -W ignore:easy_install command is deprecated setup.py egg_info --egg-base ../../build/control_algorithms build --build-base /home/calafaker/Control-Formation/ws3/build/control_algorithms/build install --record /home/calafaker/Control-Formation/ws3/build/control_algorithms/install.log --single-version-externally-managed install_data
