[0.646s] Invoking command in '/home/calafaker/Control-Formation/ws3/src/simulador': PYTHONPATH=/home/calafaker/Control-Formation/ws3/build/simulador/prefix_override:/usr/lib/python3/dist-packages/colcon_core/task/python/colcon_distutils_commands:/home/calafaker/Control-Formation/ws3/install/simulador/lib/python3.10/site-packages:${PYTHONPATH} /usr/bin/python3 -W ignore:setup.py install is deprecated -W ignore:easy_install command is deprecated setup.py egg_info --egg-base ../../build/simulador build --build-base /home/calafaker/Control-Formation/ws3/build/simulador/build install --record /home/calafaker/Control-Formation/ws3/build/simulador/install.log --single-version-externally-managed install_data
[0.799s] running egg_info
[0.799s] writing ../../build/simulador/simulador.egg-info/PKG-INFO
[0.800s] writing dependency_links to ../../build/simulador/simulador.egg-info/dependency_links.txt
[0.800s] writing entry points to ../../build/simulador/simulador.egg-info/entry_points.txt
[0.800s] writing requirements to ../../build/simulador/simulador.egg-info/requires.txt
[0.800s] writing top-level names to ../../build/simulador/simulador.egg-info/top_level.txt
[0.801s] reading manifest file '../../build/simulador/simulador.egg-info/SOURCES.txt'
[0.802s] writing manifest file '../../build/simulador/simulador.egg-info/SOURCES.txt'
[0.802s] running build
[0.802s] running build_py
[0.802s] copying simulador/AIRE.py -> /home/calafaker/Control-Formation/ws3/build/simulador/build/lib/simulador
[0.803s] running install
[0.803s] running install_lib
[0.803s] copying /home/calafaker/Control-Formation/ws3/build/simulador/build/lib/simulador/AIRE.py -> /home/calafaker/Control-Formation/ws3/install/simulador/lib/python3.10/site-packages/simulador
[0.804s] byte-compiling /home/calafaker/Control-Formation/ws3/install/simulador/lib/python3.10/site-packages/simulador/AIRE.py to AIRE.cpython-310.pyc
[0.804s] running install_data
[0.804s] running install_egg_info
[0.805s] removing '/home/calafaker/Control-Formation/ws3/install/simulador/lib/python3.10/site-packages/simulador-0.0.0-py3.10.egg-info' (and everything under it)
[0.806s] Copying ../../build/simulador/simulador.egg-info to /home/calafaker/Control-Formation/ws3/install/simulador/lib/python3.10/site-packages/simulador-0.0.0-py3.10.egg-info
[0.807s] running install_scripts
[0.823s] writing list of installed files to '/home/calafaker/Control-Formation/ws3/build/simulador/install.log'
[0.838s] Invoked command in '/home/calafaker/Control-Formation/ws3/src/simulador' returned '0': PYTHONPATH=/home/calafaker/Control-Formation/ws3/build/simulador/prefix_override:/usr/lib/python3/dist-packages/colcon_core/task/python/colcon_distutils_commands:/home/calafaker/Control-Formation/ws3/install/simulador/lib/python3.10/site-packages:${PYTHONPATH} /usr/bin/python3 -W ignore:setup.py install is deprecated -W ignore:easy_install command is deprecated setup.py egg_info --egg-base ../../build/simulador build --build-base /home/calafaker/Control-Formation/ws3/build/simulador/build install --record /home/calafaker/Control-Formation/ws3/build/simulador/install.log --single-version-externally-managed install_data
