[0.798s] Invoking command in '/home/calafaker/Control-Formation/ws3/src/control_nodes': AMENT_PREFIX_PATH=/home/calafaker/Control-Formation/ws3/install/multi_robot_interfaces:${AMENT_PREFIX_PATH} CMAKE_PREFIX_PATH=/home/calafaker/Control-Formation/ws3/install/multi_robot_interfaces LD_LIBRARY_PATH=/home/calafaker/Control-Formation/ws3/install/multi_robot_interfaces/lib:${LD_LIBRARY_PATH} PYTHONPATH=/home/calafaker/Control-Formation/ws3/build/control_nodes/prefix_override:/usr/lib/python3/dist-packages/colcon_core/task/python/colcon_distutils_commands:/home/calafaker/Control-Formation/ws3/install/control_nodes/lib/python3.10/site-packages:/home/calafaker/Control-Formation/ws3/install/multi_robot_interfaces/local/lib/python3.10/dist-packages:${PYTHONPATH} /usr/bin/python3 -W ignore:setup.py install is deprecated -W ignore:easy_install command is deprecated setup.py egg_info --egg-base ../../build/control_nodes build --build-base /home/calafaker/Control-Formation/ws3/build/control_nodes/build install --record /home/calafaker/Control-Formation/ws3/build/control_nodes/install.log --single-version-externally-managed install_data
[1.001s] running egg_info
[1.002s] writing ../../build/control_nodes/control_nodes.egg-info/PKG-INFO
[1.002s] writing dependency_links to ../../build/control_nodes/control_nodes.egg-info/dependency_links.txt
[1.003s] writing entry points to ../../build/control_nodes/control_nodes.egg-info/entry_points.txt
[1.003s] writing requirements to ../../build/control_nodes/control_nodes.egg-info/requires.txt
[1.003s] writing top-level names to ../../build/control_nodes/control_nodes.egg-info/top_level.txt
[1.004s] reading manifest file '../../build/control_nodes/control_nodes.egg-info/SOURCES.txt'
[1.005s] writing manifest file '../../build/control_nodes/control_nodes.egg-info/SOURCES.txt'
[1.005s] running build
[1.005s] running build_py
[1.006s] copying control_nodes/navigate_waypoints_pva.py -> /home/calafaker/Control-Formation/ws3/build/control_nodes/build/lib/control_nodes
[1.006s] copying control_nodes/navigate_individual_pva.py -> /home/calafaker/Control-Formation/ws3/build/control_nodes/build/lib/control_nodes
[1.006s] copying control_nodes/consenso_node.py -> /home/calafaker/Control-Formation/ws3/build/control_nodes/build/lib/control_nodes
[1.007s] copying control_nodes/algorithms/pva.py -> /home/calafaker/Control-Formation/ws3/build/control_nodes/build/lib/control_nodes/algorithms
[1.008s] running install
[1.008s] running install_lib
[1.010s] copying /home/calafaker/Control-Formation/ws3/build/control_nodes/build/lib/control_nodes/navigate_waypoints_pva.py -> /home/calafaker/Control-Formation/ws3/install/control_nodes/lib/python3.10/site-packages/control_nodes
[1.010s] copying /home/calafaker/Control-Formation/ws3/build/control_nodes/build/lib/control_nodes/navigate_individual_pva.py -> /home/calafaker/Control-Formation/ws3/install/control_nodes/lib/python3.10/site-packages/control_nodes
[1.011s] copying /home/calafaker/Control-Formation/ws3/build/control_nodes/build/lib/control_nodes/consenso_node.py -> /home/calafaker/Control-Formation/ws3/install/control_nodes/lib/python3.10/site-packages/control_nodes
[1.011s] copying /home/calafaker/Control-Formation/ws3/build/control_nodes/build/lib/control_nodes/algorithms/pva.py -> /home/calafaker/Control-Formation/ws3/install/control_nodes/lib/python3.10/site-packages/control_nodes/algorithms
[1.012s] byte-compiling /home/calafaker/Control-Formation/ws3/install/control_nodes/lib/python3.10/site-packages/control_nodes/navigate_waypoints_pva.py to navigate_waypoints_pva.cpython-310.pyc
[1.013s] byte-compiling /home/calafaker/Control-Formation/ws3/install/control_nodes/lib/python3.10/site-packages/control_nodes/navigate_individual_pva.py to navigate_individual_pva.cpython-310.pyc
[1.014s] byte-compiling /home/calafaker/Control-Formation/ws3/install/control_nodes/lib/python3.10/site-packages/control_nodes/consenso_node.py to consenso_node.cpython-310.pyc
[1.015s] byte-compiling /home/calafaker/Control-Formation/ws3/install/control_nodes/lib/python3.10/site-packages/control_nodes/algorithms/pva.py to pva.cpython-310.pyc
[1.017s] running install_data
[1.017s] running install_egg_info
[1.019s] removing '/home/calafaker/Control-Formation/ws3/install/control_nodes/lib/python3.10/site-packages/control_nodes-0.0.0-py3.10.egg-info' (and everything under it)
[1.019s] Copying ../../build/control_nodes/control_nodes.egg-info to /home/calafaker/Control-Formation/ws3/install/control_nodes/lib/python3.10/site-packages/control_nodes-0.0.0-py3.10.egg-info
[1.020s] running install_scripts
[1.040s] Installing aire script to /home/calafaker/Control-Formation/ws3/install/control_nodes/lib/control_nodes
[1.040s] Installing consenso_node script to /home/calafaker/Control-Formation/ws3/install/control_nodes/lib/control_nodes
[1.040s] Installing navigate_individual_pva script to /home/calafaker/Control-Formation/ws3/install/control_nodes/lib/control_nodes
[1.040s] Installing navigate_waypoints_pva script to /home/calafaker/Control-Formation/ws3/install/control_nodes/lib/control_nodes
[1.041s] writing list of installed files to '/home/calafaker/Control-Formation/ws3/build/control_nodes/install.log'
[1.067s] Invoked command in '/home/calafaker/Control-Formation/ws3/src/control_nodes' returned '0': AMENT_PREFIX_PATH=/home/calafaker/Control-Formation/ws3/install/multi_robot_interfaces:${AMENT_PREFIX_PATH} CMAKE_PREFIX_PATH=/home/calafaker/Control-Formation/ws3/install/multi_robot_interfaces LD_LIBRARY_PATH=/home/calafaker/Control-Formation/ws3/install/multi_robot_interfaces/lib:${LD_LIBRARY_PATH} PYTHONPATH=/home/calafaker/Control-Formation/ws3/build/control_nodes/prefix_override:/usr/lib/python3/dist-packages/colcon_core/task/python/colcon_distutils_commands:/home/calafaker/Control-Formation/ws3/install/control_nodes/lib/python3.10/site-packages:/home/calafaker/Control-Formation/ws3/install/multi_robot_interfaces/local/lib/python3.10/dist-packages:${PYTHONPATH} /usr/bin/python3 -W ignore:setup.py install is deprecated -W ignore:easy_install command is deprecated setup.py egg_info --egg-base ../../build/control_nodes build --build-base /home/calafaker/Control-Formation/ws3/build/control_nodes/build install --record /home/calafaker/Control-Formation/ws3/build/control_nodes/install.log --single-version-externally-managed install_data
