[0.043s] Invoking command in '/home/calafaker/Control-Formation/ws3/build/articubot_one': CMAKE_PREFIX_PATH=${CMAKE_PREFIX_PATH}:/home/calafaker/Control-Formation/ws3/install/control_nodes:/home/calafaker/Control-Formation/ws3/src/install/simulador:/home/calafaker/Control-Formation/ws3/src/install/control_nodes:/home/calafaker/Control-Formation/ws3/src/install/control_algorithms:/home/calafaker/Control-Formation/ws3/install/simulation_pkg:/home/calafaker/Control-Formation/ws3/install/simulador:/home/calafaker/Control-Formation/ws3/install/control_algorithms:/opt/ros/humble /usr/bin/cmake /home/calafaker/Control-Formation/ws3/src/articubot_one -DCMAKE_INSTALL_PREFIX=/home/calafaker/Control-Formation/ws3/install/articubot_one
[0.347s] -- The C compiler identification is GNU 11.4.0
[1.182s] -- The CXX compiler identification is GNU 11.4.0
[1.655s] -- Detecting C compiler ABI info
[1.813s] -- Detecting C compiler ABI info - done
[1.820s] -- Check for working C compiler: /usr/bin/cc - skipped
[1.820s] -- Detecting C compile features
[1.820s] -- Detecting C compile features - done
[1.824s] -- Detecting CXX compiler ABI info
[1.985s] -- Detecting CXX compiler ABI info - done
[1.992s] -- Check for working CXX compiler: /usr/bin/c++ - skipped
[1.992s] -- Detecting CXX compile features
[1.993s] -- Detecting CXX compile features - done
[2.002s] -- Found ament_cmake: 1.3.12 (/opt/ros/humble/share/ament_cmake/cmake)
[2.159s] -- Found Python3: /usr/bin/python3 (found version "3.10.12") found components: Interpreter 
[2.271s] -- Found ament_lint_auto: 0.12.14 (/opt/ros/humble/share/ament_lint_auto/cmake)
[2.358s] -- Added test 'copyright' to check source files copyright and LICENSE
[2.361s] -- Added test 'flake8' to check Python code syntax and style conventions
[2.362s] -- Added test 'lint_cmake' to check CMake code style
[2.363s] -- Added test 'pep257' to check Python code against some of the docstring style conventions in PEP 257
[2.365s] -- Added test 'xmllint' to check XML markup files
[2.367s] -- Configuring done
[2.372s] -- Generating done
[2.374s] -- Build files have been written to: /home/calafaker/Control-Formation/ws3/build/articubot_one
[2.380s] Invoked command in '/home/calafaker/Control-Formation/ws3/build/articubot_one' returned '0': CMAKE_PREFIX_PATH=${CMAKE_PREFIX_PATH}:/home/calafaker/Control-Formation/ws3/install/control_nodes:/home/calafaker/Control-Formation/ws3/src/install/simulador:/home/calafaker/Control-Formation/ws3/src/install/control_nodes:/home/calafaker/Control-Formation/ws3/src/install/control_algorithms:/home/calafaker/Control-Formation/ws3/install/simulation_pkg:/home/calafaker/Control-Formation/ws3/install/simulador:/home/calafaker/Control-Formation/ws3/install/control_algorithms:/opt/ros/humble /usr/bin/cmake /home/calafaker/Control-Formation/ws3/src/articubot_one -DCMAKE_INSTALL_PREFIX=/home/calafaker/Control-Formation/ws3/install/articubot_one
[2.381s] Invoking command in '/home/calafaker/Control-Formation/ws3/build/articubot_one': CMAKE_PREFIX_PATH=${CMAKE_PREFIX_PATH}:/home/calafaker/Control-Formation/ws3/install/control_nodes:/home/calafaker/Control-Formation/ws3/src/install/simulador:/home/calafaker/Control-Formation/ws3/src/install/control_nodes:/home/calafaker/Control-Formation/ws3/src/install/control_algorithms:/home/calafaker/Control-Formation/ws3/install/simulation_pkg:/home/calafaker/Control-Formation/ws3/install/simulador:/home/calafaker/Control-Formation/ws3/install/control_algorithms:/opt/ros/humble /usr/bin/cmake --build /home/calafaker/Control-Formation/ws3/build/articubot_one -- -j16 -l16
[2.419s] Invoked command in '/home/calafaker/Control-Formation/ws3/build/articubot_one' returned '0': CMAKE_PREFIX_PATH=${CMAKE_PREFIX_PATH}:/home/calafaker/Control-Formation/ws3/install/control_nodes:/home/calafaker/Control-Formation/ws3/src/install/simulador:/home/calafaker/Control-Formation/ws3/src/install/control_nodes:/home/calafaker/Control-Formation/ws3/src/install/control_algorithms:/home/calafaker/Control-Formation/ws3/install/simulation_pkg:/home/calafaker/Control-Formation/ws3/install/simulador:/home/calafaker/Control-Formation/ws3/install/control_algorithms:/opt/ros/humble /usr/bin/cmake --build /home/calafaker/Control-Formation/ws3/build/articubot_one -- -j16 -l16
[2.429s] Invoking command in '/home/calafaker/Control-Formation/ws3/build/articubot_one': CMAKE_PREFIX_PATH=${CMAKE_PREFIX_PATH}:/home/calafaker/Control-Formation/ws3/install/control_nodes:/home/calafaker/Control-Formation/ws3/src/install/simulador:/home/calafaker/Control-Formation/ws3/src/install/control_nodes:/home/calafaker/Control-Formation/ws3/src/install/control_algorithms:/home/calafaker/Control-Formation/ws3/install/simulation_pkg:/home/calafaker/Control-Formation/ws3/install/simulador:/home/calafaker/Control-Formation/ws3/install/control_algorithms:/opt/ros/humble /usr/bin/cmake --install /home/calafaker/Control-Formation/ws3/build/articubot_one
[2.436s] -- Install configuration: ""
[2.436s] -- Installing: /home/calafaker/Control-Formation/ws3/install/articubot_one/share/articubot_one/launch
[2.437s] -- Installing: /home/calafaker/Control-Formation/ws3/install/articubot_one/share/articubot_one/launch/launch_sim.launch.py
[2.437s] -- Installing: /home/calafaker/Control-Formation/ws3/install/articubot_one/share/articubot_one/launch/rsp.launch.py
[2.437s] -- Installing: /home/calafaker/Control-Formation/ws3/install/articubot_one/share/articubot_one/launch/multi_robot.launch.py
[2.437s] -- Installing: /home/calafaker/Control-Formation/ws3/install/articubot_one/share/articubot_one/description
[2.438s] -- Installing: /home/calafaker/Control-Formation/ws3/install/articubot_one/share/articubot_one/description/lidar.xacro
[2.438s] -- Installing: /home/calafaker/Control-Formation/ws3/install/articubot_one/share/articubot_one/description/inertial_macros.xacro
[2.438s] -- Installing: /home/calafaker/Control-Formation/ws3/install/articubot_one/share/articubot_one/description/gazebo_control.xacro
[2.439s] -- Installing: /home/calafaker/Control-Formation/ws3/install/articubot_one/share/articubot_one/description/robot_core.xacro
[2.439s] -- Installing: /home/calafaker/Control-Formation/ws3/install/articubot_one/share/articubot_one/description/robot.urdf.xacro
[2.440s] -- Installing: /home/calafaker/Control-Formation/ws3/install/articubot_one/share/ament_index/resource_index/package_run_dependencies/articubot_one
[2.441s] -- Installing: /home/calafaker/Control-Formation/ws3/install/articubot_one/share/ament_index/resource_index/parent_prefix_path/articubot_one
[2.441s] -- Installing: /home/calafaker/Control-Formation/ws3/install/articubot_one/share/articubot_one/environment/ament_prefix_path.sh
[2.441s] -- Installing: /home/calafaker/Control-Formation/ws3/install/articubot_one/share/articubot_one/environment/ament_prefix_path.dsv
[2.441s] -- Installing: /home/calafaker/Control-Formation/ws3/install/articubot_one/share/articubot_one/environment/path.sh
[2.442s] -- Installing: /home/calafaker/Control-Formation/ws3/install/articubot_one/share/articubot_one/environment/path.dsv
[2.442s] -- Installing: /home/calafaker/Control-Formation/ws3/install/articubot_one/share/articubot_one/local_setup.bash
[2.442s] -- Installing: /home/calafaker/Control-Formation/ws3/install/articubot_one/share/articubot_one/local_setup.sh
[2.442s] -- Installing: /home/calafaker/Control-Formation/ws3/install/articubot_one/share/articubot_one/local_setup.zsh
[2.442s] -- Installing: /home/calafaker/Control-Formation/ws3/install/articubot_one/share/articubot_one/local_setup.dsv
[2.442s] -- Installing: /home/calafaker/Control-Formation/ws3/install/articubot_one/share/articubot_one/package.dsv
[2.442s] -- Installing: /home/calafaker/Control-Formation/ws3/install/articubot_one/share/ament_index/resource_index/packages/articubot_one
[2.443s] -- Installing: /home/calafaker/Control-Formation/ws3/install/articubot_one/share/articubot_one/cmake/articubot_oneConfig.cmake
[2.443s] -- Installing: /home/calafaker/Control-Formation/ws3/install/articubot_one/share/articubot_one/cmake/articubot_oneConfig-version.cmake
[2.443s] -- Installing: /home/calafaker/Control-Formation/ws3/install/articubot_one/share/articubot_one/package.xml
[2.446s] Invoked command in '/home/calafaker/Control-Formation/ws3/build/articubot_one' returned '0': CMAKE_PREFIX_PATH=${CMAKE_PREFIX_PATH}:/home/calafaker/Control-Formation/ws3/install/control_nodes:/home/calafaker/Control-Formation/ws3/src/install/simulador:/home/calafaker/Control-Formation/ws3/src/install/control_nodes:/home/calafaker/Control-Formation/ws3/src/install/control_algorithms:/home/calafaker/Control-Formation/ws3/install/simulation_pkg:/home/calafaker/Control-Formation/ws3/install/simulador:/home/calafaker/Control-Formation/ws3/install/control_algorithms:/opt/ros/humble /usr/bin/cmake --install /home/calafaker/Control-Formation/ws3/build/articubot_one
