[0.859s] Invoking command in '/home/calafaker/Control-Formation/ws3/build/simulador': AMENT_PREFIX_PATH=/home/calafaker/Control-Formation/ws3/install/multi_robot_interfaces:${AMENT_PREFIX_PATH} CMAKE_PREFIX_PATH=/home/calafaker/Control-Formation/ws3/install/multi_robot_interfaces LD_LIBRARY_PATH=/home/calafaker/Control-Formation/ws3/install/multi_robot_interfaces/lib:${LD_LIBRARY_PATH} PYTHONPATH=/home/calafaker/Control-Formation/ws3/build/simulador/prefix_override:/usr/lib/python3/dist-packages/colcon_core/task/python/colcon_distutils_commands:/home/calafaker/Control-Formation/ws3/install/simulador/lib/python3.10/site-packages:/home/calafaker/Control-Formation/ws3/install/multi_robot_interfaces/local/lib/python3.10/dist-packages:${PYTHONPATH} /usr/bin/python3 -W ignore:setup.py install is deprecated -W ignore:easy_install command is deprecated setup.py develop --editable --build-directory /home/calafaker/Control-Formation/ws3/build/simulador/build --no-deps symlink_data
[1.050s] running develop
[1.159s] running egg_info
[1.159s] writing simulador.egg-info/PKG-INFO
[1.159s] writing dependency_links to simulador.egg-info/dependency_links.txt
[1.159s] writing entry points to simulador.egg-info/entry_points.txt
[1.159s] writing requirements to simulador.egg-info/requires.txt
[1.159s] writing top-level names to simulador.egg-info/top_level.txt
[1.160s] reading manifest file 'simulador.egg-info/SOURCES.txt'
[1.161s] writing manifest file 'simulador.egg-info/SOURCES.txt'
[1.162s] running build_ext
[1.162s] Creating /home/calafaker/Control-Formation/ws3/install/simulador/lib/python3.10/site-packages/simulador.egg-link (link to .)
[1.163s] Installing aire script to /home/calafaker/Control-Formation/ws3/install/simulador/lib/simulador
[1.163s] Installing pva_plotter script to /home/calafaker/Control-Formation/ws3/install/simulador/lib/simulador
[1.163s] Installing states_plotter script to /home/calafaker/Control-Formation/ws3/install/simulador/lib/simulador
[1.164s] Installing states_plotter_v2 script to /home/calafaker/Control-Formation/ws3/install/simulador/lib/simulador
[1.164s] 
[1.164s] Installed /home/calafaker/Control-Formation/ws3/build/simulador
[1.164s] running symlink_data
[1.186s] Invoked command in '/home/calafaker/Control-Formation/ws3/build/simulador' returned '0': AMENT_PREFIX_PATH=/home/calafaker/Control-Formation/ws3/install/multi_robot_interfaces:${AMENT_PREFIX_PATH} CMAKE_PREFIX_PATH=/home/calafaker/Control-Formation/ws3/install/multi_robot_interfaces LD_LIBRARY_PATH=/home/calafaker/Control-Formation/ws3/install/multi_robot_interfaces/lib:${LD_LIBRARY_PATH} PYTHONPATH=/home/calafaker/Control-Formation/ws3/build/simulador/prefix_override:/usr/lib/python3/dist-packages/colcon_core/task/python/colcon_distutils_commands:/home/calafaker/Control-Formation/ws3/install/simulador/lib/python3.10/site-packages:/home/calafaker/Control-Formation/ws3/install/multi_robot_interfaces/local/lib/python3.10/dist-packages:${PYTHONPATH} /usr/bin/python3 -W ignore:setup.py install is deprecated -W ignore:easy_install command is deprecated setup.py develop --editable --build-directory /home/calafaker/Control-Formation/ws3/build/simulador/build --no-deps symlink_data
