[0.899s] Invoking command in '/home/calafaker/Control-Formation/ws3/src/simulador': PYTHONPATH=/home/calafaker/Control-Formation/ws3/build/simulador/prefix_override:/usr/lib/python3/dist-packages/colcon_core/task/python/colcon_distutils_commands:/home/calafaker/Control-Formation/ws3/install/simulador/lib/python3.10/site-packages:${PYTHONPATH} /usr/bin/python3 -W ignore:setup.py install is deprecated -W ignore:easy_install command is deprecated setup.py egg_info --egg-base ../../build/simulador build --build-base /home/calafaker/Control-Formation/ws3/build/simulador/build install --record /home/calafaker/Control-Formation/ws3/build/simulador/install.log --single-version-externally-managed install_data
[1.085s] running egg_info
[1.085s] writing ../../build/simulador/simulador.egg-info/PKG-INFO
[1.085s] writing dependency_links to ../../build/simulador/simulador.egg-info/dependency_links.txt
[1.086s] writing entry points to ../../build/simulador/simulador.egg-info/entry_points.txt
[1.086s] writing requirements to ../../build/simulador/simulador.egg-info/requires.txt
[1.086s] writing top-level names to ../../build/simulador/simulador.egg-info/top_level.txt
[1.087s] reading manifest file '../../build/simulador/simulador.egg-info/SOURCES.txt'
[1.088s] writing manifest file '../../build/simulador/simulador.egg-info/SOURCES.txt'
[1.089s] running build
[1.089s] running build_py
[1.089s] running install
[1.089s] running install_lib
[1.090s] running install_data
[1.090s] running install_egg_info
[1.091s] removing '/home/calafaker/Control-Formation/ws3/install/simulador/lib/python3.10/site-packages/simulador-0.0.0-py3.10.egg-info' (and everything under it)
[1.091s] Copying ../../build/simulador/simulador.egg-info to /home/calafaker/Control-Formation/ws3/install/simulador/lib/python3.10/site-packages/simulador-0.0.0-py3.10.egg-info
[1.092s] running install_scripts
[1.108s] Installing aire script to /home/calafaker/Control-Formation/ws3/install/simulador/lib/simulador
[1.109s] writing list of installed files to '/home/calafaker/Control-Formation/ws3/build/simulador/install.log'
[1.131s] Invoked command in '/home/calafaker/Control-Formation/ws3/src/simulador' returned '0': PYTHONPATH=/home/calafaker/Control-Formation/ws3/build/simulador/prefix_override:/usr/lib/python3/dist-packages/colcon_core/task/python/colcon_distutils_commands:/home/calafaker/Control-Formation/ws3/install/simulador/lib/python3.10/site-packages:${PYTHONPATH} /usr/bin/python3 -W ignore:setup.py install is deprecated -W ignore:easy_install command is deprecated setup.py egg_info --egg-base ../../build/simulador build --build-base /home/calafaker/Control-Formation/ws3/build/simulador/build install --record /home/calafaker/Control-Formation/ws3/build/simulador/install.log --single-version-externally-managed install_data
