[0.810s] Invoking command in '/home/calafaker/Control-Formation/ws3/build/simulador': PYTHONPATH=/home/calafaker/Control-Formation/ws3/build/simulador/prefix_override:/usr/lib/python3/dist-packages/colcon_core/task/python/colcon_distutils_commands:/home/calafaker/Control-Formation/ws3/install/simulador/lib/python3.10/site-packages:${PYTHONPATH} /usr/bin/python3 -W ignore:setup.py install is deprecated -W ignore:easy_install command is deprecated setup.py develop --editable --build-directory /home/calafaker/Control-Formation/ws3/build/simulador/build --no-deps symlink_data
[0.993s] running develop
[1.110s] running egg_info
[1.110s] writing simulador.egg-info/PKG-INFO
[1.110s] writing dependency_links to simulador.egg-info/dependency_links.txt
[1.110s] writing entry points to simulador.egg-info/entry_points.txt
[1.110s] writing requirements to simulador.egg-info/requires.txt
[1.110s] writing top-level names to simulador.egg-info/top_level.txt
[1.112s] reading manifest file 'simulador.egg-info/SOURCES.txt'
[1.113s] writing manifest file 'simulador.egg-info/SOURCES.txt'
[1.114s] running build_ext
[1.114s] Creating /home/calafaker/Control-Formation/ws3/install/simulador/lib/python3.10/site-packages/simulador.egg-link (link to .)
[1.115s] Installing aire script to /home/calafaker/Control-Formation/ws3/install/simulador/lib/simulador
[1.115s] Installing pva_plotter script to /home/calafaker/Control-Formation/ws3/install/simulador/lib/simulador
[1.115s] Installing states_plotter script to /home/calafaker/Control-Formation/ws3/install/simulador/lib/simulador
[1.115s] Installing states_plotter_v2 script to /home/calafaker/Control-Formation/ws3/install/simulador/lib/simulador
[1.115s] 
[1.115s] Installed /home/calafaker/Control-Formation/ws3/build/simulador
[1.116s] running symlink_data
[1.152s] Invoked command in '/home/calafaker/Control-Formation/ws3/build/simulador' returned '0': PYTHONPATH=/home/calafaker/Control-Formation/ws3/build/simulador/prefix_override:/usr/lib/python3/dist-packages/colcon_core/task/python/colcon_distutils_commands:/home/calafaker/Control-Formation/ws3/install/simulador/lib/python3.10/site-packages:${PYTHONPATH} /usr/bin/python3 -W ignore:setup.py install is deprecated -W ignore:easy_install command is deprecated setup.py develop --editable --build-directory /home/calafaker/Control-Formation/ws3/build/simulador/build --no-deps symlink_data
