[0.606s] Invoking command in '/home/calafaker/Control-Formation/ws3/src/simulador': AMENT_PREFIX_PATH=/home/calafaker/Control-Formation/ws3/install/multi_robot_interfaces:${AMENT_PREFIX_PATH} CMAKE_PREFIX_PATH=/home/calafaker/Control-Formation/ws3/install/multi_robot_interfaces LD_LIBRARY_PATH=/home/calafaker/Control-Formation/ws3/install/multi_robot_interfaces/lib:${LD_LIBRARY_PATH} PYTHONPATH=/home/calafaker/Control-Formation/ws3/build/simulador/prefix_override:/usr/lib/python3/dist-packages/colcon_core/task/python/colcon_distutils_commands:/home/calafaker/Control-Formation/ws3/install/simulador/lib/python3.10/site-packages:/home/calafaker/Control-Formation/ws3/install/multi_robot_interfaces/local/lib/python3.10/dist-packages:${PYTHONPATH} /usr/bin/python3 -W ignore:setup.py install is deprecated -W ignore:easy_install command is deprecated setup.py egg_info --egg-base ../../build/simulador build --build-base /home/calafaker/Control-Formation/ws3/build/simulador/build install --record /home/calafaker/Control-Formation/ws3/build/simulador/install.log --single-version-externally-managed install_data
[0.770s] running egg_info
[0.771s] writing ../../build/simulador/simulador.egg-info/PKG-INFO
[0.771s] writing dependency_links to ../../build/simulador/simulador.egg-info/dependency_links.txt
[0.771s] writing entry points to ../../build/simulador/simulador.egg-info/entry_points.txt
[0.771s] writing requirements to ../../build/simulador/simulador.egg-info/requires.txt
[0.771s] writing top-level names to ../../build/simulador/simulador.egg-info/top_level.txt
[0.772s] reading manifest file '../../build/simulador/simulador.egg-info/SOURCES.txt'
[0.773s] writing manifest file '../../build/simulador/simulador.egg-info/SOURCES.txt'
[0.773s] running build
[0.774s] running build_py
[0.774s] running install
[0.774s] running install_lib
[0.775s] running install_data
[0.775s] copying launch/demo_pva.launch.py -> /home/calafaker/Control-Formation/ws3/install/simulador/share/simulador/launch
[0.775s] running install_egg_info
[0.777s] removing '/home/calafaker/Control-Formation/ws3/install/simulador/lib/python3.10/site-packages/simulador-0.0.0-py3.10.egg-info' (and everything under it)
[0.778s] Copying ../../build/simulador/simulador.egg-info to /home/calafaker/Control-Formation/ws3/install/simulador/lib/python3.10/site-packages/simulador-0.0.0-py3.10.egg-info
[0.779s] running install_scripts
[0.794s] Installing aire script to /home/calafaker/Control-Formation/ws3/install/simulador/lib/simulador
[0.794s] Installing pva_plotter script to /home/calafaker/Control-Formation/ws3/install/simulador/lib/simulador
[0.794s] Installing states_plotter_v2 script to /home/calafaker/Control-Formation/ws3/install/simulador/lib/simulador
[0.795s] writing list of installed files to '/home/calafaker/Control-Formation/ws3/build/simulador/install.log'
[0.808s] Invoked command in '/home/calafaker/Control-Formation/ws3/src/simulador' returned '0': AMENT_PREFIX_PATH=/home/calafaker/Control-Formation/ws3/install/multi_robot_interfaces:${AMENT_PREFIX_PATH} CMAKE_PREFIX_PATH=/home/calafaker/Control-Formation/ws3/install/multi_robot_interfaces LD_LIBRARY_PATH=/home/calafaker/Control-Formation/ws3/install/multi_robot_interfaces/lib:${LD_LIBRARY_PATH} PYTHONPATH=/home/calafaker/Control-Formation/ws3/build/simulador/prefix_override:/usr/lib/python3/dist-packages/colcon_core/task/python/colcon_distutils_commands:/home/calafaker/Control-Formation/ws3/install/simulador/lib/python3.10/site-packages:/home/calafaker/Control-Formation/ws3/install/multi_robot_interfaces/local/lib/python3.10/dist-packages:${PYTHONPATH} /usr/bin/python3 -W ignore:setup.py install is deprecated -W ignore:easy_install command is deprecated setup.py egg_info --egg-base ../../build/simulador build --build-base /home/calafaker/Control-Formation/ws3/build/simulador/build install --record /home/calafaker/Control-Formation/ws3/build/simulador/install.log --single-version-externally-managed install_data
