[0.010s] Invoking command in '/home/calafaker/Control-Formation/build/articubot_one': CMAKE_PREFIX_PATH=${CMAKE_PREFIX_PATH}:/home/calafaker/Control-Formation/ws/install/simulation_pkg:/home/calafaker/Control-Formation/ws/install/main_simulation:/opt/ros/humble /usr/bin/cmake --build /home/calafaker/Control-Formation/build/articubot_one -- -j16 -l16
[0.035s] Invoked command in '/home/calafaker/Control-Formation/build/articubot_one' returned '0': CMAKE_PREFIX_PATH=${CMAKE_PREFIX_PATH}:/home/calafaker/Control-Formation/ws/install/simulation_pkg:/home/calafaker/Control-Formation/ws/install/main_simulation:/opt/ros/humble /usr/bin/cmake --build /home/calafaker/Control-Formation/build/articubot_one -- -j16 -l16
[0.043s] Invoking command in '/home/calafaker/Control-Formation/build/articubot_one': CMAKE_PREFIX_PATH=${CMAKE_PREFIX_PATH}:/home/calafaker/Control-Formation/ws/install/simulation_pkg:/home/calafaker/Control-Formation/ws/install/main_simulation:/opt/ros/humble /usr/bin/cmake --install /home/calafaker/Control-Formation/build/articubot_one
[0.048s] -- Install configuration: ""
[0.048s] -- Execute custom install script
[0.048s] -- Up-to-date symlink: /home/calafaker/Control-Formation/install/articubot_one/share/articubot_one/launch/launch_sim.launch.py
[0.049s] -- Up-to-date symlink: /home/calafaker/Control-Formation/install/articubot_one/share/articubot_one/launch/multi_robot.launch.py
[0.049s] -- Up-to-date symlink: /home/calafaker/Control-Formation/install/articubot_one/share/articubot_one/launch/rsp.launch.py
[0.049s] -- Up-to-date symlink: /home/calafaker/Control-Formation/install/articubot_one/share/ament_index/resource_index/package_run_dependencies/articubot_one
[0.049s] -- Up-to-date symlink: /home/calafaker/Control-Formation/install/articubot_one/share/ament_index/resource_index/parent_prefix_path/articubot_one
[0.049s] -- Up-to-date symlink: /home/calafaker/Control-Formation/install/articubot_one/share/articubot_one/environment/ament_prefix_path.sh
[0.049s] -- Up-to-date symlink: /home/calafaker/Control-Formation/install/articubot_one/share/articubot_one/environment/ament_prefix_path.dsv
[0.050s] -- Up-to-date symlink: /home/calafaker/Control-Formation/install/articubot_one/share/articubot_one/environment/path.sh
[0.050s] -- Up-to-date symlink: /home/calafaker/Control-Formation/install/articubot_one/share/articubot_one/environment/path.dsv
[0.050s] -- Up-to-date symlink: /home/calafaker/Control-Formation/install/articubot_one/share/articubot_one/local_setup.bash
[0.050s] -- Up-to-date symlink: /home/calafaker/Control-Formation/install/articubot_one/share/articubot_one/local_setup.sh
[0.050s] -- Up-to-date symlink: /home/calafaker/Control-Formation/install/articubot_one/share/articubot_one/local_setup.zsh
[0.050s] -- Up-to-date symlink: /home/calafaker/Control-Formation/install/articubot_one/share/articubot_one/local_setup.dsv
[0.050s] -- Symlinking: /home/calafaker/Control-Formation/install/articubot_one/share/articubot_one/package.dsv
[0.056s] -- Up-to-date symlink: /home/calafaker/Control-Formation/install/articubot_one/share/ament_index/resource_index/packages/articubot_one
[0.056s] -- Up-to-date symlink: /home/calafaker/Control-Formation/install/articubot_one/share/articubot_one/cmake/articubot_oneConfig.cmake
[0.056s] -- Up-to-date symlink: /home/calafaker/Control-Formation/install/articubot_one/share/articubot_one/cmake/articubot_oneConfig-version.cmake
[0.057s] -- Up-to-date symlink: /home/calafaker/Control-Formation/install/articubot_one/share/articubot_one/package.xml
[0.058s] Invoked command in '/home/calafaker/Control-Formation/build/articubot_one' returned '0': CMAKE_PREFIX_PATH=${CMAKE_PREFIX_PATH}:/home/calafaker/Control-Formation/ws/install/simulation_pkg:/home/calafaker/Control-Formation/ws/install/main_simulation:/opt/ros/humble /usr/bin/cmake --install /home/calafaker/Control-Formation/build/articubot_one
