[0.600s] Invoking command in '/home/calafaker/Control-Formation/ws3/build/control_nodes': AMENT_PREFIX_PATH=/home/calafaker/Control-Formation/ws3/install/multi_robot_interfaces:${AMENT_PREFIX_PATH} CMAKE_PREFIX_PATH=/home/calafaker/Control-Formation/ws3/install/multi_robot_interfaces LD_LIBRARY_PATH=/home/calafaker/Control-Formation/ws3/install/multi_robot_interfaces/lib:${LD_LIBRARY_PATH} PYTHONPATH=/home/calafaker/Control-Formation/ws3/build/control_nodes/prefix_override:/usr/lib/python3/dist-packages/colcon_core/task/python/colcon_distutils_commands:/home/calafaker/Control-Formation/ws3/install/control_nodes/lib/python3.10/site-packages:/home/calafaker/Control-Formation/ws3/install/multi_robot_interfaces/local/lib/python3.10/dist-packages:${PYTHONPATH} /usr/bin/python3 -W ignore:setup.py install is deprecated -W ignore:easy_install command is deprecated setup.py develop --editable --build-directory /home/calafaker/Control-Formation/ws3/build/control_nodes/build --no-deps symlink_data --force
[0.770s] running develop
[0.864s] running egg_info
[0.864s] writing control_nodes.egg-info/PKG-INFO
[0.865s] writing dependency_links to control_nodes.egg-info/dependency_links.txt
[0.865s] writing entry points to control_nodes.egg-info/entry_points.txt
[0.865s] writing requirements to control_nodes.egg-info/requires.txt
[0.865s] writing top-level names to control_nodes.egg-info/top_level.txt
[0.866s] reading manifest file 'control_nodes.egg-info/SOURCES.txt'
[0.867s] writing manifest file 'control_nodes.egg-info/SOURCES.txt'
[0.868s] running build_ext
[0.868s] Creating /home/calafaker/Control-Formation/ws3/install/control_nodes/lib/python3.10/site-packages/control-nodes.egg-link (link to .)
[0.869s] Installing aire script to /home/calafaker/Control-Formation/ws3/install/control_nodes/lib/control_nodes
[0.869s] Installing consenso_formacion_node script to /home/calafaker/Control-Formation/ws3/install/control_nodes/lib/control_nodes
[0.869s] Installing consenso_lider_node script to /home/calafaker/Control-Formation/ws3/install/control_nodes/lib/control_nodes
[0.870s] Installing consenso_prom_err script to /home/calafaker/Control-Formation/ws3/install/control_nodes/lib/control_nodes
[0.870s] Installing consenso_prom_err_R script to /home/calafaker/Control-Formation/ws3/install/control_nodes/lib/control_nodes
[0.870s] Installing distributed_controller script to /home/calafaker/Control-Formation/ws3/install/control_nodes/lib/control_nodes
[0.870s] Installing navigate_individual script to /home/calafaker/Control-Formation/ws3/install/control_nodes/lib/control_nodes
[0.870s] Installing navigate_individual_pva script to /home/calafaker/Control-Formation/ws3/install/control_nodes/lib/control_nodes
[0.870s] Installing navigate_waypoints_pva script to /home/calafaker/Control-Formation/ws3/install/control_nodes/lib/control_nodes
[0.870s] 
[0.870s] Installed /home/calafaker/Control-Formation/ws3/build/control_nodes
[0.870s] running symlink_data
[0.871s] symbolically linking /home/calafaker/Control-Formation/ws3/build/control_nodes/resource/control_nodes -> /home/calafaker/Control-Formation/ws3/install/control_nodes/share/ament_index/resource_index/packages
[0.871s] symbolically linking /home/calafaker/Control-Formation/ws3/build/control_nodes/package.xml -> /home/calafaker/Control-Formation/ws3/install/control_nodes/share/control_nodes
[0.892s] Invoked command in '/home/calafaker/Control-Formation/ws3/build/control_nodes' returned '0': AMENT_PREFIX_PATH=/home/calafaker/Control-Formation/ws3/install/multi_robot_interfaces:${AMENT_PREFIX_PATH} CMAKE_PREFIX_PATH=/home/calafaker/Control-Formation/ws3/install/multi_robot_interfaces LD_LIBRARY_PATH=/home/calafaker/Control-Formation/ws3/install/multi_robot_interfaces/lib:${LD_LIBRARY_PATH} PYTHONPATH=/home/calafaker/Control-Formation/ws3/build/control_nodes/prefix_override:/usr/lib/python3/dist-packages/colcon_core/task/python/colcon_distutils_commands:/home/calafaker/Control-Formation/ws3/install/control_nodes/lib/python3.10/site-packages:/home/calafaker/Control-Formation/ws3/install/multi_robot_interfaces/local/lib/python3.10/dist-packages:${PYTHONPATH} /usr/bin/python3 -W ignore:setup.py install is deprecated -W ignore:easy_install command is deprecated setup.py develop --editable --build-directory /home/calafaker/Control-Formation/ws3/build/control_nodes/build --no-deps symlink_data --force
