[0.788s] Invoking command in '/home/calafaker/Control-Formation/ws3/src/simulador': PYTHONPATH=/home/calafaker/Control-Formation/ws3/build/simulador/prefix_override:/usr/lib/python3/dist-packages/colcon_core/task/python/colcon_distutils_commands:/home/calafaker/Control-Formation/ws3/install/simulador/lib/python3.10/site-packages:${PYTHONPATH} /usr/bin/python3 -W ignore:setup.py install is deprecated -W ignore:easy_install command is deprecated setup.py egg_info --egg-base ../../build/simulador build --build-base /home/calafaker/Control-Formation/ws3/build/simulador/build install --record /home/calafaker/Control-Formation/ws3/build/simulador/install.log --single-version-externally-managed install_data
[0.964s] running egg_info
[0.965s] writing ../../build/simulador/simulador.egg-info/PKG-INFO
[0.965s] writing dependency_links to ../../build/simulador/simulador.egg-info/dependency_links.txt
[0.965s] writing entry points to ../../build/simulador/simulador.egg-info/entry_points.txt
[0.965s] writing requirements to ../../build/simulador/simulador.egg-info/requires.txt
[0.965s] writing top-level names to ../../build/simulador/simulador.egg-info/top_level.txt
[0.967s] reading manifest file '../../build/simulador/simulador.egg-info/SOURCES.txt'
[0.968s] writing manifest file '../../build/simulador/simulador.egg-info/SOURCES.txt'
[0.968s] running build
[0.968s] running build_py
[0.968s] copying simulador/states_plotter_v2.py -> /home/calafaker/Control-Formation/ws3/build/simulador/build/lib/simulador
[0.969s] running install
[0.969s] running install_lib
[0.970s] copying /home/calafaker/Control-Formation/ws3/build/simulador/build/lib/simulador/states_plotter_v2.py -> /home/calafaker/Control-Formation/ws3/install/simulador/lib/python3.10/site-packages/simulador
[0.971s] byte-compiling /home/calafaker/Control-Formation/ws3/install/simulador/lib/python3.10/site-packages/simulador/states_plotter_v2.py to states_plotter_v2.cpython-310.pyc
[0.977s] running install_data
[0.978s] copying launch/vs_formacion.launch.py -> /home/calafaker/Control-Formation/ws3/install/simulador/share/simulador/launch
[0.978s] copying launch/vs_formacion_noble.launch.py -> /home/calafaker/Control-Formation/ws3/install/simulador/share/simulador/launch
[0.979s] running install_egg_info
[0.980s] removing '/home/calafaker/Control-Formation/ws3/install/simulador/lib/python3.10/site-packages/simulador-0.0.0-py3.10.egg-info' (and everything under it)
[0.980s] Copying ../../build/simulador/simulador.egg-info to /home/calafaker/Control-Formation/ws3/install/simulador/lib/python3.10/site-packages/simulador-0.0.0-py3.10.egg-info
[0.981s] running install_scripts
[0.995s] Installing aire script to /home/calafaker/Control-Formation/ws3/install/simulador/lib/simulador
[0.995s] Installing camera_zoom script to /home/calafaker/Control-Formation/ws3/install/simulador/lib/simulador
[0.995s] Installing gif_recorder script to /home/calafaker/Control-Formation/ws3/install/simulador/lib/simulador
[0.996s] Installing pva_plotter script to /home/calafaker/Control-Formation/ws3/install/simulador/lib/simulador
[0.996s] Installing sphere_demo script to /home/calafaker/Control-Formation/ws3/install/simulador/lib/simulador
[0.996s] Installing states_plotter_v2 script to /home/calafaker/Control-Formation/ws3/install/simulador/lib/simulador
[0.996s] Installing vs_node script to /home/calafaker/Control-Formation/ws3/install/simulador/lib/simulador
[0.996s] writing list of installed files to '/home/calafaker/Control-Formation/ws3/build/simulador/install.log'
[1.013s] Invoked command in '/home/calafaker/Control-Formation/ws3/src/simulador' returned '0': PYTHONPATH=/home/calafaker/Control-Formation/ws3/build/simulador/prefix_override:/usr/lib/python3/dist-packages/colcon_core/task/python/colcon_distutils_commands:/home/calafaker/Control-Formation/ws3/install/simulador/lib/python3.10/site-packages:${PYTHONPATH} /usr/bin/python3 -W ignore:setup.py install is deprecated -W ignore:easy_install command is deprecated setup.py egg_info --egg-base ../../build/simulador build --build-base /home/calafaker/Control-Formation/ws3/build/simulador/build install --record /home/calafaker/Control-Formation/ws3/build/simulador/install.log --single-version-externally-managed install_data
