[0.670s] Invoking command in '/home/calafaker/Control-Formation/ws3/build/control_nodes': PYTHONPATH=/home/calafaker/Control-Formation/ws3/build/control_nodes/prefix_override:/usr/lib/python3/dist-packages/colcon_core/task/python/colcon_distutils_commands:/home/calafaker/Control-Formation/ws3/install/control_nodes/lib/python3.10/site-packages:${PYTHONPATH} /usr/bin/python3 -W ignore:setup.py install is deprecated -W ignore:easy_install command is deprecated setup.py develop --editable --build-directory /home/calafaker/Control-Formation/ws3/build/control_nodes/build --no-deps symlink_data
[0.852s] running develop
[0.956s] running egg_info
[0.956s] writing control_nodes.egg-info/PKG-INFO
[0.956s] writing dependency_links to control_nodes.egg-info/dependency_links.txt
[0.956s] writing entry points to control_nodes.egg-info/entry_points.txt
[0.956s] writing requirements to control_nodes.egg-info/requires.txt
[0.956s] writing top-level names to control_nodes.egg-info/top_level.txt
[0.958s] reading manifest file 'control_nodes.egg-info/SOURCES.txt'
[0.958s] writing manifest file 'control_nodes.egg-info/SOURCES.txt'
[0.959s] running build_ext
[0.960s] Creating /home/calafaker/Control-Formation/ws3/install/control_nodes/lib/python3.10/site-packages/control-nodes.egg-link (link to .)
[0.960s] Installing aire script to /home/calafaker/Control-Formation/ws3/install/control_nodes/lib/control_nodes
[0.960s] Installing consenso_formacion_node script to /home/calafaker/Control-Formation/ws3/install/control_nodes/lib/control_nodes
[0.961s] Installing consenso_lider_node script to /home/calafaker/Control-Formation/ws3/install/control_nodes/lib/control_nodes
[0.961s] Installing consenso_node script to /home/calafaker/Control-Formation/ws3/install/control_nodes/lib/control_nodes
[0.961s] Installing consenso_prom_err script to /home/calafaker/Control-Formation/ws3/install/control_nodes/lib/control_nodes
[0.961s] Installing consenso_prom_err_R script to /home/calafaker/Control-Formation/ws3/install/control_nodes/lib/control_nodes
[0.961s] Installing distributed_controller script to /home/calafaker/Control-Formation/ws3/install/control_nodes/lib/control_nodes
[0.961s] Installing navigate_individual script to /home/calafaker/Control-Formation/ws3/install/control_nodes/lib/control_nodes
[0.961s] Installing navigate_individual_pva script to /home/calafaker/Control-Formation/ws3/install/control_nodes/lib/control_nodes
[0.962s] Installing navigate_waypoints_pva script to /home/calafaker/Control-Formation/ws3/install/control_nodes/lib/control_nodes
[0.962s] 
[0.962s] Installed /home/calafaker/Control-Formation/ws3/build/control_nodes
[0.962s] running symlink_data
[0.980s] Invoked command in '/home/calafaker/Control-Formation/ws3/build/control_nodes' returned '0': PYTHONPATH=/home/calafaker/Control-Formation/ws3/build/control_nodes/prefix_override:/usr/lib/python3/dist-packages/colcon_core/task/python/colcon_distutils_commands:/home/calafaker/Control-Formation/ws3/install/control_nodes/lib/python3.10/site-packages:${PYTHONPATH} /usr/bin/python3 -W ignore:setup.py install is deprecated -W ignore:easy_install command is deprecated setup.py develop --editable --build-directory /home/calafaker/Control-Formation/ws3/build/control_nodes/build --no-deps symlink_data
